
> @criztec/website@1.0.0 build C:\Users\Vimal Hari\Projects\websites\criztec
> astro build

[2m11:55:05[22m [34m[@astrojs/cloudflare][39m Enabling sessions with Cloudflare KV with the "SESSION" KV binding.
[2m11:55:05[22m [34m[@astrojs/cloudflare][39m If you see the error "Invalid binding `SESSION`" in your build output, you need to add the binding to your wrangler config file.
[2m11:55:05[22m [34m[criztec][39m Criztec `./src/config.yaml` has been loaded.
[2m11:55:14[22m [34m[content][39m Syncing content
[2m11:55:14[22m [34m[content][39m Synced content
[2m11:55:14[22m [34m[types][39m Generated [2m9.58s[22m
[2m11:55:14[22m [34m[build][39m output: [34m"static"[39m
[2m11:55:14[22m [34m[build][39m mode: [34m"server"[39m
[2m11:55:14[22m [34m[build][39m directory: [34mC:\Users\Vimal Hari\Projects\websites\criztec\dist\[39m
[2m11:55:14[22m [34m[build][39m adapter: [32m@astrojs/cloudflare[39m
[2m11:55:14[22m [34m[build][39m Collecting build info...
[2m11:55:14[22m [34m[build][39m [32mÔ£ô Completed in 9.85s.[39m
[2m11:55:16[22m [34m[build][39m Building server entrypoints...
[2m11:55:28[22m [34m[vite][39m [32mÔ£ô built in 11.86s[39m
[2m11:55:28[22m [34m[build][39m [32mÔ£ô Completed in 11.92s.[39m

[42m[30m building client (vite) [39m[49m
[2m11:55:28[22m [34m[vite][39m transforming...
[2m11:55:28[22m [34m[vite][39m [32mÔ£ô[39m 8 modules transformed.
[2m11:55:28[22m [34m[vite][39m rendering chunks...
[2m11:55:28[22m [34m[vite][39m computing gzip size...
[2m11:55:28[22m [34m[vite][39m [2mdist/[22m[36m_astro/CookieConsent.astro_astro_type_script_index_0_lang.BYXBQEj4.js  [39m[1m[2m 0.12 kB[22m[1m[22m[2m Ôöé gzip:  0.13 kB[22m
[2m11:55:28[22m [34m[vite][39m [2mdist/[22m[36m_astro/index.astro_astro_type_script_index_0_lang.D55_kHt8.js          [39m[1m[2m 0.29 kB[22m[1m[22m[2m Ôöé gzip:  0.21 kB[22m
[2m11:55:28[22m [34m[vite][39m [2mdist/[22m[36m_astro/CookieConsentConfig.CcZ4NeZy.js                                 [39m[1m[2m24.39 kB[22m[1m[22m[2m Ôöé gzip: 10.96 kB[22m
[2m11:55:28[22m [34m[vite][39m [32mÔ£ô built in 194ms[39m

[42m[30m prerendering static routes [39m[49m
[2m11:55:28[22m [32mÔûÂ[39m src/pages/404.astro
[2m11:55:28[22m   [34mÔööÔöÇ[39m [2m/404.html[22m [2m(+43ms)[22m 
[2m11:55:28[22m [32mÔûÂ[39m src/pages/about.astro
[2m11:55:28[22m   [34mÔööÔöÇ[39m [2m/about/index.html[22m [2m(+267ms)[22m 
[2m11:55:29[22m [32mÔûÂ[39m src/pages/astro-site.astro
[2m11:55:29[22m   [34mÔööÔöÇ[39m [2m/astro-site/index.html[22m [2m(+235ms)[22m 
[2m11:55:29[22m [32mÔûÂ[39m src/pages/business-automation.astro
[2m11:55:29[22m   [34mÔööÔöÇ[39m [2m/business-automation/index.html[22m [2m(+157ms)[22m 
[2m11:55:29[22m [32mÔûÂ[39m src/pages/careers/[id].astro
[2m11:55:29[22m   [34mÔö£ÔöÇ[39m [2m/careers/dev-django-001.md/index.html[22m [2m(+80ms)[22m 
[2m11:55:29[22m   [34mÔö£ÔöÇ[39m [2m/careers/dev-ruby-on-rails-001.md/index.html[22m [2m(+74ms)[22m 
[2m11:55:29[22m   [34mÔö£ÔöÇ[39m [2m/careers/digital-marketing-001.md/index.html[22m [2m(+72ms)[22m 
[2m11:55:29[22m   [34mÔööÔöÇ[39m [2m/careers/fullstack-astro-dev-001.md/index.html[22m [2m(+63ms)[22m 
[2m11:55:29[22m [32mÔûÂ[39m src/pages/careers.astro
[2m11:55:29[22m   [34mÔööÔöÇ[39m [2m/careers/index.html[22m [2m(+84ms)[22m 
[2m11:55:29[22m [32mÔûÂ[39m src/pages/case-studies/[slug].astro
[2m11:55:29[22m   [34mÔö£ÔöÇ[39m [2m/case-studies/crizone-business-centre/index.html[22m [2m(+124ms)[22m 
[2m11:55:29[22m   [34mÔö£ÔöÇ[39m [2m/case-studies/emerald-atelier/index.html[22m [2m(+101ms)[22m 
[2m11:55:30[22m   [34mÔö£ÔöÇ[39m [2m/case-studies/home-mortgages/index.html[22m [2m(+88ms)[22m 
[2m11:55:30[22m   [34mÔö£ÔöÇ[39m [2m/case-studies/lamek-interiors/index.html[22m [2m(+86ms)[22m 
[2m11:55:30[22m   [34mÔööÔöÇ[39m [2m/case-studies/oppenheim-fd/index.html[22m [2m(+101ms)[22m 
[2m11:55:30[22m [32mÔûÂ[39m src/pages/case-studies.astro
[2m11:55:30[22m   [34mÔööÔöÇ[39m [2m/case-studies/index.html[22m [2m(+94ms)[22m 
[2m11:55:30[22m [32mÔûÂ[39m src/pages/contact.astro
[2m11:55:30[22m   [34mÔööÔöÇ[39m [2m/contact/index.html[22m [2m(+83ms)[22m 
[2m11:55:30[22m [32mÔûÂ[39m src/pages/content-marketing.astro
[2m11:55:30[22m   [34mÔööÔöÇ[39m [2m/content-marketing/index.html[22m [2m(+375ms)[22m 
[2m11:55:30[22m [32mÔûÂ[39m src/pages/digital-marketing.astro
[2m11:55:30[22m   [34mÔööÔöÇ[39m [2m/digital-marketing/index.html[22m [2m(+255ms)[22m 
[2m11:55:31[22m [32mÔûÂ[39m src/pages/django-development.astro
[2m11:55:31[22m   [34mÔööÔöÇ[39m [2m/django-development/index.html[22m [2m(+151ms)[22m 
[2m11:55:31[22m [32mÔûÂ[39m src/pages/it-support.astro
[2m11:55:31[22m   [34mÔööÔöÇ[39m [2m/it-support/index.html[22m [2m(+279ms)[22m 
[2m11:55:31[22m [35m╬╗[39m src/pages/llms-full.txt.ts
[2m11:55:31[22m   [34mÔööÔöÇ[39m [2m/llms-full.txt[22m [2m(+29ms)[22m 
[2m11:55:31[22m [35m╬╗[39m src/pages/llms.txt.ts
[2m11:55:31[22m   [34mÔööÔöÇ[39m [2m/llms.txt[22m [2m(+13ms)[22m 
[2m11:55:31[22m [32mÔûÂ[39m src/pages/locations/[city]/website-development.astro
[2m11:55:31[22m   [34mÔö£ÔöÇ[39m [2m/locations/slough/website-development/index.html[22m [2m(+242ms)[22m 
[2m11:55:31[22m   [34mÔö£ÔöÇ[39m [2m/locations/windsor/website-development/index.html[22m [2m(+193ms)[22m 
[2m11:55:32[22m   [34mÔö£ÔöÇ[39m [2m/locations/reading/website-development/index.html[22m [2m(+235ms)[22m 
[2m11:55:32[22m   [34mÔö£ÔöÇ[39m [2m/locations/maidenhead/website-development/index.html[22m [2m(+201ms)[22m 
[2m11:55:32[22m   [34mÔö£ÔöÇ[39m [2m/locations/bracknell/website-development/index.html[22m [2m(+234ms)[22m 
[2m11:55:32[22m   [34mÔö£ÔöÇ[39m [2m/locations/high-wycombe/website-development/index.html[22m [2m(+232ms)[22m 
[2m11:55:33[22m   [34mÔö£ÔöÇ[39m [2m/locations/uxbridge/website-development/index.html[22m [2m(+245ms)[22m 
[2m11:55:33[22m   [34mÔö£ÔöÇ[39m [2m/locations/heathrow/website-development/index.html[22m [2m(+205ms)[22m 
[2m11:55:33[22m   [34mÔö£ÔöÇ[39m [2m/locations/staines-upon-thames/website-development/index.html[22m [2m(+234ms)[22m 
[2m11:55:33[22m   [34mÔööÔöÇ[39m [2m/locations/egham/website-development/index.html[22m [2m(+213ms)[22m 
[2m11:55:33[22m [32mÔûÂ[39m src/pages/logo-design.astro
[2m11:55:33[22m   [34mÔööÔöÇ[39m [2m/logo-design/index.html[22m [2m(+415ms)[22m 
[2m11:55:34[22m [32mÔûÂ[39m src/pages/mobile-app.astro
[2m11:55:34[22m   [34mÔööÔöÇ[39m [2m/mobile-app/index.html[22m [2m(+162ms)[22m 
[2m11:55:34[22m [32mÔûÂ[39m src/pages/pricing.astro
[2m11:55:34[22m   [34mÔööÔöÇ[39m [2m/pricing/index.html[22m [2m(+126ms)[22m 
[2m11:55:34[22m [32mÔûÂ[39m src/pages/privacy.md
[2m11:55:34[22m   [34mÔööÔöÇ[39m [2m/privacy/index.html[22m [2m(+69ms)[22m 
[2m11:55:34[22m [35m╬╗[39m src/pages/rss.xml.ts
[2m11:55:34[22m   [34mÔööÔöÇ[39m [2m/rss.xml[22m [2m(+45ms)[22m 
[2m11:55:34[22m [32mÔûÂ[39m src/pages/ruby-on-rails-development.astro
[2m11:55:34[22m   [34mÔööÔöÇ[39m [2m/ruby-on-rails-development/index.html[22m [2m(+136ms)[22m 
[2m11:55:34[22m [32mÔûÂ[39m src/pages/seo.astro
[2m11:55:34[22m   [34mÔööÔöÇ[39m [2m/seo/index.html[22m [2m(+155ms)[22m 
[2m11:55:35[22m [32mÔûÂ[39m src/pages/services.astro
[2m11:55:35[22m   [34mÔööÔöÇ[39m [2m/services/index.html[22m [2m(+93ms)[22m 
[2m11:55:35[22m [35m╬╗[39m src/pages/sitemap-enhanced.xml.ts
[2m11:55:35[22m   [34mÔööÔöÇ[39m [2m/sitemap-enhanced.xml[22m [2m(+6ms)[22m 
[2m11:55:35[22m [32mÔûÂ[39m src/pages/socialmedia-marketing.astro
[2m11:55:35[22m   [34mÔööÔöÇ[39m [2m/socialmedia-marketing/index.html[22m [2m(+153ms)[22m 
[2m11:55:35[22m [32mÔûÂ[39m src/pages/terms.md
[2m11:55:35[22m   [34mÔööÔöÇ[39m [2m/terms/index.html[22m [2m(+64ms)[22m 
[2m11:55:35[22m [32mÔûÂ[39m src/pages/web-app-development.astro
[2m11:55:35[22m   [34mÔööÔöÇ[39m [2m/web-app-development/index.html[22m [2m(+124ms)[22m 
[2m11:55:35[22m [32mÔûÂ[39m src/pages/web-design.astro
[2m11:55:35[22m   [34mÔööÔöÇ[39m [2m/web-design/index.html[22m [2m(+8ms)[22m 
[2m11:55:35[22m [32mÔûÂ[39m src/pages/web-development/[city].astro
[2m11:55:35[22m   [34mÔö£ÔöÇ[39m [2m/web-development/slough/index.html[22m [2m(+12ms)[22m 
[2m11:55:35[22m   [34mÔö£ÔöÇ[39m [2m/web-development/windsor/index.html[22m [2m(+4ms)[22m 
[2m11:55:35[22m   [34mÔö£ÔöÇ[39m [2m/web-development/reading/index.html[22m [2m(+3ms)[22m 
[2m11:55:35[22m   [34mÔö£ÔöÇ[39m [2m/web-development/maidenhead/index.html[22m [2m(+4ms)[22m 
[2m11:55:35[22m   [34mÔö£ÔöÇ[39m [2m/web-development/bracknell/index.html[22m [2m(+5ms)[22m 
[2m11:55:35[22m   [34mÔö£ÔöÇ[39m [2m/web-development/high-wycombe/index.html[22m [2m(+2ms)[22m 
[2m11:55:35[22m   [34mÔö£ÔöÇ[39m [2m/web-development/uxbridge/index.html[22m [2m(+4ms)[22m 
[2m11:55:35[22m   [34mÔö£ÔöÇ[39m [2m/web-development/heathrow/index.html[22m [2m(+3ms)[22m 
[2m11:55:35[22m   [34mÔö£ÔöÇ[39m [2m/web-development/staines-upon-thames/index.html[22m [2m(+3ms)[22m 
[2m11:55:35[22m   [34mÔööÔöÇ[39m [2m/web-development/egham/index.html[22m [2m(+5ms)[22m 
[2m11:55:35[22m [32mÔûÂ[39m src/pages/web-development.astro
[2m11:55:35[22m   [34mÔööÔöÇ[39m [2m/web-development/index.html[22m [2m(+2ms)[22m 
[2m11:55:35[22m [32mÔûÂ[39m src/pages/website-development.astro
[2m11:55:35[22m   [34mÔööÔöÇ[39m [2m/website-development/index.html[22m [2m(+217ms)[22m 
[2m11:55:35[22m [32mÔûÂ[39m src/pages/[...blog]/[category]/[...page].astro
[2m11:55:35[22m   [34mÔö£ÔöÇ[39m [2m/category/web-architecture/index.html[22m [2m(+207ms)[22m 
[2m11:55:36[22m   [34mÔö£ÔöÇ[39m [2m/category/web-architecture/2/index.html[22m [2m(+363ms)[22m 
[2m11:55:36[22m   [34mÔö£ÔöÇ[39m [2m/category/tech/index.html[22m [2m(+104ms)[22m 
[2m11:55:36[22m   [34mÔö£ÔöÇ[39m [2m/category/technology-and-business/index.html[22m [2m(+144ms)[22m 
[2m11:55:36[22m   [34mÔö£ÔöÇ[39m [2m/category/technology-strategy/index.html[22m [2m(+80ms)[22m 
[2m11:55:36[22m   [34mÔö£ÔöÇ[39m [2m/category/digital-strategy/index.html[22m [2m(+74ms)[22m 
[2m11:55:36[22m   [34mÔö£ÔöÇ[39m [2m/category/software-development/index.html[22m [2m(+72ms)[22m 
[2m11:55:36[22m   [34mÔö£ÔöÇ[39m [2m/category/ai-and-emerging-tech/index.html[22m [2m(+82ms)[22m 
[2m11:55:36[22m   [34mÔö£ÔöÇ[39m [2m/category/cloud-computing/index.html[22m [2m(+104ms)[22m 
[2m11:55:37[22m   [34mÔö£ÔöÇ[39m [2m/category/software-development-and-ai/index.html[22m [2m(+100ms)[22m 
[2m11:55:37[22m   [34mÔö£ÔöÇ[39m [2m/category/web-development/index.html[22m [2m(+178ms)[22m 
[2m11:55:37[22m   [34mÔö£ÔöÇ[39m [2m/category/web-development/2/index.html[22m [2m(+123ms)[22m 
[2m11:55:37[22m   [34mÔö£ÔöÇ[39m [2m/category/digital-marketing/index.html[22m [2m(+157ms)[22m 
[2m11:55:37[22m   [34mÔö£ÔöÇ[39m [2m/category/cybersecurity/index.html[22m [2m(+86ms)[22m 
[2m11:55:37[22m   [34mÔö£ÔöÇ[39m [2m/category/digital-transformation/index.html[22m [2m(+72ms)[22m 
[2m11:55:37[22m   [34mÔö£ÔöÇ[39m [2m/category/digital-marketing-and-analytics/index.html[22m [2m(+77ms)[22m 
[2m11:55:37[22m   [34mÔö£ÔöÇ[39m [2m/category/web-accessibility/index.html[22m [2m(+67ms)[22m 
[2m11:55:37[22m   [34mÔö£ÔöÇ[39m [2m/category/cloud-and-infrastructure/index.html[22m [2m(+77ms)[22m 
[2m11:55:37[22m   [34mÔö£ÔöÇ[39m [2m/category/sustainability/index.html[22m [2m(+41ms)[22m 
[2m11:55:38[22m   [34mÔö£ÔöÇ[39m [2m/category/data-privacy-and-compliance/index.html[22m [2m(+99ms)[22m 
[2m11:55:38[22m   [34mÔö£ÔöÇ[39m [2m/category/digital-marketing-and-seo/index.html[22m [2m(+39ms)[22m 
[2m11:55:38[22m   [34mÔö£ÔöÇ[39m [2m/category/it-infrastructure-management/index.html[22m [2m(+71ms)[22m 
[2m11:55:38[22m   [34mÔö£ÔöÇ[39m [2m/category/custom-software-development/index.html[22m [2m(+74ms)[22m 
[2m11:55:38[22m   [34mÔö£ÔöÇ[39m [2m/category/it-services/index.html[22m [2m(+64ms)[22m 
[2m11:55:38[22m   [34mÔö£ÔöÇ[39m [2m/category/custom-software/index.html[22m [2m(+28ms)[22m 
[2m11:55:38[22m   [34mÔö£ÔöÇ[39m [2m/category/technology/index.html[22m [2m(+121ms)[22m 
[2m11:55:38[22m   [34mÔö£ÔöÇ[39m [2m/category/seo/index.html[22m [2m(+70ms)[22m 
[2m11:55:38[22m   [34mÔö£ÔöÇ[39m [2m/category/development/index.html[22m [2m(+107ms)[22m 
[2m11:55:38[22m   [34mÔö£ÔöÇ[39m [2m/category/marketing/index.html[22m [2m(+105ms)[22m 
[2m11:55:38[22m   [34mÔö£ÔöÇ[39m [2m/category/business-technology/index.html[22m [2m(+74ms)[22m 
[2m11:55:38[22m   [34mÔö£ÔöÇ[39m [2m/category/programming/index.html[22m [2m(+71ms)[22m 
[2m11:55:38[22m   [34mÔööÔöÇ[39m [2m/category/small-business/index.html[22m [2m(+73ms)[22m 
[2m11:55:39[22m [32mÔûÂ[39m src/pages/[...blog]/[tag]/[...page].astro
[2m11:55:39[22m   [34mÔö£ÔöÇ[39m [2m/tag/2025/index.html[22m [2m(+58ms)[22m 
[2m11:55:39[22m   [34mÔö£ÔöÇ[39m [2m/tag/next-js-16/index.html[22m [2m(+124ms)[22m 
[2m11:55:39[22m   [34mÔö£ÔöÇ[39m [2m/tag/astro-6/index.html[22m [2m(+125ms)[22m 
[2m11:55:39[22m   [34mÔö£ÔöÇ[39m [2m/tag/sveltekit-2026/index.html[22m [2m(+93ms)[22m 
[2m11:55:39[22m   [34mÔö£ÔöÇ[39m [2m/tag/turbopack/index.html[22m [2m(+112ms)[22m 
[2m11:55:39[22m   [34mÔö£ÔöÇ[39m [2m/tag/cloudflare-workers/index.html[22m [2m(+117ms)[22m 
[2m11:55:39[22m   [34mÔö£ÔöÇ[39m [2m/tag/edge-computing/index.html[22m [2m(+187ms)[22m 
[2m11:55:39[22m   [34mÔö£ÔöÇ[39m [2m/tag/frontend-frameworks/index.html[22m [2m(+88ms)[22m 
[2m11:55:39[22m   [34mÔö£ÔöÇ[39m [2m/tag/performance/index.html[22m [2m(+129ms)[22m 
[2m11:55:40[22m   [34mÔö£ÔöÇ[39m [2m/tag/performance/2/index.html[22m [2m(+146ms)[22m 
[2m11:55:40[22m   [34mÔö£ÔöÇ[39m [2m/tag/astro/index.html[22m [2m(+298ms)[22m 
[2m11:55:40[22m   [34mÔö£ÔöÇ[39m [2m/tag/astro/2/index.html[22m [2m(+52ms)[22m 
[2m11:55:40[22m   [34mÔö£ÔöÇ[39m [2m/tag/cloudflare/index.html[22m [2m(+48ms)[22m 
[2m11:55:40[22m   [34mÔö£ÔöÇ[39m [2m/tag/next-js/index.html[22m [2m(+332ms)[22m 
[2m11:55:40[22m   [34mÔö£ÔöÇ[39m [2m/tag/sveltekit/index.html[22m [2m(+430ms)[22m 
[2m11:55:41[22m   [34mÔö£ÔöÇ[39m [2m/tag/frontend/index.html[22m [2m(+153ms)[22m 
[2m11:55:41[22m   [34mÔö£ÔöÇ[39m [2m/tag/frameworks/index.html[22m [2m(+137ms)[22m 
[2m11:55:41[22m   [34mÔö£ÔöÇ[39m [2m/tag/javascript/index.html[22m [2m(+78ms)[22m 
[2m11:55:41[22m   [34mÔö£ÔöÇ[39m [2m/tag/model-context-protocol/index.html[22m [2m(+83ms)[22m 
[2m11:55:41[22m   [34mÔö£ÔöÇ[39m [2m/tag/astro-6-beta/index.html[22m [2m(+69ms)[22m 
[2m11:55:41[22m   [34mÔö£ÔöÇ[39m [2m/tag/svelte-5-46/index.html[22m [2m(+130ms)[22m 
[2m11:55:42[22m   [34mÔö£ÔöÇ[39m [2m/tag/edge-native-architecture/index.html[22m [2m(+84ms)[22m 
[2m11:55:42[22m   [34mÔö£ÔöÇ[39m [2m/tag/ai/index.html[22m [2m(+68ms)[22m 
[2m11:55:42[22m   [34mÔö£ÔöÇ[39m [2m/tag/webassembly/index.html[22m [2m(+74ms)[22m 
[2m11:55:42[22m   [34mÔö£ÔöÇ[39m [2m/tag/react-compiler/index.html[22m [2m(+54ms)[22m 
[2m11:55:42[22m   [34mÔö£ÔöÇ[39m [2m/tag/react/index.html[22m [2m(+338ms)[22m 
[2m11:55:42[22m   [34mÔö£ÔöÇ[39m [2m/tag/web-development/index.html[22m [2m(+255ms)[22m 
[2m11:55:42[22m   [34mÔö£ÔöÇ[39m [2m/tag/web-development/2/index.html[22m [2m(+176ms)[22m 
[2m11:55:43[22m   [34mÔö£ÔöÇ[39m [2m/tag/frontend-engineering/index.html[22m [2m(+42ms)[22m 
[2m11:55:43[22m   [34mÔö£ÔöÇ[39m [2m/tag/meta-frameworks/index.html[22m [2m(+38ms)[22m 
[2m11:55:43[22m   [34mÔö£ÔöÇ[39m [2m/tag/astro-5-16/index.html[22m [2m(+42ms)[22m 
[2m11:55:43[22m   [34mÔö£ÔöÇ[39m [2m/tag/opentelemetry/index.html[22m [2m(+50ms)[22m 
[2m11:55:43[22m   [34mÔö£ÔöÇ[39m [2m/tag/react-19/index.html[22m [2m(+59ms)[22m 
[2m11:55:43[22m   [34mÔö£ÔöÇ[39m [2m/tag/jamstack/index.html[22m [2m(+66ms)[22m 
[2m11:55:43[22m   [34mÔö£ÔöÇ[39m [2m/tag/cybersecurity-measures/index.html[22m [2m(+55ms)[22m 
[2m11:55:43[22m   [34mÔö£ÔöÇ[39m [2m/tag/small-uk-businesses/index.html[22m [2m(+41ms)[22m 
[2m11:55:43[22m   [34mÔö£ÔöÇ[39m [2m/tag/online-security/index.html[22m [2m(+42ms)[22m 
[2m11:55:43[22m   [34mÔö£ÔöÇ[39m [2m/tag/data-protection/index.html[22m [2m(+64ms)[22m 
[2m11:55:43[22m   [34mÔö£ÔöÇ[39m [2m/tag/business-it/index.html[22m [2m(+49ms)[22m 
[2m11:55:43[22m   [34mÔö£ÔöÇ[39m [2m/tag/cyber-essentials/index.html[22m [2m(+41ms)[22m 
[2m11:55:43[22m   [34mÔö£ÔöÇ[39m [2m/tag/gdpr/index.html[22m [2m(+38ms)[22m 
[2m11:55:43[22m   [34mÔö£ÔöÇ[39m [2m/tag/mfa/index.html[22m [2m(+47ms)[22m 
[2m11:55:43[22m   [34mÔö£ÔöÇ[39m [2m/tag/phishing/index.html[22m [2m(+44ms)[22m 
[2m11:55:43[22m   [34mÔö£ÔöÇ[39m [2m/tag/tech/index.html[22m [2m(+46ms)[22m 
[2m11:55:43[22m   [34mÔö£ÔöÇ[39m [2m/tag/python-re-library/index.html[22m [2m(+43ms)[22m 
[2m11:55:43[22m   [34mÔö£ÔöÇ[39m [2m/tag/text-processing/index.html[22m [2m(+51ms)[22m 
[2m11:55:43[22m   [34mÔö£ÔöÇ[39m [2m/tag/uk-businesses/index.html[22m [2m(+201ms)[22m 
[2m11:55:44[22m   [34mÔö£ÔöÇ[39m [2m/tag/data-extraction/index.html[22m [2m(+64ms)[22m 
[2m11:55:44[22m   [34mÔö£ÔöÇ[39m [2m/tag/business-automation/index.html[22m [2m(+57ms)[22m 
[2m11:55:44[22m   [34mÔö£ÔöÇ[39m [2m/tag/python-programming/index.html[22m [2m(+58ms)[22m 
[2m11:55:44[22m   [34mÔö£ÔöÇ[39m [2m/tag/regular-expressions/index.html[22m [2m(+78ms)[22m 
[2m11:55:44[22m   [34mÔö£ÔöÇ[39m [2m/tag/uk-tech/index.html[22m [2m(+295ms)[22m 
[2m11:55:44[22m   [34mÔö£ÔöÇ[39m [2m/tag/criztec-technologies/index.html[22m [2m(+320ms)[22m 
[2m11:55:45[22m   [34mÔö£ÔöÇ[39m [2m/tag/criztec-technologies/2/index.html[22m [2m(+73ms)[22m 
[2m11:55:45[22m   [34mÔö£ÔöÇ[39m [2m/tag/business-efficiency/index.html[22m [2m(+47ms)[22m 
[2m11:55:45[22m   [34mÔö£ÔöÇ[39m [2m/tag/emerging-tech/index.html[22m [2m(+46ms)[22m 
[2m11:55:45[22m   [34mÔö£ÔöÇ[39m [2m/tag/uk-business/index.html[22m [2m(+78ms)[22m 
[2m11:55:45[22m   [34mÔö£ÔöÇ[39m [2m/tag/cloud-computing/index.html[22m [2m(+97ms)[22m 
[2m11:55:45[22m   [34mÔö£ÔöÇ[39m [2m/tag/cybersecurity/index.html[22m [2m(+61ms)[22m 
[2m11:55:45[22m   [34mÔö£ÔöÇ[39m [2m/tag/composable-dxp/index.html[22m [2m(+55ms)[22m 
[2m11:55:45[22m   [34mÔö£ÔöÇ[39m [2m/tag/digital-transformation/index.html[22m [2m(+320ms)[22m 
[2m11:55:45[22m   [34mÔö£ÔöÇ[39m [2m/tag/enterprise-architecture/index.html[22m [2m(+40ms)[22m 
[2m11:55:45[22m   [34mÔö£ÔöÇ[39m [2m/tag/headless-cms/index.html[22m [2m(+47ms)[22m 
[2m11:55:45[22m   [34mÔö£ÔöÇ[39m [2m/tag/microservices/index.html[22m [2m(+61ms)[22m 
[2m11:55:45[22m   [34mÔö£ÔöÇ[39m [2m/tag/api-first/index.html[22m [2m(+43ms)[22m 
[2m11:55:45[22m   [34mÔö£ÔöÇ[39m [2m/tag/web-architecture/index.html[22m [2m(+47ms)[22m 
[2m11:55:46[22m   [34mÔö£ÔöÇ[39m [2m/tag/rust/index.html[22m [2m(+63ms)[22m 
[2m11:55:46[22m   [34mÔö£ÔöÇ[39m [2m/tag/backend-development/index.html[22m [2m(+46ms)[22m 
[2m11:55:46[22m   [34mÔö£ÔöÇ[39m [2m/tag/web-performance/index.html[22m [2m(+294ms)[22m 
[2m11:55:46[22m   [34mÔö£ÔöÇ[39m [2m/tag/software-architecture/index.html[22m [2m(+45ms)[22m 
[2m11:55:46[22m   [34mÔö£ÔöÇ[39m [2m/tag/ai-ethics/index.html[22m [2m(+46ms)[22m 
[2m11:55:46[22m   [34mÔö£ÔöÇ[39m [2m/tag/ai-governance/index.html[22m [2m(+54ms)[22m 
[2m11:55:46[22m   [34mÔö£ÔöÇ[39m [2m/tag/custom-software-development/index.html[22m [2m(+42ms)[22m 
[2m11:55:46[22m   [34mÔö£ÔöÇ[39m [2m/tag/responsible-ai/index.html[22m [2m(+41ms)[22m 
[2m11:55:46[22m   [34mÔö£ÔöÇ[39m [2m/tag/ai-compliance/index.html[22m [2m(+46ms)[22m 
[2m11:55:46[22m   [34mÔö£ÔöÇ[39m [2m/tag/data-privacy/index.html[22m [2m(+85ms)[22m 
[2m11:55:46[22m   [34mÔö£ÔöÇ[39m [2m/tag/serverless-computing/index.html[22m [2m(+46ms)[22m 
[2m11:55:46[22m   [34mÔö£ÔöÇ[39m [2m/tag/cloud-scalability/index.html[22m [2m(+53ms)[22m 
[2m11:55:46[22m   [34mÔö£ÔöÇ[39m [2m/tag/uk-tech-business/index.html[22m [2m(+68ms)[22m 
[2m11:55:46[22m   [34mÔö£ÔöÇ[39m [2m/tag/faas/index.html[22m [2m(+61ms)[22m 
[2m11:55:47[22m   [34mÔö£ÔöÇ[39m [2m/tag/cost-optimization/index.html[22m [2m(+53ms)[22m 
[2m11:55:47[22m   [34mÔö£ÔöÇ[39m [2m/tag/ai-in-software-development-uk/index.html[22m [2m(+52ms)[22m 
[2m11:55:47[22m   [34mÔö£ÔöÇ[39m [2m/tag/custom-software-solutions-ai/index.html[22m [2m(+54ms)[22m 
[2m11:55:47[22m   [34mÔö£ÔöÇ[39m [2m/tag/ai-powered-coding-uk/index.html[22m [2m(+49ms)[22m 
[2m11:55:47[22m   [34mÔö£ÔöÇ[39m [2m/tag/software-development-efficiency/index.html[22m [2m(+60ms)[22m 
[2m11:55:47[22m   [34mÔö£ÔöÇ[39m [2m/tag/uk-tech-innovation/index.html[22m [2m(+43ms)[22m 
[2m11:55:47[22m   [34mÔö£ÔöÇ[39m [2m/tag/ai-business-transformation/index.html[22m [2m(+45ms)[22m 
[2m11:55:47[22m   [34mÔö£ÔöÇ[39m [2m/tag/astro-5-0/index.html[22m [2m(+59ms)[22m 
[2m11:55:47[22m   [34mÔö£ÔöÇ[39m [2m/tag/uk-web-development/index.html[22m [2m(+57ms)[22m 
[2m11:55:47[22m   [34mÔö£ÔöÇ[39m [2m/tag/view-transitions-api/index.html[22m [2m(+47ms)[22m 
[2m11:55:47[22m   [34mÔö£ÔöÇ[39m [2m/tag/image-optimisation/index.html[22m [2m(+55ms)[22m 
[2m11:55:47[22m   [34mÔö£ÔöÇ[39m [2m/tag/seo/index.html[22m [2m(+319ms)[22m 
[2m11:55:47[22m   [34mÔö£ÔöÇ[39m [2m/tag/ai-content-creation/index.html[22m [2m(+35ms)[22m 
[2m11:55:47[22m   [34mÔö£ÔöÇ[39m [2m/tag/uk-business-ai/index.html[22m [2m(+39ms)[22m 
[2m11:55:48[22m   [34mÔö£ÔöÇ[39m [2m/tag/ai-marketing-tools/index.html[22m [2m(+38ms)[22m 
[2m11:55:48[22m   [34mÔö£ÔöÇ[39m [2m/tag/generative-ai-uk/index.html[22m [2m(+36ms)[22m 
[2m11:55:48[22m   [34mÔö£ÔöÇ[39m [2m/tag/content-strategy-ai/index.html[22m [2m(+40ms)[22m 
[2m11:55:48[22m   [34mÔö£ÔöÇ[39m [2m/tag/ai-ethics-content/index.html[22m [2m(+36ms)[22m 
[2m11:55:48[22m   [34mÔö£ÔöÇ[39m [2m/tag/digital-marketing-trends-uk/index.html[22m [2m(+37ms)[22m 
[2m11:55:48[22m   [34mÔö£ÔöÇ[39m [2m/tag/cybersecurity-uk/index.html[22m [2m(+43ms)[22m 
[2m11:55:48[22m   [34mÔö£ÔöÇ[39m [2m/tag/sme-cyber-security/index.html[22m [2m(+38ms)[22m 
[2m11:55:48[22m   [34mÔö£ÔöÇ[39m [2m/tag/web-application-security/index.html[22m [2m(+39ms)[22m 
[2m11:55:48[22m   [34mÔö£ÔöÇ[39m [2m/tag/data-protection-uk/index.html[22m [2m(+54ms)[22m 
[2m11:55:48[22m   [34mÔö£ÔöÇ[39m [2m/tag/it-security-services/index.html[22m [2m(+42ms)[22m 
[2m11:55:48[22m   [34mÔö£ÔöÇ[39m [2m/tag/incident-response/index.html[22m [2m(+49ms)[22m 
[2m11:55:48[22m   [34mÔö£ÔöÇ[39m [2m/tag/gdpr-compliance/index.html[22m [2m(+74ms)[22m 
[2m11:55:48[22m   [34mÔö£ÔöÇ[39m [2m/tag/headless-cms-uk/index.html[22m [2m(+36ms)[22m 
[2m11:55:48[22m   [34mÔö£ÔöÇ[39m [2m/tag/composable-architecture/index.html[22m [2m(+40ms)[22m 
[2m11:55:48[22m   [34mÔö£ÔöÇ[39m [2m/tag/web-development-strategy/index.html[22m [2m(+42ms)[22m 
[2m11:55:48[22m   [34mÔö£ÔöÇ[39m [2m/tag/omnichannel-content/index.html[22m [2m(+36ms)[22m 
[2m11:55:48[22m   [34mÔö£ÔöÇ[39m [2m/tag/enterprise-cms/index.html[22m [2m(+44ms)[22m 
[2m11:55:48[22m   [34mÔö£ÔöÇ[39m [2m/tag/api-first-cms/index.html[22m [2m(+40ms)[22m 
[2m11:55:48[22m   [34mÔö£ÔöÇ[39m [2m/tag/content-management/index.html[22m [2m(+38ms)[22m 
[2m11:55:48[22m   [34mÔö£ÔöÇ[39m [2m/tag/future-proofing/index.html[22m [2m(+42ms)[22m 
[2m11:55:48[22m   [34mÔö£ÔöÇ[39m [2m/tag/cookieless-marketing-uk/index.html[22m [2m(+39ms)[22m 
[2m11:55:48[22m   [34mÔö£ÔöÇ[39m [2m/tag/privacy-first-analytics/index.html[22m [2m(+43ms)[22m 
[2m11:55:48[22m   [34mÔö£ÔöÇ[39m [2m/tag/uk-gdpr-compliance-web/index.html[22m [2m(+43ms)[22m 
[2m11:55:48[22m   [34mÔö£ÔöÇ[39m [2m/tag/first-party-data-strategy/index.html[22m [2m(+56ms)[22m 
[2m11:55:49[22m   [34mÔö£ÔöÇ[39m [2m/tag/server-side-tagging-uk/index.html[22m [2m(+54ms)[22m 
[2m11:55:49[22m   [34mÔö£ÔöÇ[39m [2m/tag/consent-management-web/index.html[22m [2m(+67ms)[22m 
[2m11:55:49[22m   [34mÔö£ÔöÇ[39m [2m/tag/digital-marketing-privacy/index.html[22m [2m(+58ms)[22m 
[2m11:55:49[22m   [34mÔö£ÔöÇ[39m [2m/tag/digital-strategy/index.html[22m [2m(+112ms)[22m 
[2m11:55:49[22m   [34mÔö£ÔöÇ[39m [2m/tag/wcag-3-0-uk/index.html[22m [2m(+52ms)[22m 
[2m11:55:49[22m   [34mÔö£ÔöÇ[39m [2m/tag/web-accessibility-uk/index.html[22m [2m(+56ms)[22m 
[2m11:55:49[22m   [34mÔö£ÔöÇ[39m [2m/tag/inclusive-web-design/index.html[22m [2m(+39ms)[22m 
[2m11:55:49[22m   [34mÔö£ÔöÇ[39m [2m/tag/digital-compliance-uk/index.html[22m [2m(+45ms)[22m 
[2m11:55:49[22m   [34mÔö£ÔöÇ[39m [2m/tag/accessibility-seo/index.html[22m [2m(+40ms)[22m 
[2m11:55:49[22m   [34mÔö£ÔöÇ[39m [2m/tag/uk-business-website/index.html[22m [2m(+50ms)[22m 
[2m11:55:49[22m   [34mÔö£ÔöÇ[39m [2m/tag/wcag-guidelines/index.html[22m [2m(+49ms)[22m 
[2m11:55:49[22m   [34mÔö£ÔöÇ[39m [2m/tag/equality-act-2010/index.html[22m [2m(+43ms)[22m 
[2m11:55:49[22m   [34mÔö£ÔöÇ[39m [2m/tag/server-side-webassembly/index.html[22m [2m(+43ms)[22m 
[2m11:55:49[22m   [34mÔö£ÔöÇ[39m [2m/tag/wasi-development-uk/index.html[22m [2m(+44ms)[22m 
[2m11:55:49[22m   [34mÔö£ÔöÇ[39m [2m/tag/high-performance-web-apps/index.html[22m [2m(+65ms)[22m 
[2m11:55:49[22m   [34mÔö£ÔöÇ[39m [2m/tag/rust-for-web-backend/index.html[22m [2m(+35ms)[22m 
[2m11:55:49[22m   [34mÔö£ÔöÇ[39m [2m/tag/cloud-cost-efficiency-uk/index.html[22m [2m(+45ms)[22m 
[2m11:55:49[22m   [34mÔö£ÔöÇ[39m [2m/tag/modern-backend-architecture/index.html[22m [2m(+53ms)[22m 
[2m11:55:49[22m   [34mÔö£ÔöÇ[39m [2m/tag/web-development-trends-2025/index.html[22m [2m(+65ms)[22m 
[2m11:55:50[22m   [34mÔö£ÔöÇ[39m [2m/tag/backend-optimisation/index.html[22m [2m(+36ms)[22m 
[2m11:55:50[22m   [34mÔö£ÔöÇ[39m [2m/tag/edge-computing-uk/index.html[22m [2m(+44ms)[22m 
[2m11:55:50[22m   [34mÔö£ÔöÇ[39m [2m/tag/web-performance-optimization/index.html[22m [2m(+35ms)[22m 
[2m11:55:50[22m   [34mÔö£ÔöÇ[39m [2m/tag/cloud-cost-reduction/index.html[22m [2m(+42ms)[22m 
[2m11:55:50[22m   [34mÔö£ÔöÇ[39m [2m/tag/serverless-edge-functions/index.html[22m [2m(+37ms)[22m 
[2m11:55:50[22m   [34mÔö£ÔöÇ[39m [2m/tag/next-js-edge/index.html[22m [2m(+46ms)[22m 
[2m11:55:50[22m   [34mÔö£ÔöÇ[39m [2m/tag/sveltekit-edge/index.html[22m [2m(+35ms)[22m 
[2m11:55:50[22m   [34mÔö£ÔöÇ[39m [2m/tag/rust-web-development/index.html[22m [2m(+38ms)[22m 
[2m11:55:50[22m   [34mÔö£ÔöÇ[39m [2m/tag/svelte-5-uk/index.html[22m [2m(+34ms)[22m 
[2m11:55:50[22m   [34mÔö£ÔöÇ[39m [2m/tag/svelte-runes-performance/index.html[22m [2m(+35ms)[22m 
[2m11:55:50[22m   [34mÔö£ÔöÇ[39m [2m/tag/modern-web-development-uk/index.html[22m [2m(+45ms)[22m 
[2m11:55:50[22m   [34mÔö£ÔöÇ[39m [2m/tag/sveltekit-best-practices/index.html[22m [2m(+42ms)[22m 
[2m11:55:50[22m   [34mÔö£ÔöÇ[39m [2m/tag/front-end-optimization/index.html[22m [2m(+43ms)[22m 
[2m11:55:50[22m   [34mÔö£ÔöÇ[39m [2m/tag/green-web-development-uk/index.html[22m [2m(+37ms)[22m 
[2m11:55:50[22m   [34mÔö£ÔöÇ[39m [2m/tag/sustainable-it-services/index.html[22m [2m(+37ms)[22m 
[2m11:55:50[22m   [34mÔö£ÔöÇ[39m [2m/tag/website-carbon-footprint/index.html[22m [2m(+39ms)[22m 
[2m11:55:50[22m   [34mÔö£ÔöÇ[39m [2m/tag/eco-friendly-hosting-uk/index.html[22m [2m(+33ms)[22m 
[2m11:55:50[22m   [34mÔö£ÔöÇ[39m [2m/tag/esg-digital-strategy/index.html[22m [2m(+35ms)[22m 
[2m11:55:50[22m   [34mÔö£ÔöÇ[39m [2m/tag/web-sustainability-best-practices/index.html[22m [2m(+38ms)[22m 
[2m11:55:50[22m   [34mÔö£ÔöÇ[39m [2m/tag/uk-business-green-tech/index.html[22m [2m(+35ms)[22m 
[2m11:55:50[22m   [34mÔö£ÔöÇ[39m [2m/tag/seo-strategy/index.html[22m [2m(+40ms)[22m 
[2m11:55:50[22m   [34mÔö£ÔöÇ[39m [2m/tag/cloud-sustainability/index.html[22m [2m(+35ms)[22m 
[2m11:55:50[22m   [34mÔö£ÔöÇ[39m [2m/tag/first-party-data-uk/index.html[22m [2m(+36ms)[22m 
[2m11:55:50[22m   [34mÔö£ÔöÇ[39m [2m/tag/post-cookie-marketing/index.html[22m [2m(+42ms)[22m 
[2m11:55:50[22m   [34mÔö£ÔöÇ[39m [2m/tag/digital-marketing-strategies-2025/index.html[22m [2m(+42ms)[22m 
[2m11:55:51[22m   [34mÔö£ÔöÇ[39m [2m/tag/privacy-first-advertising/index.html[22m [2m(+48ms)[22m 
[2m11:55:51[22m   [34mÔö£ÔöÇ[39m [2m/tag/google-privacy-sandbox/index.html[22m [2m(+37ms)[22m 
[2m11:55:51[22m   [34mÔö£ÔöÇ[39m [2m/tag/uk-data-protection/index.html[22m [2m(+34ms)[22m 
[2m11:55:51[22m   [34mÔö£ÔöÇ[39m [2m/tag/web-analytics-without-cookies/index.html[22m [2m(+38ms)[22m 
[2m11:55:51[22m   [34mÔö£ÔöÇ[39m [2m/tag/marketing-strategy/index.html[22m [2m(+50ms)[22m 
[2m11:55:51[22m   [34mÔö£ÔöÇ[39m [2m/tag/uk-data-privacy/index.html[22m [2m(+38ms)[22m 
[2m11:55:51[22m   [34mÔö£ÔöÇ[39m [2m/tag/post-cookie-web/index.html[22m [2m(+37ms)[22m 
[2m11:55:51[22m   [34mÔö£ÔöÇ[39m [2m/tag/ai-data-compliance/index.html[22m [2m(+38ms)[22m 
[2m11:55:51[22m   [34mÔö£ÔöÇ[39m [2m/tag/gdpr-uk/index.html[22m [2m(+35ms)[22m 
[2m11:55:51[22m   [34mÔö£ÔöÇ[39m [2m/tag/privacy-first-marketing/index.html[22m [2m(+36ms)[22m 
[2m11:55:51[22m   [34mÔö£ÔöÇ[39m [2m/tag/secure-web-development/index.html[22m [2m(+42ms)[22m 
[2m11:55:51[22m   [34mÔö£ÔöÇ[39m [2m/tag/ethical-ai/index.html[22m [2m(+39ms)[22m 
[2m11:55:51[22m   [34mÔö£ÔöÇ[39m [2m/tag/digital-marketing/index.html[22m [2m(+357ms)[22m 
[2m11:55:51[22m   [34mÔö£ÔöÇ[39m [2m/tag/first-party-data/index.html[22m [2m(+37ms)[22m 
[2m11:55:51[22m   [34mÔö£ÔöÇ[39m [2m/tag/ico/index.html[22m [2m(+61ms)[22m 
[2m11:55:51[22m   [34mÔö£ÔöÇ[39m [2m/tag/ai-seo-uk/index.html[22m [2m(+49ms)[22m 
[2m11:55:51[22m   [34mÔö£ÔöÇ[39m [2m/tag/web-performance-uk/index.html[22m [2m(+59ms)[22m 
[2m11:55:52[22m   [34mÔö£ÔöÇ[39m [2m/tag/google-orion-update/index.html[22m [2m(+70ms)[22m 
[2m11:55:52[22m   [34mÔö£ÔöÇ[39m [2m/tag/ai-search-optimisation/index.html[22m [2m(+65ms)[22m 
[2m11:55:52[22m   [34mÔö£ÔöÇ[39m [2m/tag/modern-web-frameworks/index.html[22m [2m(+132ms)[22m 
[2m11:55:52[22m   [34mÔö£ÔöÇ[39m [2m/tag/semantic-seo/index.html[22m [2m(+118ms)[22m 
[2m11:55:52[22m   [34mÔö£ÔöÇ[39m [2m/tag/uk-digital-marketing/index.html[22m [2m(+93ms)[22m 
[2m11:55:52[22m   [34mÔö£ÔöÇ[39m [2m/tag/core-web-vitals/index.html[22m [2m(+88ms)[22m 
[2m11:55:52[22m   [34mÔö£ÔöÇ[39m [2m/tag/sveltekit-2-0/index.html[22m [2m(+39ms)[22m 
[2m11:55:52[22m   [34mÔö£ÔöÇ[39m [2m/tag/rust-backend/index.html[22m [2m(+45ms)[22m 
[2m11:55:52[22m   [34mÔö£ÔöÇ[39m [2m/tag/ssr/index.html[22m [2m(+39ms)[22m 
[2m11:55:52[22m   [34mÔö£ÔöÇ[39m [2m/tag/sveltekit-ai-integration/index.html[22m [2m(+39ms)[22m 
[2m11:55:52[22m   [34mÔö£ÔöÇ[39m [2m/tag/ai-driven-web-development/index.html[22m [2m(+37ms)[22m 
[2m11:55:52[22m   [34mÔö£ÔöÇ[39m [2m/tag/web-development-trends/index.html[22m [2m(+42ms)[22m 
[2m11:55:52[22m   [34mÔö£ÔöÇ[39m [2m/tag/uk-web-developers/index.html[22m [2m(+37ms)[22m 
[2m11:55:52[22m   [34mÔö£ÔöÇ[39m [2m/tag/ai-in-web-apps/index.html[22m [2m(+39ms)[22m 
[2m11:55:52[22m   [34mÔö£ÔöÇ[39m [2m/tag/seo-optimization/index.html[22m [2m(+40ms)[22m 
[2m11:55:52[22m   [34mÔö£ÔöÇ[39m [2m/tag/criztec/index.html[22m [2m(+39ms)[22m 
[2m11:55:53[22m   [34mÔö£ÔöÇ[39m [2m/tag/it-infrastructure/index.html[22m [2m(+66ms)[22m 
[2m11:55:53[22m   [34mÔö£ÔöÇ[39m [2m/tag/sme-growth/index.html[22m [2m(+49ms)[22m 
[2m11:55:53[22m   [34mÔö£ÔöÇ[39m [2m/tag/custom-software/index.html[22m [2m(+50ms)[22m 
[2m11:55:53[22m   [34mÔö£ÔöÇ[39m [2m/tag/software-development/index.html[22m [2m(+40ms)[22m 
[2m11:55:53[22m   [34mÔö£ÔöÇ[39m [2m/tag/it-solutions/index.html[22m [2m(+41ms)[22m 
[2m11:55:53[22m   [34mÔö£ÔöÇ[39m [2m/tag/growth-strategies/index.html[22m [2m(+122ms)[22m 
[2m11:55:53[22m   [34mÔö£ÔöÇ[39m [2m/tag/compliance/index.html[22m [2m(+45ms)[22m 
[2m11:55:53[22m   [34mÔö£ÔöÇ[39m [2m/tag/flutter-development/index.html[22m [2m(+30ms)[22m 
[2m11:55:53[22m   [34mÔö£ÔöÇ[39m [2m/tag/cross-platform-apps/index.html[22m [2m(+29ms)[22m 
[2m11:55:53[22m   [34mÔö£ÔöÇ[39m [2m/tag/uk-business-tech/index.html[22m [2m(+35ms)[22m 
[2m11:55:53[22m   [34mÔö£ÔöÇ[39m [2m/tag/monolithic-architecture/index.html[22m [2m(+31ms)[22m 
[2m11:55:53[22m   [34mÔö£ÔöÇ[39m [2m/tag/developer-tools/index.html[22m [2m(+42ms)[22m 
[2m11:55:53[22m   [34mÔö£ÔöÇ[39m [2m/tag/black-friday-deals/index.html[22m [2m(+41ms)[22m 
[2m11:55:53[22m   [34mÔö£ÔöÇ[39m [2m/tag/vue/index.html[22m [2m(+43ms)[22m 
[2m11:55:53[22m   [34mÔö£ÔöÇ[39m [2m/tag/svelte/index.html[22m [2m(+48ms)[22m 
[2m11:55:53[22m   [34mÔö£ÔöÇ[39m [2m/tag/web-app-development/index.html[22m [2m(+37ms)[22m 
[2m11:55:53[22m   [34mÔö£ÔöÇ[39m [2m/tag/framework-comparison/index.html[22m [2m(+51ms)[22m 
[2m11:55:53[22m   [34mÔö£ÔöÇ[39m [2m/tag/ai-integration/index.html[22m [2m(+45ms)[22m 
[2m11:55:53[22m   [34mÔö£ÔöÇ[39m [2m/tag/machine-learning/index.html[22m [2m(+35ms)[22m 
[2m11:55:53[22m   [34mÔö£ÔöÇ[39m [2m/tag/seo-web-development/index.html[22m [2m(+44ms)[22m 
[2m11:55:53[22m   [34mÔö£ÔöÇ[39m [2m/tag/conversion-optimization/index.html[22m [2m(+39ms)[22m 
[2m11:55:53[22m   [34mÔö£ÔöÇ[39m [2m/tag/personalization-strategies/index.html[22m [2m(+46ms)[22m 
[2m11:55:54[22m   [34mÔö£ÔöÇ[39m [2m/tag/ai-marketing/index.html[22m [2m(+52ms)[22m 
[2m11:55:54[22m   [34mÔö£ÔöÇ[39m [2m/tag/interactive-content/index.html[22m [2m(+36ms)[22m 
[2m11:55:54[22m   [34mÔö£ÔöÇ[39m [2m/tag/email-targeting/index.html[22m [2m(+36ms)[22m 
[2m11:55:54[22m   [34mÔö£ÔöÇ[39m [2m/tag/aws/index.html[22m [2m(+45ms)[22m 
[2m11:55:54[22m   [34mÔö£ÔöÇ[39m [2m/tag/azure/index.html[22m [2m(+37ms)[22m 
[2m11:55:54[22m   [34mÔö£ÔöÇ[39m [2m/tag/google-cloud/index.html[22m [2m(+34ms)[22m 
[2m11:55:54[22m   [34mÔö£ÔöÇ[39m [2m/tag/kubernetes/index.html[22m [2m(+50ms)[22m 
[2m11:55:54[22m   [34mÔö£ÔöÇ[39m [2m/tag/smb-tech/index.html[22m [2m(+38ms)[22m 
[2m11:55:54[22m   [34mÔö£ÔöÇ[39m [2m/tag/cloud-optimization/index.html[22m [2m(+42ms)[22m 
[2m11:55:54[22m   [34mÔö£ÔöÇ[39m [2m/tag/ci-cd/index.html[22m [2m(+62ms)[22m 
[2m11:55:54[22m   [34mÔö£ÔöÇ[39m [2m/tag/docker/index.html[22m [2m(+39ms)[22m 
[2m11:55:54[22m   [34mÔö£ÔöÇ[39m [2m/tag/containerization/index.html[22m [2m(+48ms)[22m 
[2m11:55:54[22m   [34mÔö£ÔöÇ[39m [2m/tag/nodejs/index.html[22m [2m(+51ms)[22m 
[2m11:55:54[22m   [34mÔö£ÔöÇ[39m [2m/tag/seo-best-practices/index.html[22m [2m(+39ms)[22m 
[2m11:55:54[22m   [34mÔö£ÔöÇ[39m [2m/tag/online-visibility/index.html[22m [2m(+43ms)[22m 
[2m11:55:54[22m   [34mÔö£ÔöÇ[39m [2m/tag/wordpress-vs-custom-website/index.html[22m [2m(+35ms)[22m 
[2m11:55:54[22m   [34mÔö£ÔöÇ[39m [2m/tag/custom-web-development/index.html[22m [2m(+39ms)[22m 
[2m11:55:54[22m   [34mÔö£ÔöÇ[39m [2m/tag/wordpress-advantages-and-disadvantages/index.html[22m [2m(+44ms)[22m 
[2m11:55:54[22m   [34mÔö£ÔöÇ[39m [2m/tag/business-website-solutions/index.html[22m [2m(+40ms)[22m 
[2m11:55:54[22m   [34mÔö£ÔöÇ[39m [2m/tag/criztec-technologies-web-development/index.html[22m [2m(+42ms)[22m 
[2m11:55:54[22m   [34mÔö£ÔöÇ[39m [2m/tag/website-development-comparison/index.html[22m [2m(+35ms)[22m 
[2m11:55:54[22m   [34mÔö£ÔöÇ[39m [2m/tag/wordpress-vs-custom-development/index.html[22m [2m(+35ms)[22m 
[2m11:55:54[22m   [34mÔö£ÔöÇ[39m [2m/tag/business-website-strategy/index.html[22m [2m(+49ms)[22m 
[2m11:55:55[22m   [34mÔö£ÔöÇ[39m [2m/tag/web-development-solutions/index.html[22m [2m(+46ms)[22m 
[2m11:55:55[22m   [34mÔö£ÔöÇ[39m [2m/tag/professional-web-development/index.html[22m [2m(+49ms)[22m 
[2m11:55:55[22m   [34mÔö£ÔöÇ[39m [2m/tag/cheap-website-costs/index.html[22m [2m(+37ms)[22m 
[2m11:55:55[22m   [34mÔö£ÔöÇ[39m [2m/tag/website-roi/index.html[22m [2m(+52ms)[22m 
[2m11:55:55[22m   [34mÔö£ÔöÇ[39m [2m/tag/business-website-design/index.html[22m [2m(+39ms)[22m 
[2m11:55:55[22m   [34mÔö£ÔöÇ[39m [2m/tag/web-development-investment/index.html[22m [2m(+38ms)[22m 
[2m11:55:55[22m   [34mÔö£ÔöÇ[39m [2m/tag/website-design-mistakes/index.html[22m [2m(+41ms)[22m 
[2m11:55:55[22m   [34mÔö£ÔöÇ[39m [2m/tag/long-term-website-value/index.html[22m [2m(+49ms)[22m 
[2m11:55:55[22m   [34mÔö£ÔöÇ[39m [2m/tag/professional-website-benefits/index.html[22m [2m(+50ms)[22m 
[2m11:55:55[22m   [34mÔö£ÔöÇ[39m [2m/tag/website-development-cost/index.html[22m [2m(+47ms)[22m 
[2m11:55:55[22m   [34mÔö£ÔöÇ[39m [2m/tag/javascript-framework/index.html[22m [2m(+48ms)[22m 
[2m11:55:55[22m   [34mÔö£ÔöÇ[39m [2m/tag/full-stack/index.html[22m [2m(+42ms)[22m 
[2m11:55:55[22m   [34mÔö£ÔöÇ[39m [2m/tag/nextjs/index.html[22m [2m(+60ms)[22m 
[2m11:55:55[22m   [34mÔö£ÔöÇ[39m [2m/tag/bokeh/index.html[22m [2m(+43ms)[22m 
[2m11:55:55[22m   [34mÔö£ÔöÇ[39m [2m/tag/data-visualization/index.html[22m [2m(+31ms)[22m 
[2m11:55:55[22m   [34mÔö£ÔöÇ[39m [2m/tag/python/index.html[22m [2m(+61ms)[22m 
[2m11:55:55[22m   [34mÔö£ÔöÇ[39m [2m/tag/interactive-plots/index.html[22m [2m(+64ms)[22m 
[2m11:55:55[22m   [34mÔö£ÔöÇ[39m [2m/tag/dashboard/index.html[22m [2m(+32ms)[22m 
[2m11:55:55[22m   [34mÔö£ÔöÇ[39m [2m/tag/data-science/index.html[22m [2m(+51ms)[22m 
[2m11:55:55[22m   [34mÔö£ÔöÇ[39m [2m/tag/plotly/index.html[22m [2m(+35ms)[22m 
[2m11:55:55[22m   [34mÔö£ÔöÇ[39m [2m/tag/matplotlib/index.html[22m [2m(+39ms)[22m 
[2m11:55:55[22m   [34mÔö£ÔöÇ[39m [2m/tag/data-analysis/index.html[22m [2m(+51ms)[22m 
[2m11:55:56[22m   [34mÔö£ÔöÇ[39m [2m/tag/polars/index.html[22m [2m(+44ms)[22m 
[2m11:55:56[22m   [34mÔö£ÔöÇ[39m [2m/tag/dataframe/index.html[22m [2m(+45ms)[22m 
[2m11:55:56[22m   [34mÔö£ÔöÇ[39m [2m/tag/pandas/index.html[22m [2m(+32ms)[22m 
[2m11:55:56[22m   [34mÔö£ÔöÇ[39m [2m/tag/data-processing/index.html[22m [2m(+45ms)[22m 
[2m11:55:56[22m   [34mÔö£ÔöÇ[39m [2m/tag/big-data/index.html[22m [2m(+66ms)[22m 
[2m11:55:56[22m   [34mÔö£ÔöÇ[39m [2m/tag/pwa/index.html[22m [2m(+41ms)[22m 
[2m11:55:56[22m   [34mÔö£ÔöÇ[39m [2m/tag/progressive-web-apps/index.html[22m [2m(+37ms)[22m 
[2m11:55:56[22m   [34mÔö£ÔöÇ[39m [2m/tag/mobile-development/index.html[22m [2m(+49ms)[22m 
[2m11:55:56[22m   [34mÔö£ÔöÇ[39m [2m/tag/user-engagement/index.html[22m [2m(+40ms)[22m 
[2m11:55:56[22m   [34mÔö£ÔöÇ[39m [2m/tag/mobile-strategy/index.html[22m [2m(+40ms)[22m 
[2m11:55:56[22m   [34mÔö£ÔöÇ[39m [2m/tag/app-development/index.html[22m [2m(+38ms)[22m 
[2m11:55:56[22m   [34mÔö£ÔöÇ[39m [2m/tag/web-technologies/index.html[22m [2m(+34ms)[22m 
[2m11:55:56[22m   [34mÔö£ÔöÇ[39m [2m/tag/mobile-experience/index.html[22m [2m(+45ms)[22m 
[2m11:55:56[22m   [34mÔö£ÔöÇ[39m [2m/tag/angular/index.html[22m [2m(+39ms)[22m 
[2m11:55:56[22m   [34mÔö£ÔöÇ[39m [2m/tag/small-business-website/index.html[22m [2m(+45ms)[22m 
[2m11:55:56[22m   [34mÔö£ÔöÇ[39m [2m/tag/website-for-small-business-2025/index.html[22m [2m(+42ms)[22m 
[2m11:55:56[22m   [34mÔö£ÔöÇ[39m [2m/tag/small-business-marketing/index.html[22m [2m(+69ms)[22m 
[2m11:55:56[22m   [34mÔö£ÔöÇ[39m [2m/tag/local-seo/index.html[22m [2m(+97ms)[22m 
[2m11:55:56[22m   [34mÔö£ÔöÇ[39m [2m/tag/business-website-benefits/index.html[22m [2m(+43ms)[22m 
[2m11:55:56[22m   [34mÔö£ÔöÇ[39m [2m/tag/digital-marketing-for-small-business/index.html[22m [2m(+56ms)[22m 
[2m11:55:56[22m   [34mÔö£ÔöÇ[39m [2m/tag/website-development/index.html[22m [2m(+60ms)[22m 
[2m11:55:57[22m   [34mÔö£ÔöÇ[39m [2m/tag/online-presence/index.html[22m [2m(+43ms)[22m 
[2m11:55:57[22m   [34mÔö£ÔöÇ[39m [2m/tag/small-business-growth/index.html[22m [2m(+39ms)[22m 
[2m11:55:57[22m   [34mÔö£ÔöÇ[39m [2m/tag/local-business-marketing/index.html[22m [2m(+33ms)[22m 
[2m11:55:57[22m   [34mÔö£ÔöÇ[39m [2m/tag/etl/index.html[22m [2m(+48ms)[22m 
[2m11:55:57[22m   [34mÔö£ÔöÇ[39m [2m/tag/data-engineering/index.html[22m [2m(+38ms)[22m 
[2m11:55:57[22m   [34mÔö£ÔöÇ[39m [2m/tag/data-pipelines/index.html[22m [2m(+41ms)[22m 
[2m11:55:57[22m   [34mÔö£ÔöÇ[39m [2m/tag/rust-vs-python/index.html[22m [2m(+52ms)[22m 
[2m11:55:57[22m   [34mÔö£ÔöÇ[39m [2m/tag/programming/index.html[22m [2m(+39ms)[22m 
[2m11:55:57[22m   [34mÔö£ÔöÇ[39m [2m/tag/tech-stack/index.html[22m [2m(+45ms)[22m 
[2m11:55:57[22m   [34mÔö£ÔöÇ[39m [2m/tag/react-native/index.html[22m [2m(+37ms)[22m 
[2m11:55:57[22m   [34mÔö£ÔöÇ[39m [2m/tag/flutter/index.html[22m [2m(+46ms)[22m 
[2m11:55:57[22m   [34mÔö£ÔöÇ[39m [2m/tag/node-js/index.html[22m [2m(+39ms)[22m 
[2m11:55:57[22m   [34mÔö£ÔöÇ[39m [2m/tag/typescript/index.html[22m [2m(+50ms)[22m 
[2m11:55:57[22m   [34mÔö£ÔöÇ[39m [2m/tag/digital-marketing-london/index.html[22m [2m(+50ms)[22m 
[2m11:55:57[22m   [34mÔö£ÔöÇ[39m [2m/tag/london-marketing-trends/index.html[22m [2m(+42ms)[22m 
[2m11:55:57[22m   [34mÔö£ÔöÇ[39m [2m/tag/social-media-marketing/index.html[22m [2m(+125ms)[22m 
[2m11:55:57[22m   [34mÔö£ÔöÇ[39m [2m/tag/seo-london/index.html[22m [2m(+36ms)[22m 
[2m11:55:57[22m   [34mÔö£ÔöÇ[39m [2m/tag/london-businesses/index.html[22m [2m(+55ms)[22m 
[2m11:55:57[22m   [34mÔö£ÔöÇ[39m [2m/tag/marketing-agencies-london/index.html[22m [2m(+32ms)[22m 
[2m11:55:57[22m   [34mÔö£ÔöÇ[39m [2m/tag/artificial-intelligence/index.html[22m [2m(+42ms)[22m 
[2m11:55:57[22m   [34mÔö£ÔöÇ[39m [2m/tag/cost-reduction/index.html[22m [2m(+47ms)[22m 
[2m11:55:58[22m   [34mÔö£ÔöÇ[39m [2m/tag/profit-optimization/index.html[22m [2m(+39ms)[22m 
[2m11:55:58[22m   [34mÔö£ÔöÇ[39m [2m/tag/uk-technology-adoption/index.html[22m [2m(+41ms)[22m 
[2m11:55:58[22m   [34mÔö£ÔöÇ[39m [2m/tag/machine-learning-for-business/index.html[22m [2m(+36ms)[22m 
[2m11:55:58[22m   [34mÔö£ÔöÇ[39m [2m/tag/marketing-agency/index.html[22m [2m(+36ms)[22m 
[2m11:55:58[22m   [34mÔö£ÔöÇ[39m [2m/tag/content-marketing/index.html[22m [2m(+73ms)[22m 
[2m11:55:58[22m   [34mÔö£ÔöÇ[39m [2m/tag/ppc/index.html[22m [2m(+39ms)[22m 
[2m11:55:58[22m   [34mÔö£ÔöÇ[39m [2m/tag/web-analytics/index.html[22m [2m(+38ms)[22m 
[2m11:55:58[22m   [34mÔö£ÔöÇ[39m [2m/tag/small-business/index.html[22m [2m(+109ms)[22m 
[2m11:55:58[22m   [34mÔö£ÔöÇ[39m [2m/tag/london/index.html[22m [2m(+108ms)[22m 
[2m11:55:58[22m   [34mÔö£ÔöÇ[39m [2m/tag/online-marketing/index.html[22m [2m(+124ms)[22m 
[2m11:55:58[22m   [34mÔö£ÔöÇ[39m [2m/tag/search-engine-optimisation/index.html[22m [2m(+43ms)[22m 
[2m11:55:58[22m   [34mÔö£ÔöÇ[39m [2m/tag/affordable-marketing-strategies/index.html[22m [2m(+61ms)[22m 
[2m11:55:58[22m   [34mÔö£ÔöÇ[39m [2m/tag/london-small-business/index.html[22m [2m(+49ms)[22m 
[2m11:55:58[22m   [34mÔö£ÔöÇ[39m [2m/tag/uk-small-business/index.html[22m [2m(+48ms)[22m 
[2m11:55:58[22m   [34mÔö£ÔöÇ[39m [2m/tag/online-marketing-uk/index.html[22m [2m(+42ms)[22m 
[2m11:55:58[22m   [34mÔö£ÔöÇ[39m [2m/tag/seo-for-small-business/index.html[22m [2m(+51ms)[22m 
[2m11:55:58[22m   [34mÔö£ÔöÇ[39m [2m/tag/cpattern-matching/index.html[22m [2m(+41ms)[22m 
[2m11:55:58[22m   [34mÔö£ÔöÇ[39m [2m/tag/hugo/index.html[22m [2m(+36ms)[22m 
[2m11:55:59[22m   [34mÔö£ÔöÇ[39m [2m/tag/static-site-generator/index.html[22m [2m(+47ms)[22m 
[2m11:55:59[22m   [34mÔö£ÔöÇ[39m [2m/tag/wordpress/index.html[22m [2m(+153ms)[22m 
[2m11:55:59[22m   [34mÔö£ÔöÇ[39m [2m/tag/cms/index.html[22m [2m(+37ms)[22m 
[2m11:55:59[22m   [34mÔö£ÔöÇ[39m [2m/tag/website-development-scams/index.html[22m [2m(+47ms)[22m 
[2m11:55:59[22m   [34mÔö£ÔöÇ[39m [2m/tag/web-development-for-small-businesses/index.html[22m [2m(+47ms)[22m 
[2m11:55:59[22m   [34mÔö£ÔöÇ[39m [2m/tag/uk-small-business-advice/index.html[22m [2m(+44ms)[22m 
[2m11:55:59[22m   [34mÔö£ÔöÇ[39m [2m/tag/hiring-freelancers/index.html[22m [2m(+42ms)[22m 
[2m11:55:59[22m   [34mÔööÔöÇ[39m [2m/tag/website-ownership/index.html[22m [2m(+37ms)[22m 
[2m11:55:59[22m [32mÔûÂ[39m src/pages/[...blog]/[...page].astro
[2m11:55:59[22m   [34mÔö£ÔöÇ[39m [2m/blog/index.html[22m [2m(+188ms)[22m 
[2m11:55:59[22m   [34mÔö£ÔöÇ[39m [2m/blog/2/index.html[22m [2m(+291ms)[22m 
[2m11:55:59[22m   [34mÔö£ÔöÇ[39m [2m/blog/3/index.html[22m [2m(+312ms)[22m 
[2m11:56:00[22m   [34mÔö£ÔöÇ[39m [2m/blog/4/index.html[22m [2m(+350ms)[22m 
[2m11:56:00[22m   [34mÔö£ÔöÇ[39m [2m/blog/5/index.html[22m [2m(+381ms)[22m 
[2m11:56:01[22m   [34mÔö£ÔöÇ[39m [2m/blog/6/index.html[22m [2m(+378ms)[22m 
[2m11:56:01[22m   [34mÔö£ÔöÇ[39m [2m/blog/7/index.html[22m [2m(+134ms)[22m 
[2m11:56:01[22m   [34mÔö£ÔöÇ[39m [2m/blog/8/index.html[22m [2m(+236ms)[22m 
[2m11:56:01[22m   [34mÔööÔöÇ[39m [2m/blog/9/index.html[22m [2m(+315ms)[22m 
[2m11:56:02[22m [32mÔûÂ[39m src/pages/index.astro
[2m11:56:02[22m   [34mÔööÔöÇ[39m [2m/index.html[22m [31m(+500ms)[39m 
[2m11:56:02[22m [32mÔûÂ[39m src/pages/[...blog]/index.astro
[2m11:56:02[22m   [34mÔö£ÔöÇ[39m [2m/next-js-16-explicit-caching-vs-astro-6-6r2x/index.html[22m [31m(+508ms)[39m 
[2m11:56:03[22m   [34mÔö£ÔöÇ[39m [2m/edge-native-dominance-astro-6-next-js-16-5fjf/index.html[22m [2m(+299ms)[22m 
[2m11:56:03[22m   [34mÔö£ÔöÇ[39m [2m/edge-native-dominance-astro-6-next-js-16-5fjf/index.html[22m [2m(+470ms)[22m 
[2m11:56:03[22m   [34mÔö£ÔöÇ[39m [2m/astro-6-beta-s-new-dev-server-ending-q4ts/index.html[22m [2m(+361ms)[22m 
[2m11:56:04[22m   [34mÔö£ÔöÇ[39m [2m/environment-native-development-is-the-2026-standard-for-8pdb/index.html[22m [2m(+185ms)[22m 
[2m11:56:04[22m   [34mÔö£ÔöÇ[39m [2m/the-2026-runtime-fidelity-shift-in-next-js-bzvl/index.html[22m [2m(+149ms)[22m 
[2m11:56:04[22m   [34mÔö£ÔöÇ[39m [2m/astro-6-next-js-16-and-sveltekit-lead-vgmk/index.html[22m [2m(+183ms)[22m 
[2m11:56:04[22m   [34mÔö£ÔöÇ[39m [2m/astro-6-beta-and-next-js-16-the-87xw/index.html[22m [2m(+300ms)[22m 
[2m11:56:05[22m   [34mÔö£ÔöÇ[39m [2m/beyond-hydration-mastering-next-js-16-caching-and-kqvu/index.html[22m [2m(+349ms)[22m 
[2m11:56:05[22m   [34mÔö£ÔöÇ[39m [2m/2026-wasm-benchmarks-next-js-vs-astro-vs-kybc/index.html[22m [2m(+311ms)[22m 
[2m11:56:05[22m   [34mÔö£ÔöÇ[39m [2m/next-js-16-features-and-astro-6-automate-7ua1/index.html[22m [2m(+166ms)[22m 
[2m11:56:05[22m   [34mÔö£ÔöÇ[39m [2m/next-js-15-2-astro-5-2-a-2dm6/index.html[22m [2m(+180ms)[22m 
[2m11:56:06[22m   [34mÔö£ÔöÇ[39m [2m/2026-web-stack-svelte-5-46-astro-6-i6lg/index.html[22m [2m(+324ms)[22m 
[2m11:56:06[22m   [34mÔö£ÔöÇ[39m [2m/next-js-16-vs-astro-5-16-vs-xr9x/index.html[22m [2m(+367ms)[22m 
[2m11:56:06[22m   [34mÔö£ÔöÇ[39m [2m/engineering-the-2026-web-nextjs-16-observability-performance/index.html[22m [2m(+291ms)[22m 
[2m11:56:07[22m   [34mÔö£ÔöÇ[39m [2m/static-site-generation-the-key-to-efficient-modern/index.html[22m [2m(+96ms)[22m 
[2m11:56:07[22m   [34mÔö£ÔöÇ[39m [2m/the-2025-cybersecurity-blueprint-5-non-negotiable-measures/index.html[22m [2m(+145ms)[22m 
[2m11:56:07[22m   [34mÔö£ÔöÇ[39m [2m/mastering-cross-platform-apps-with-flutter-a/index.html[22m [2m(+342ms)[22m 
[2m11:56:07[22m   [34mÔö£ÔöÇ[39m [2m/unlocking-efficiency-how-pythons-re-library-transforms-text-processing-for-uk-businesses/index.html[22m [2m(+89ms)[22m 
[2m11:56:07[22m   [34mÔö£ÔöÇ[39m [2m/navigating-the-impact-of-emerging-tech-on-uk-businesses-a-strategic-roadmap/index.html[22m [2m(+94ms)[22m 
[2m11:56:07[22m   [34mÔö£ÔöÇ[39m [2m/future-proofing-enterprise-web-the-rise-of-composable-dxp-architectures/index.html[22m [2m(+85ms)[22m 
[2m11:56:07[22m   [34mÔö£ÔöÇ[39m [2m/rust-in-web-development-beyond-webassembly-building-high-performance-web-services/index.html[22m [2m(+76ms)[22m 
[2m11:56:07[22m   [34mÔö£ÔöÇ[39m [2m/navigating-the-ai-frontier-ethics-and-governance-in-custom-software-development-for-uk-businesses/index.html[22m [2m(+97ms)[22m 
[2m11:56:08[22m   [34mÔö£ÔöÇ[39m [2m/unlocking-scalability-and-efficiency-a-guide-to-serverless-computing-for-uk-businesses/index.html[22m [2m(+73ms)[22m 
[2m11:56:08[22m   [34mÔö£ÔöÇ[39m [2m/ai-powered-custom-software-development-transforming-uk-businesses/index.html[22m [2m(+119ms)[22m 
[2m11:56:08[22m   [34mÔö£ÔöÇ[39m [2m/astro-50-elevating-uk-business-web-experiences-with-view-transitions-image-optimisation/index.html[22m [2m(+298ms)[22m 
[2m11:56:08[22m   [34mÔö£ÔöÇ[39m [2m/ai-in-content-uk-businesses-path-to-opportunities-challenges/index.html[22m [2m(+121ms)[22m 
[2m11:56:08[22m   [34mÔö£ÔöÇ[39m [2m/building-cyber-resilience-essential-strategies-for-uk-businesses/index.html[22m [2m(+292ms)[22m 
[2m11:56:08[22m   [34mÔö£ÔöÇ[39m [2m/headless-cms-uk-powering-digital-growth-for-modern-businesses/index.html[22m [2m(+304ms)[22m 
[2m11:56:09[22m   [34mÔö£ÔöÇ[39m [2m/cookieless-marketing-uk-a-privacy-first-blueprint-for-business-growth/index.html[22m [2m(+106ms)[22m 
[2m11:56:09[22m   [34mÔö£ÔöÇ[39m [2m/wcag-30-uk-web-accessibility-boost-reach-compliance-for-2026/index.html[22m [2m(+97ms)[22m 
[2m11:56:09[22m   [34mÔö£ÔöÇ[39m [2m/unlock-peak-performance-server-side-webassembly-for-uk-web-apps/index.html[22m [2m(+111ms)[22m 
[2m11:56:09[22m   [34mÔö£ÔöÇ[39m [2m/edge-computing-uk-maximize-web-performance-cut-cloud-costs-for-british-businesses/index.html[22m [2m(+105ms)[22m 
[2m11:56:09[22m   [34mÔö£ÔöÇ[39m [2m/svelte-5-runes-powering-high-performance-web-apps-for-uk-businesses-in-2025/index.html[22m [2m(+106ms)[22m 
[2m11:56:09[22m   [34mÔö£ÔöÇ[39m [2m/green-web-development-uk-boost-sustainability-seo-business-value/index.html[22m [2m(+301ms)[22m 
[2m11:56:10[22m   [34mÔö£ÔöÇ[39m [2m/post-cookie-era-first-party-data-strategies-for-uk-digital-marketing/index.html[22m [2m(+90ms)[22m 
[2m11:56:10[22m   [34mÔö£ÔöÇ[39m [2m/mastering-uk-data-privacy-web-dev-marketing-in-the-post-cookie-ai-era/index.html[22m [2m(+347ms)[22m 
[2m11:56:10[22m   [34mÔö£ÔöÇ[39m [2m/ai-seo-uk-future-proofing-web-apps-for-googles-orion-update/index.html[22m [2m(+338ms)[22m 
[2m11:56:10[22m   [34mÔö£ÔöÇ[39m [2m/boost-your-web-apps-with-sveltekit-20-and-rust/index.html[22m [2m(+453ms)[22m 
[2m11:56:11[22m   [34mÔö£ÔöÇ[39m [2m/harness-ai-in-sveltekit-for-cutting-edge-user-experiences/index.html[22m [2m(+367ms)[22m 
[2m11:56:11[22m   [34mÔö£ÔöÇ[39m [2m/boost-your-seo-with-sveltekit-and-astro-for-uk-web-apps/index.html[22m [2m(+73ms)[22m 
[2m11:56:11[22m   [34mÔö£ÔöÇ[39m [2m/leveraging-astro-and-sveltekit-for-seo-driven-web-development/index.html[22m [2m(+81ms)[22m 
[2m11:56:11[22m   [34mÔö£ÔöÇ[39m [2m/mastering-web-performance-unleashing-the-power-of-core-web-vitals/index.html[22m [2m(+352ms)[22m 
[2m11:56:12[22m   [34mÔö£ÔöÇ[39m [2m/optimising-it-infrastructure-management-for-growing-businesses/index.html[22m [2m(+86ms)[22m 
[2m11:56:12[22m   [34mÔö£ÔöÇ[39m [2m/custom-software-development-process-complete-guide/index.html[22m [2m(+102ms)[22m 
[2m11:56:12[22m   [34mÔö£ÔöÇ[39m [2m/optimising-it-infrastructure-management-for-growing-uk-businesses/index.html[22m [2m(+78ms)[22m 
[2m11:56:12[22m   [34mÔö£ÔöÇ[39m [2m/mastering-cross-platform-apps-with-flutter/index.html[22m [2m(+117ms)[22m 
[2m11:56:12[22m   [34mÔö£ÔöÇ[39m [2m/microservices-vs-monoliths-strategic-choices/index.html[22m [2m(+88ms)[22m 
[2m11:56:12[22m   [34mÔö£ÔöÇ[39m [2m/black-friday-2025-top-developer-deals-revealed/index.html[22m [2m(+109ms)[22m 
[2m11:56:12[22m   [34mÔö£ÔöÇ[39m [2m/react-vue-or-svelte-framework-choices-for-2025/index.html[22m [2m(+232ms)[22m 
[2m11:56:12[22m   [34mÔö£ÔöÇ[39m [2m/enhance-web-apps-with-ai-innovative-strategies/index.html[22m [2m(+383ms)[22m 
[2m11:56:13[22m   [34mÔö£ÔöÇ[39m [2m/unveiling-sveltekit-the-future-of-web-development/index.html[22m [2m(+140ms)[22m 
[2m11:56:13[22m   [34mÔö£ÔöÇ[39m [2m/boost-conversions-with-uncommon-optimization-techniques/index.html[22m [2m(+397ms)[22m 
[2m11:56:13[22m   [34mÔö£ÔöÇ[39m [2m/aws-azure-google-cloud-a-developers-guide/index.html[22m [2m(+111ms)[22m 
[2m11:56:14[22m   [34mÔö£ÔöÇ[39m [2m/harnessing-kubernetes-for-smbs-beyond-scaling/index.html[22m [2m(+168ms)[22m 
[2m11:56:14[22m   [34mÔö£ÔöÇ[39m [2m/master-docker-containerization-boost-efficiency/index.html[22m [2m(+347ms)[22m 
[2m11:56:14[22m   [34mÔö£ÔöÇ[39m [2m/unlocking-success-seo-best-practices-by-criztec-technologies/index.html[22m [2m(+163ms)[22m 
[2m11:56:14[22m   [34mÔö£ÔöÇ[39m [2m/wordpress-vs-custom-development-business-guide/index.html[22m [2m(+157ms)[22m 
[2m11:56:14[22m   [34mÔö£ÔöÇ[39m [2m/true-cost-cheap-website-business-impact/index.html[22m [2m(+355ms)[22m 
[2m11:56:15[22m   [34mÔö£ÔöÇ[39m [2m/sveltekit-complete-developers-guide-2025/index.html[22m [2m(+180ms)[22m 
[2m11:56:15[22m   [34mÔö£ÔöÇ[39m [2m/nextjs-vs-astro-2025/index.html[22m [2m(+131ms)[22m 
[2m11:56:15[22m   [34mÔö£ÔöÇ[39m [2m/bokeh-interactive-visualizations/index.html[22m [2m(+91ms)[22m 
[2m11:56:15[22m   [34mÔö£ÔöÇ[39m [2m/polars-fast-dataframe-library-rust-powered/index.html[22m [2m(+83ms)[22m 
[2m11:56:15[22m   [34mÔö£ÔöÇ[39m [2m/progressive-web-apps-future-mobile-engagement-2025/index.html[22m [2m(+96ms)[22m 
[2m11:56:15[22m   [34mÔö£ÔöÇ[39m [2m/nextjs-vs-angular/index.html[22m [2m(+304ms)[22m 
[2m11:56:16[22m   [34mÔö£ÔöÇ[39m [2m/do-small-businesses-need-website-2025/index.html[22m [2m(+282ms)[22m 
[2m11:56:16[22m   [34mÔö£ÔöÇ[39m [2m/why-rust-is-the-future-of-etl/index.html[22m [2m(+126ms)[22m 
[2m11:56:16[22m   [34mÔö£ÔöÇ[39m [2m/best-tech-stack-2025/index.html[22m [2m(+207ms)[22m 
[2m11:56:16[22m   [34mÔö£ÔöÇ[39m [2m/digital-marketing-current-scenario-london/index.html[22m [2m(+276ms)[22m 
[2m11:56:16[22m   [34mÔö£ÔöÇ[39m [2m/how-ai-reduce-costs-and-boost-profits-for-business/index.html[22m [2m(+390ms)[22m 
[2m11:56:17[22m   [34mÔö£ÔöÇ[39m [2m/decoding-digital-marketing-agency/index.html[22m [2m(+389ms)[22m 
[2m11:56:17[22m   [34mÔö£ÔöÇ[39m [2m/digital-marketing-london/index.html[22m [2m(+306ms)[22m 
[2m11:56:18[22m   [34mÔö£ÔöÇ[39m [2m/search-engine-optimisation-guide-london/index.html[22m [2m(+283ms)[22m 
[2m11:56:18[22m   [34mÔö£ÔöÇ[39m [2m/essential-digital-marketing-strategies/index.html[22m [2m(+284ms)[22m 
[2m11:56:18[22m   [34mÔö£ÔöÇ[39m [2m/small-business-needs-a-strong-online-presence/index.html[22m [2m(+305ms)[22m 
[2m11:56:18[22m   [34mÔö£ÔöÇ[39m [2m/python-re-library/index.html[22m [2m(+142ms)[22m 
[2m11:56:19[22m   [34mÔö£ÔöÇ[39m [2m/hugo-vs-astro/index.html[22m [2m(+88ms)[22m 
[2m11:56:19[22m   [34mÔö£ÔöÇ[39m [2m/astro-vs-wordpress/index.html[22m [2m(+88ms)[22m 
[2m11:56:19[22m   [34mÔööÔöÇ[39m [2m/how-to-avoid-website-development-scams/index.html[22m [2m(+294ms)[22m 
[2m11:56:19[22m [32mÔ£ô Completed in 51.06s.
[39m
[42m[30m generating optimized images [39m[49m
[2m11:56:19[22m   [32mÔûÂ[39m /_astro/CriztecLogo_ZbwzSy.webp [2m(reused cache entry)[22m [2m(+14ms)[22m [2m(1/553)[22m
[2m11:56:19[22m   [32mÔûÂ[39m /_astro/default.CLx3w4vS_1I8mxp.jpg [2m(reused cache entry)[22m [2m(+14ms)[22m [2m(2/553)[22m
[2m11:56:19[22m   [32mÔûÂ[39m /_astro/photo-1559136555-9303baea8ebd-aHR0cHM6_Z1s9UUY.webp [2m(reused cache entry)[22m [2m(+14ms)[22m [2m(3/553)[22m
[2m11:56:19[22m   [32mÔûÂ[39m /_astro/astrohero_ZJP9UW.webp [2m(reused cache entry)[22m [2m(+14ms)[22m [2m(4/553)[22m
[2m11:56:19[22m   [32mÔûÂ[39m /_astro/photo-1600880292089-90a7e086ee-aHR0cHM6_2hENUF.webp [2m(reused cache entry)[22m [2m(+14ms)[22m [2m(5/553)[22m
[2m11:56:19[22m   [32mÔûÂ[39m /_astro/photo-1531545514256-b1400bc00f-aHR0cHM6_zqyr3.webp [2m(reused cache entry)[22m [2m(+14ms)[22m [2m(6/553)[22m
[2m11:56:19[22m   [32mÔûÂ[39m /_astro/photo-1557804506-669a67965ba0-aHR0cHM6_Z2hlP68.webp [2m(reused cache entry)[22m [2m(+19ms)[22m [2m(7/553)[22m
[2m11:56:19[22m   [32mÔûÂ[39m /_astro/photo-1522071820081-009f0129c7-aHR0cHM6_27HmbI.webp [2m(reused cache entry)[22m [2m(+20ms)[22m [2m(8/553)[22m
[2m11:56:19[22m   [32mÔûÂ[39m /_astro/CriztecLogo_1TEtnM.webp [2m(reused cache entry)[22m [2m(+8ms)[22m [2m(9/553)[22m
[2m11:56:19[22m   [32mÔûÂ[39m /_astro/photo-1555949963-aa79dcee981c-aHR0cHM6_2jUgog.webp [2m(reused cache entry)[22m [2m(+9ms)[22m [2m(10/553)[22m
[2m11:56:19[22m   [32mÔûÂ[39m /_astro/photo-1559136555-9303baea8ebd-aHR0cHM6_1CcyDF.webp [2m(reused cache entry)[22m [2m(+10ms)[22m [2m(11/553)[22m
[2m11:56:19[22m   [32mÔûÂ[39m /_astro/astrohero_1w5Xcf.webp [2m(reused cache entry)[22m [2m(+11ms)[22m [2m(12/553)[22m
[2m11:56:19[22m   [32mÔûÂ[39m /_astro/photo-1600880292089-90a7e086ee-aHR0cHM6_yH6Hk.webp [2m(reused cache entry)[22m [2m(+15ms)[22m [2m(13/553)[22m
[2m11:56:19[22m   [32mÔûÂ[39m /_astro/photo-1531545514256-b1400bc00f-aHR0cHM6_2iogEo.webp [2m(reused cache entry)[22m [2m(+15ms)[22m [2m(14/553)[22m
[2m11:56:19[22m   [32mÔûÂ[39m /_astro/photo-1522071820081-009f0129c7-aHR0cHM6_Z1ew4oR.webp [2m(reused cache entry)[22m [2m(+11ms)[22m [2m(15/553)[22m
[2m11:56:19[22m   [32mÔûÂ[39m /_astro/photo-1557804506-669a67965ba0-aHR0cHM6_14RAus.webp [2m(reused cache entry)[22m [2m(+13ms)[22m [2m(16/553)[22m
[2m11:56:19[22m   [32mÔûÂ[39m /_astro/hero-image_1LB8Id.webp [2m(reused cache entry)[22m [2m(+11ms)[22m [2m(17/553)[22m
[2m11:56:19[22m   [32mÔûÂ[39m /_astro/photo-1555949963-aa79dcee981c-aHR0cHM6_AWyaU.webp [2m(reused cache entry)[22m [2m(+10ms)[22m [2m(18/553)[22m
[2m11:56:19[22m   [32mÔûÂ[39m /_astro/astrohero_Z1P8sol.webp [2m(reused cache entry)[22m [2m(+16ms)[22m [2m(19/553)[22m
[2m11:56:19[22m   [32mÔûÂ[39m /_astro/photo-1559136555-9303baea8ebd-aHR0cHM6_yiYlg.jpg [2m(reused cache entry)[22m [2m(+16ms)[22m [2m(20/553)[22m
[2m11:56:19[22m   [32mÔûÂ[39m /_astro/photo-1499951360447-b19be8fe80-aHR0cHM6_ZPqasi.webp [2m(reused cache entry)[22m [2m(+14ms)[22m [2m(21/553)[22m
[2m11:56:19[22m   [32mÔûÂ[39m /_astro/content-creation-aHR0cHM6_a0ute.webp [2m(reused cache entry)[22m [2m(+14ms)[22m [2m(22/553)[22m
[2m11:56:19[22m   [32mÔûÂ[39m /_astro/photo-1522071820081-009f0129c7-aHR0cHM6_Z27k4E7.webp [2m(reused cache entry)[22m [2m(+12ms)[22m [2m(23/553)[22m
[2m11:56:19[22m   [32mÔûÂ[39m /_astro/hero-image_ZSvwHP.webp [2m(reused cache entry)[22m [2m(+13ms)[22m [2m(24/553)[22m
[2m11:56:19[22m   [32mÔûÂ[39m /_astro/photo-1543269865-cbf427effbad-aHR0cHM6_uWsLP.webp [2m(reused cache entry)[22m [2m(+14ms)[22m [2m(25/553)[22m
[2m11:56:19[22m   [32mÔûÂ[39m /_astro/photo-1563986768494-4dee2763ff-aHR0cHM6_y1X4A.webp [2m(reused cache entry)[22m [2m(+16ms)[22m [2m(26/553)[22m
[2m11:56:19[22m   [32mÔûÂ[39m /_astro/astrohero_Z24EVgR.webp [2m(reused cache entry)[22m [2m(+9ms)[22m [2m(27/553)[22m
[2m11:56:19[22m   [32mÔûÂ[39m /_astro/photo-1559136555-9303baea8ebd-aHR0cHM6_Z1fECHP.webp [2m(reused cache entry)[22m [2m(+10ms)[22m [2m(28/553)[22m
[2m11:56:19[22m   [32mÔûÂ[39m /_astro/photo-1499951360447-b19be8fe80-aHR0cHM6_2vNg8i.webp [2m(reused cache entry)[22m [2m(+7ms)[22m [2m(29/553)[22m
[2m11:56:19[22m   [32mÔûÂ[39m /_astro/content-creation-aHR0cHM6_Z1xWcJ7.webp [2m(reused cache entry)[22m [2m(+11ms)[22m [2m(30/553)[22m
[2m11:56:19[22m   [32mÔûÂ[39m /_astro/photo-1522071820081-009f0129c7-aHR0cHM6_QEYRt.webp [2m(reused cache entry)[22m [2m(+12ms)[22m [2m(31/553)[22m
[2m11:56:19[22m   [32mÔûÂ[39m /_astro/hero-image_2sHSRK.webp [2m(reused cache entry)[22m [2m(+13ms)[22m [2m(32/553)[22m
[2m11:56:19[22m   [32mÔûÂ[39m /_astro/photo-1563986768494-4dee2763ff-aHR0cHM6_2gYFhV.webp [2m(reused cache entry)[22m [2m(+11ms)[22m [2m(33/553)[22m
[2m11:56:19[22m   [32mÔûÂ[39m /_astro/photo-1543269865-cbf427effbad-aHR0cHM6_Z1d0eqv.webp [2m(reused cache entry)[22m [2m(+14ms)[22m [2m(34/553)[22m
[2m11:56:19[22m   [32mÔûÂ[39m /_astro/photo-1576267423445-b2e0074d68-aHR0cHM6_Z1DjLtG.webp [2m(reused cache entry)[22m [2m(+14ms)[22m [2m(35/553)[22m
[2m11:56:19[22m   [32mÔûÂ[39m /_astro/photo-1499951360447-b19be8fe80-aHR0cHM6_eR806.webp [2m(reused cache entry)[22m [2m(+16ms)[22m [2m(36/553)[22m
[2m11:56:19[22m   [32mÔûÂ[39m /_astro/photo-1559136555-9303baea8ebd-aHR0cHM6_Z5K8yF.webp [2m(reused cache entry)[22m [2m(+17ms)[22m [2m(37/553)[22m
[2m11:56:19[22m   [32mÔûÂ[39m /_astro/photo-1552664730-d307ca884978-aHR0cHM6_1gJgrN.webp [2m(reused cache entry)[22m [2m(+12ms)[22m [2m(38/553)[22m
[2m11:56:19[22m   [32mÔûÂ[39m /_astro/photo-1522071820081-009f0129c7-aHR0cHM6_Z1LEMaX.webp [2m(reused cache entry)[22m [2m(+17ms)[22m [2m(39/553)[22m
[2m11:56:19[22m   [32mÔûÂ[39m /_astro/digital-marketing_Z9MJ0R.webp [2m(reused cache entry)[22m [2m(+13ms)[22m [2m(40/553)[22m
[2m11:56:19[22m   [32mÔûÂ[39m /_astro/hero-image_bLKJy.webp [2m(reused cache entry)[22m [2m(+16ms)[22m [2m(41/553)[22m
[2m11:56:19[22m   [32mÔûÂ[39m /_astro/digital_marketing_3_Z1nEqB2.webp [2m(reused cache entry)[22m [2m(+15ms)[22m [2m(42/553)[22m
[2m11:56:19[22m   [32mÔûÂ[39m /_astro/photo-1576267423445-b2e0074d68-aHR0cHM6_4CUIE.webp [2m(reused cache entry)[22m [2m(+13ms)[22m [2m(43/553)[22m
[2m11:56:19[22m   [32mÔûÂ[39m /_astro/photo-1499951360447-b19be8fe80-aHR0cHM6_Z1IQGbW.webp [2m(reused cache entry)[22m [2m(+12ms)[22m [2m(44/553)[22m
[2m11:56:19[22m   [32mÔûÂ[39m /_astro/digital_marketing_5_ZbSHVl.webp [2m(reused cache entry)[22m [2m(+12ms)[22m [2m(45/553)[22m
[2m11:56:19[22m   [32mÔûÂ[39m /_astro/photo-1552664730-d307ca884978-aHR0cHM6_ZrdqKx.webp [2m(reused cache entry)[22m [2m(+12ms)[22m [2m(46/553)[22m
[2m11:56:19[22m   [32mÔûÂ[39m /_astro/digital_marketing_4_7JsEq.webp [2m(reused cache entry)[22m [2m(+8ms)[22m [2m(47/553)[22m
[2m11:56:19[22m   [32mÔûÂ[39m /_astro/digital-marketing_Z1RKred.webp [2m(reused cache entry)[22m [2m(+9ms)[22m [2m(48/553)[22m
[2m11:56:19[22m   [32mÔûÂ[39m /_astro/hero-image_1kW3jS.webp [2m(reused cache entry)[22m [2m(+7ms)[22m [2m(49/553)[22m
[2m11:56:19[22m   [32mÔûÂ[39m /_astro/digital_marketing_3_kigBj.webp [2m(reused cache entry)[22m [2m(+8ms)[22m [2m(50/553)[22m
[2m11:56:19[22m   [32mÔûÂ[39m /_astro/digital_marketing_2_Z1Whvtc.webp [2m(reused cache entry)[22m [2m(+10ms)[22m [2m(51/553)[22m
[2m11:56:19[22m   [32mÔûÂ[39m /_astro/digital_marketing_5_Z1TQq9G.webp [2m(reused cache entry)[22m [2m(+10ms)[22m [2m(52/553)[22m
[2m11:56:19[22m   [32mÔûÂ[39m /_astro/digital_marketing_6_2qgWkp.webp [2m(reused cache entry)[22m [2m(+12ms)[22m [2m(53/553)[22m
[2m11:56:19[22m   [32mÔûÂ[39m /_astro/digital_marketing_4_Z1AdexU.webp [2m(reused cache entry)[22m [2m(+11ms)[22m [2m(54/553)[22m
[2m11:56:19[22m   [32mÔûÂ[39m /_astro/photo-1519389950473-47ba027778-aHR0cHM6_ZTj5qR.webp [2m(reused cache entry)[22m [2m(+12ms)[22m [2m(55/553)[22m
[2m11:56:19[22m   [32mÔûÂ[39m /_astro/digital-marketing_ZU7Owt.webp [2m(reused cache entry)[22m [2m(+11ms)[22m [2m(56/553)[22m
[2m11:56:19[22m   [32mÔûÂ[39m /_astro/hero-image_1XJDAw.webp [2m(reused cache entry)[22m [2m(+11ms)[22m [2m(57/553)[22m
[2m11:56:19[22m   [32mÔûÂ[39m /_astro/photo-1618835962148-cf177563c6-aHR0cHM6_1Qhfx.webp [2m(reused cache entry)[22m [2m(+10ms)[22m [2m(58/553)[22m
[2m11:56:19[22m   [32mÔûÂ[39m /_astro/digital_marketing_2_ZejNfQ.webp [2m(reused cache entry)[22m [2m(+9ms)[22m [2m(59/553)[22m
[2m11:56:19[22m   [32mÔûÂ[39m /_astro/photo-1557862921-37829c790f19-aHR0cHM6_Z9cHf1.webp [2m(reused cache entry)[22m [2m(+7ms)[22m [2m(60/553)[22m
[2m11:56:19[22m   [32mÔûÂ[39m /_astro/digital_marketing_6_Hjf74.webp [2m(reused cache entry)[22m [2m(+8ms)[22m [2m(61/553)[22m
[2m11:56:19[22m   [32mÔûÂ[39m /_astro/photo-1607746882042-944635dfe1-aHR0cHM6_Z1dtTrA.webp [2m(reused cache entry)[22m [2m(+9ms)[22m [2m(62/553)[22m
[2m11:56:19[22m   [32mÔûÂ[39m /_astro/photo-1519389950473-47ba027778-aHR0cHM6_2rUl9I.webp [2m(reused cache entry)[22m [2m(+12ms)[22m [2m(63/553)[22m
[2m11:56:19[22m   [32mÔûÂ[39m /_astro/digital-marketing_Uuyrw.webp [2m(reused cache entry)[22m [2m(+14ms)[22m [2m(64/553)[22m
[2m11:56:19[22m   [32mÔûÂ[39m /_astro/photo-1618835962148-cf177563c6-aHR0cHM6_a7N0U.webp [2m(reused cache entry)[22m [2m(+13ms)[22m [2m(65/553)[22m
[2m11:56:19[22m   [32mÔûÂ[39m /_astro/hero-image_1aoa4A.jpg [2m(reused cache entry)[22m [2m(+15ms)[22m [2m(66/553)[22m
[2m11:56:19[22m   [32mÔûÂ[39m /_astro/photo-1556155092-490a1ba16284-aHR0cHM6_ZnyRUN.webp [2m(reused cache entry)[22m [2m(+15ms)[22m [2m(67/553)[22m
[2m11:56:19[22m   [32mÔûÂ[39m /_astro/photo-1557862921-37829c790f19-aHR0cHM6_Zhte0o.webp [2m(reused cache entry)[22m [2m(+15ms)[22m [2m(68/553)[22m
[2m11:56:19[22m   [32mÔûÂ[39m /_astro/photo-1600267204091-5c1ab8b10c-aHR0cHM6_Z2dxVb4.webp [2m(reused cache entry)[22m [2m(+14ms)[22m [2m(69/553)[22m
[2m11:56:19[22m   [32mÔûÂ[39m /_astro/photo-1607746882042-944635dfe1-aHR0cHM6_Z15dnGd.webp [2m(reused cache entry)[22m [2m(+14ms)[22m [2m(70/553)[22m
[2m11:56:19[22m   [32mÔûÂ[39m /_astro/photo-1519389950473-47ba027778-aHR0cHM6_Z1PqzPa.jpg [2m(reused cache entry)[22m [2m(+10ms)[22m [2m(71/553)[22m
[2m11:56:19[22m   [32mÔûÂ[39m /_astro/digital-marketing_ZMpP2j.jpg [2m(reused cache entry)[22m [2m(+9ms)[22m [2m(72/553)[22m
[2m11:56:19[22m   [32mÔûÂ[39m /_astro/hero-image_2q7doT.webp [2m(reused cache entry)[22m [2m(+11ms)[22m [2m(73/553)[22m
[2m11:56:19[22m   [32mÔûÂ[39m /_astro/photo-1565049786474-1dea82a8b9-aHR0cHM6_1uJE7v.webp [2m(reused cache entry)[22m [2m(+12ms)[22m [2m(74/553)[22m
[2m11:56:19[22m   [32mÔûÂ[39m /_astro/photo-1556155092-490a1ba16284-aHR0cHM6_Z26wA99.webp [2m(reused cache entry)[22m [2m(+13ms)[22m [2m(75/553)[22m
[2m11:56:19[22m   [32mÔûÂ[39m /_astro/photo-1626785774573-4b79931534-aHR0cHM6_Z15SFoW.webp [2m(reused cache entry)[22m [2m(+12ms)[22m [2m(76/553)[22m
[2m11:56:19[22m   [32mÔûÂ[39m /_astro/photo-1600267204091-5c1ab8b10c-aHR0cHM6_ZuAdWI.webp [2m(reused cache entry)[22m [2m(+12ms)[22m [2m(77/553)[22m
[2m11:56:19[22m   [32mÔûÂ[39m /_astro/photo-1619734086067-24bf8889ea-aHR0cHM6_1a8h4y.webp [2m(reused cache entry)[22m [2m(+13ms)[22m [2m(78/553)[22m
[2m11:56:19[22m   [32mÔûÂ[39m /_astro/digital-marketing_1Vokgt.webp [2m(reused cache entry)[22m [2m(+12ms)[22m [2m(79/553)[22m
[2m11:56:19[22m   [32mÔûÂ[39m /_astro/photo-1519389950473-47ba027778-aHR0cHM6_1mV0lc.webp [2m(reused cache entry)[22m [2m(+13ms)[22m [2m(80/553)[22m
[2m11:56:19[22m   [32mÔûÂ[39m /_astro/hero-image_ZvNIbl.webp [2m(reused cache entry)[22m [2m(+10ms)[22m [2m(81/553)[22m
[2m11:56:19[22m   [32mÔûÂ[39m /_astro/photo-1565049786474-1dea82a8b9-aHR0cHM6_1D1aRS.webp [2m(reused cache entry)[22m [2m(+10ms)[22m [2m(82/553)[22m
[2m11:56:19[22m   [32mÔûÂ[39m /_astro/photo-1626785774573-4b79931534-aHR0cHM6_Z2bbXRl.webp [2m(reused cache entry)[22m [2m(+7ms)[22m [2m(83/553)[22m
[2m11:56:19[22m   [32mÔûÂ[39m /_astro/photo-1611162617213-7d7a39e9b1-aHR0cHM6_ZL6Bbq.webp [2m(reused cache entry)[22m [2m(+8ms)[22m [2m(84/553)[22m
[2m11:56:19[22m   [32mÔûÂ[39m /_astro/photo-1659057106920-da022cfbc0-aHR0cHM6_VhrCQ.webp [2m(reused cache entry)[22m [2m(+8ms)[22m [2m(85/553)[22m
[2m11:56:19[22m   [32mÔûÂ[39m /_astro/photo-1619734086067-24bf8889ea-aHR0cHM6_11QKjb.webp [2m(reused cache entry)[22m [2m(+8ms)[22m [2m(86/553)[22m
[2m11:56:19[22m   [32mÔûÂ[39m /_astro/digital-marketing_cT4vC.webp [2m(reused cache entry)[22m [2m(+10ms)[22m [2m(87/553)[22m
[2m11:56:19[22m   [32mÔûÂ[39m /_astro/photo-1519389950473-47ba027778-aHR0cHM6_aYd1w.webp [2m(reused cache entry)[22m [2m(+10ms)[22m [2m(88/553)[22m
[2m11:56:19[22m   [32mÔûÂ[39m /_astro/hero-image_1cFwyv.webp [2m(reused cache entry)[22m [2m(+10ms)[22m [2m(89/553)[22m
[2m11:56:19[22m   [32mÔûÂ[39m /_astro/photo-1626785774573-4b79931534-aHR0cHM6_2t8uqV.webp [2m(reused cache entry)[22m [2m(+10ms)[22m [2m(90/553)[22m
[2m11:56:19[22m   [32mÔûÂ[39m /_astro/photo-1562654501-a0ccc0fc3fb1-aHR0cHM6_18jRTo.webp [2m(reused cache entry)[22m [2m(+12ms)[22m [2m(91/553)[22m
[2m11:56:19[22m   [32mÔûÂ[39m /_astro/photo-1611162617213-7d7a39e9b1-aHR0cHM6_Z2u4joL.webp [2m(reused cache entry)[22m [2m(+16ms)[22m [2m(92/553)[22m
[2m11:56:19[22m   [32mÔûÂ[39m /_astro/photo-1659057106920-da022cfbc0-aHR0cHM6_N0URt.webp [2m(reused cache entry)[22m [2m(+16ms)[22m [2m(93/553)[22m
[2m11:56:19[22m   [32mÔûÂ[39m /_astro/photo-1551650975-87deedd944c3-aHR0cHM6_Z1teOhS.webp [2m(reused cache entry)[22m [2m(+18ms)[22m [2m(94/553)[22m
[2m11:56:19[22m   [32mÔûÂ[39m /_astro/digital-marketing_16EH6q.webp [2m(reused cache entry)[22m [2m(+16ms)[22m [2m(95/553)[22m
[2m11:56:19[22m   [32mÔûÂ[39m /_astro/hero-image_Z1gMsrO.webp [2m(reused cache entry)[22m [2m(+17ms)[22m [2m(96/553)[22m
[2m11:56:19[22m   [32mÔûÂ[39m /_astro/photo-1555421689-491a97ff2040-aHR0cHM6_Z27Y9zx.webp [2m(reused cache entry)[22m [2m(+19ms)[22m [2m(97/553)[22m
[2m11:56:19[22m   [32mÔûÂ[39m /_astro/photo-1626785774573-4b79931534-aHR0cHM6_1b2rIf.webp [2m(reused cache entry)[22m [2m(+19ms)[22m [2m(98/553)[22m
[2m11:56:19[22m   [32mÔûÂ[39m /_astro/photo-1562654501-a0ccc0fc3fb1-aHR0cHM6_Z2dTxGc.webp [2m(reused cache entry)[22m [2m(+22ms)[22m [2m(99/553)[22m
[2m11:56:19[22m   [32mÔûÂ[39m /_astro/photo-1531973576160-7125cd663d-aHR0cHM6_2diOME.webp [2m(reused cache entry)[22m [2m(+17ms)[22m [2m(100/553)[22m
[2m11:56:19[22m   [32mÔûÂ[39m /_astro/pricing_Z1IY4Wk.webp [2m(reused cache entry)[22m [2m(+13ms)[22m [2m(101/553)[22m
[2m11:56:19[22m   [32mÔûÂ[39m /_astro/photo-1551650975-87deedd944c3-aHR0cHM6_eHRUs.webp [2m(reused cache entry)[22m [2m(+10ms)[22m [2m(102/553)[22m
[2m11:56:19[22m   [32mÔûÂ[39m /_astro/digital-marketing_Z1Um7H4.webp [2m(reused cache entry)[22m [2m(+10ms)[22m [2m(103/553)[22m
[2m11:56:19[22m   [32mÔûÂ[39m /_astro/hero-image_Z1GDIxS.webp [2m(reused cache entry)[22m [2m(+10ms)[22m [2m(104/553)[22m
[2m11:56:19[22m   [32mÔûÂ[39m /_astro/photo-1555421689-491a97ff2040-aHR0cHM6_1efh13.webp [2m(reused cache entry)[22m [2m(+15ms)[22m [2m(105/553)[22m
[2m11:56:19[22m   [32mÔûÂ[39m /_astro/railshero_mDnIn.webp [2m(reused cache entry)[22m [2m(+14ms)[22m [2m(106/553)[22m
[2m11:56:19[22m   [32mÔûÂ[39m /_astro/railsfeatures_11mxTt.webp [2m(reused cache entry)[22m [2m(+11ms)[22m [2m(107/553)[22m
[2m11:56:19[22m   [32mÔûÂ[39m /_astro/pricing_Z1xfDKX.webp [2m(reused cache entry)[22m [2m(+11ms)[22m [2m(108/553)[22m
[2m11:56:19[22m   [32mÔûÂ[39m /_astro/photo-1531973576160-7125cd663d-aHR0cHM6_ul7zj.webp [2m(reused cache entry)[22m [2m(+13ms)[22m [2m(109/553)[22m
[2m11:56:19[22m   [32mÔûÂ[39m /_astro/digital-marketing_ZHYjEa.webp [2m(reused cache entry)[22m [2m(+14ms)[22m [2m(110/553)[22m
[2m11:56:19[22m   [32mÔûÂ[39m /_astro/check-seo-banner-art-1-aHR0cHM6_Z13oAcm.webp [2m(reused cache entry)[22m [2m(+14ms)[22m [2m(111/553)[22m
[2m11:56:19[22m   [32mÔûÂ[39m /_astro/Seo-Strategy-scaled-1-png-aHR0cHM6_Z1ooFXA.webp [2m(reused cache entry)[22m [2m(+15ms)[22m [2m(112/553)[22m
[2m11:56:19[22m   [32mÔûÂ[39m /_astro/Earn-these-qualifications-For--aHR0cHM6_s9MRm.webp [2m(reused cache entry)[22m [2m(+9ms)[22m [2m(113/553)[22m
[2m11:56:19[22m   [32mÔûÂ[39m /_astro/railshero_Z1ThJoO.webp [2m(reused cache entry)[22m [2m(+12ms)[22m [2m(114/553)[22m
[2m11:56:19[22m   [32mÔûÂ[39m /_astro/railsfeatures_ZGA9iR.webp [2m(reused cache entry)[22m [2m(+12ms)[22m [2m(115/553)[22m
[2m11:56:19[22m   [32mÔûÂ[39m /_astro/pricing_Z11mIY.webp [2m(reused cache entry)[22m [2m(+14ms)[22m [2m(116/553)[22m
[2m11:56:19[22m   [32mÔûÂ[39m /_astro/Social-Medias-Transformative-T-aHR0cHM6_22IM5E.webp [2m(reused cache entry)[22m [2m(+13ms)[22m [2m(117/553)[22m
[2m11:56:19[22m   [32mÔûÂ[39m /_astro/check-seo-banner-art-1-aHR0cHM6_Z1ww7qr.jpg [2m(reused cache entry)[22m [2m(+14ms)[22m [2m(118/553)[22m
[2m11:56:19[22m   [32mÔûÂ[39m /_astro/digital-marketing_ZWUUPU.webp [2m(reused cache entry)[22m [2m(+15ms)[22m [2m(119/553)[22m
[2m11:56:19[22m   [32mÔûÂ[39m /_astro/Seo-Strategy-scaled-1-png-aHR0cHM6_1WOJC0.webp [2m(reused cache entry)[22m [2m(+15ms)[22m [2m(120/553)[22m
[2m11:56:19[22m   [32mÔûÂ[39m /_astro/Earn-these-qualifications-For--aHR0cHM6_Z1fMTkY.webp [2m(reused cache entry)[22m [2m(+14ms)[22m [2m(121/553)[22m
[2m11:56:19[22m   [32mÔûÂ[39m /_astro/railshero_Z2hhWdg.webp [2m(reused cache entry)[22m [2m(+10ms)[22m [2m(122/553)[22m
[2m11:56:19[22m   [32mÔûÂ[39m /_astro/pricing_Z1kKlxO.webp [2m(reused cache entry)[22m [2m(+13ms)[22m [2m(123/553)[22m
[2m11:56:19[22m   [32mÔûÂ[39m /_astro/photo-1590650516494-0c8e4a4dd6-aHR0cHM6_2pu5UL.webp [2m(reused cache entry)[22m [2m(+18ms)[22m [2m(124/553)[22m
[2m11:56:19[22m   [32mÔûÂ[39m /_astro/Social-Medias-Transformative-T-aHR0cHM6_jL4Rj.webp [2m(reused cache entry)[22m [2m(+16ms)[22m [2m(125/553)[22m
[2m11:56:19[22m   [32mÔûÂ[39m /_astro/check-seo-banner-art-1-aHR0cHM6_1X14oE.webp [2m(reused cache entry)[22m [2m(+15ms)[22m [2m(126/553)[22m
[2m11:56:19[22m   [32mÔûÂ[39m /_astro/digital-marketing_24EQ1Q.webp [2m(reused cache entry)[22m [2m(+15ms)[22m [2m(127/553)[22m
[2m11:56:19[22m   [32mÔûÂ[39m /_astro/Earn-these-qualifications-For--aHR0cHM6_Z1XaGf6.webp [2m(reused cache entry)[22m [2m(+13ms)[22m [2m(128/553)[22m
[2m11:56:19[22m   [32mÔûÂ[39m /_astro/railshero_25B5VI.webp [2m(reused cache entry)[22m [2m(+16ms)[22m [2m(129/553)[22m
[2m11:56:19[22m   [32mÔûÂ[39m /_astro/photo-1583511655826-05700d52f4-aHR0cHM6_mywSk.webp [2m(reused cache entry)[22m [2m(+17ms)[22m [2m(130/553)[22m
[2m11:56:19[22m   [32mÔûÂ[39m /_astro/photo-1606857521015-7f9fcf4237-aHR0cHM6_RhqJq.webp [2m(reused cache entry)[22m [2m(+11ms)[22m [2m(131/553)[22m
[2m11:56:19[22m   [32mÔûÂ[39m /_astro/photo-1504593811423-6dd6657565-aHR0cHM6_174SQS.webp [2m(reused cache entry)[22m [2m(+11ms)[22m [2m(132/553)[22m
[2m11:56:19[22m   [32mÔûÂ[39m /_astro/photo-1590650516494-0c8e4a4dd6-aHR0cHM6_ZVJkEO.webp [2m(reused cache entry)[22m [2m(+13ms)[22m [2m(133/553)[22m
[2m11:56:19[22m   [32mÔûÂ[39m /_astro/photo-1599420186946-7b6fb4e297-aHR0cHM6_2w0Fb.webp [2m(reused cache entry)[22m [2m(+10ms)[22m [2m(134/553)[22m
[2m11:56:19[22m   [32mÔûÂ[39m /_astro/Earn-these-qualifications-For--aHR0cHM6_1xs6kK.webp [2m(reused cache entry)[22m [2m(+15ms)[22m [2m(135/553)[22m
[2m11:56:19[22m   [32mÔûÂ[39m /_astro/check-seo-banner-art-1-aHR0cHM6_Z21RKVS.webp [2m(reused cache entry)[22m [2m(+17ms)[22m [2m(136/553)[22m
[2m11:56:19[22m   [32mÔûÂ[39m /_astro/edge-native-dominance-astro-6-next-js-16-5fjf-hero_Z2ntI03.webp [2m(reused cache entry)[22m [2m(+15ms)[22m [2m(137/553)[22m
[2m11:56:19[22m   [32mÔûÂ[39m /_astro/photo-1583511655826-05700d52f4-aHR0cHM6_uP3DH.webp [2m(reused cache entry)[22m [2m(+15ms)[22m [2m(138/553)[22m
[2m11:56:19[22m   [32mÔûÂ[39m /_astro/photo-1606857521015-7f9fcf4237-aHR0cHM6_ZPFgsU.webp [2m(reused cache entry)[22m [2m(+15ms)[22m [2m(139/553)[22m
[2m11:56:19[22m   [32mÔûÂ[39m /_astro/photo-1504593811423-6dd6657565-aHR0cHM6_XNn6v.webp [2m(reused cache entry)[22m [2m(+11ms)[22m [2m(140/553)[22m
[2m11:56:19[22m   [32mÔûÂ[39m /_astro/astro-6-beta-s-new-dev-server-ending-q4ts-hero_Z1LOrtJ.webp [2m(reused cache entry)[22m [2m(+13ms)[22m [2m(141/553)[22m
[2m11:56:19[22m   [32mÔûÂ[39m /_astro/photo-1599420186946-7b6fb4e297-aHR0cHM6_Z5Jv5c.webp [2m(reused cache entry)[22m [2m(+13ms)[22m [2m(142/553)[22m
[2m11:56:19[22m   [32mÔûÂ[39m /_astro/edge-native-dominance-astro-6-next-js-16-5fjf-2026-hero_Z21SdI0.webp [2m(reused cache entry)[22m [2m(+13ms)[22m [2m(143/553)[22m
[2m11:56:19[22m   [32mÔûÂ[39m /_astro/check-seo-banner-art-1-aHR0cHM6_f3mbj.webp [2m(reused cache entry)[22m [2m(+13ms)[22m [2m(144/553)[22m
[2m11:56:19[22m   [32mÔûÂ[39m /_astro/edge-native-dominance-astro-6-next-js-16-5fjf-hero_Avlwx.webp [2m(reused cache entry)[22m [2m(+11ms)[22m [2m(145/553)[22m
[2m11:56:19[22m   [32mÔûÂ[39m /_astro/environment-native-development-is-the-2026-standard-for-8pdb-hero_1wMNKw.webp [2m(reused cache entry)[22m [2m(+11ms)[22m [2m(146/553)[22m
[2m11:56:19[22m   [32mÔûÂ[39m /_astro/next-js-16-explicit-caching-vs-astro-6-6r2x_Z1XUmEP.webp [2m(reused cache entry)[22m [2m(+14ms)[22m [2m(147/553)[22m
[2m11:56:19[22m   [32mÔûÂ[39m /_astro/the-2026-runtime-fidelity-shift-in-next-js-bzvl-hero_Z23MBQu.webp [2m(reused cache entry)[22m [2m(+15ms)[22m [2m(148/553)[22m
[2m11:56:19[22m   [32mÔûÂ[39m /_astro/astro-6-beta-s-new-dev-server-ending-q4ts-hero_jmBMB.webp [2m(reused cache entry)[22m [2m(+12ms)[22m [2m(149/553)[22m
[2m11:56:19[22m   [32mÔûÂ[39m /_astro/beyond-hydration-mastering-next-js-16-caching-and-kqvu-hero_1fh3bu.webp [2m(reused cache entry)[22m [2m(+13ms)[22m [2m(150/553)[22m
[2m11:56:19[22m   [32mÔûÂ[39m /_astro/edge-native-dominance-astro-6-next-js-16-5fjf-2026-hero_4iPyl.webp [2m(reused cache entry)[22m [2m(+8ms)[22m [2m(151/553)[22m
[2m11:56:19[22m   [32mÔûÂ[39m /_astro/astro-6-beta-and-next-js-16-the-87xw-hero_Nb48e.webp [2m(reused cache entry)[22m [2m(+9ms)[22m [2m(152/553)[22m
[2m11:56:19[22m   [32mÔûÂ[39m /_astro/edge-native-dominance-astro-6-next-js-16-5fjf-hero_qKR1y.webp [2m(reused cache entry)[22m [2m(+9ms)[22m [2m(153/553)[22m
[2m11:56:19[22m   [32mÔûÂ[39m /_astro/next-js-16-explicit-caching-vs-astro-6-6r2x_104GQK.webp [2m(reused cache entry)[22m [2m(+16ms)[22m [2m(154/553)[22m
[2m11:56:19[22m   [32mÔûÂ[39m /_astro/environment-native-development-is-the-2026-standard-for-8pdb-hero_Z1rcfL4.webp [2m(reused cache entry)[22m [2m(+20ms)[22m [2m(155/553)[22m
[2m11:56:19[22m   [32mÔûÂ[39m /_astro/the-2026-runtime-fidelity-shift-in-next-js-bzvl-hero_2orpQ.webp [2m(reused cache entry)[22m [2m(+16ms)[22m [2m(156/553)[22m
[2m11:56:19[22m   [32mÔûÂ[39m /_astro/astro-6-beta-s-new-dev-server-ending-q4ts-hero_KpAUM.jpg [2m(reused cache entry)[22m [2m(+16ms)[22m [2m(157/553)[22m
[2m11:56:19[22m   [32mÔûÂ[39m /_astro/beyond-hydration-mastering-next-js-16-caching-and-kqvu-hero_ZPU15Q.webp [2m(reused cache entry)[22m [2m(+18ms)[22m [2m(158/553)[22m
[2m11:56:19[22m   [32mÔûÂ[39m /_astro/astro-6-next-js-16-and-sveltekit-lead-vgmk-hero_KFYBn.webp [2m(reused cache entry)[22m [2m(+18ms)[22m [2m(159/553)[22m
[2m11:56:19[22m   [32mÔûÂ[39m /_astro/astro-6-beta-and-next-js-16-the-87xw-hero_Z2aO0om.webp [2m(reused cache entry)[22m [2m(+17ms)[22m [2m(160/553)[22m
[2m11:56:19[22m   [32mÔûÂ[39m /_astro/edge-native-dominance-astro-6-next-js-16-5fjf-hero_Z31c3q.jpg [2m(reused cache entry)[22m [2m(+24ms)[22m [2m(161/553)[22m
[2m11:56:19[22m   [32mÔûÂ[39m /_astro/next-js-16-explicit-caching-vs-astro-6-6r2x_Z2kmI9D.webp [2m(reused cache entry)[22m [2m(+14ms)[22m [2m(162/553)[22m
[2m11:56:19[22m   [32mÔûÂ[39m /_astro/environment-native-development-is-the-2026-standard-for-8pdb-hero_1h4KC4.jpg [2m(reused cache entry)[22m [2m(+15ms)[22m [2m(163/553)[22m
[2m11:56:19[22m   [32mÔûÂ[39m /_astro/the-2026-runtime-fidelity-shift-in-next-js-bzvl-hero_ZUEKxh.jpg [2m(reused cache entry)[22m [2m(+14ms)[22m [2m(164/553)[22m
[2m11:56:19[22m   [32mÔûÂ[39m /_astro/astro-6-beta-s-new-dev-server-ending-q4ts-hero_Z1BwpAj.webp [2m(reused cache entry)[22m [2m(+14ms)[22m [2m(165/553)[22m
[2m11:56:19[22m   [32mÔûÂ[39m /_astro/beyond-hydration-mastering-next-js-16-caching-and-kqvu-hero_Z1UnK0z.jpg [2m(reused cache entry)[22m [2m(+13ms)[22m [2m(166/553)[22m
[2m11:56:19[22m   [32mÔûÂ[39m /_astro/astro-6-next-js-16-and-sveltekit-lead-vgmk-hero_Z1kv4EX.webp [2m(reused cache entry)[22m [2m(+14ms)[22m [2m(167/553)[22m
[2m11:56:19[22m   [32mÔûÂ[39m /_astro/astro-6-beta-and-next-js-16-the-87xw-hero_ZtS4Tq.jpg [2m(reused cache entry)[22m [2m(+14ms)[22m [2m(168/553)[22m
[2m11:56:19[22m   [32mÔûÂ[39m /_astro/edge-native-dominance-astro-6-next-js-16-5fjf-hero_KNnpX.webp [2m(reused cache entry)[22m [2m(+6ms)[22m [2m(169/553)[22m
[2m11:56:19[22m   [32mÔûÂ[39m /_astro/next-js-16-explicit-caching-vs-astro-6-6r2x_1amIKb.webp [2m(reused cache entry)[22m [2m(+7ms)[22m [2m(170/553)[22m
[2m11:56:19[22m   [32mÔûÂ[39m /_astro/environment-native-development-is-the-2026-standard-for-8pdb-hero_ZWxDLy.webp [2m(reused cache entry)[22m [2m(+6ms)[22m [2m(171/553)[22m
[2m11:56:19[22m   [32mÔûÂ[39m /_astro/the-2026-runtime-fidelity-shift-in-next-js-bzvl-hero_Z1SuzX4.webp [2m(reused cache entry)[22m [2m(+7ms)[22m [2m(172/553)[22m
[2m11:56:19[22m   [32mÔûÂ[39m /_astro/astro-6-beta-s-new-dev-server-ending-q4ts-hero_Z2e11a0.webp [2m(reused cache entry)[22m [2m(+8ms)[22m [2m(173/553)[22m
[2m11:56:19[22m   [32mÔûÂ[39m /_astro/beyond-hydration-mastering-next-js-16-caching-and-kqvu-hero_ZFBYcq.webp [2m(reused cache entry)[22m [2m(+9ms)[22m [2m(174/553)[22m
[2m11:56:19[22m   [32mÔûÂ[39m /_astro/astro-6-next-js-16-and-sveltekit-lead-vgmk-hero_Z1qn7NV.jpg [2m(reused cache entry)[22m [2m(+8ms)[22m [2m(175/553)[22m
[2m11:56:19[22m   [32mÔûÂ[39m /_astro/astro-6-beta-and-next-js-16-the-87xw-hero_1MfRPX.webp [2m(reused cache entry)[22m [2m(+14ms)[22m [2m(176/553)[22m
[2m11:56:19[22m   [32mÔûÂ[39m /_astro/next-js-16-vs-astro-5-16-vs-xr9x-hero_x8Im0.webp [2m(reused cache entry)[22m [2m(+16ms)[22m [2m(177/553)[22m
[2m11:56:19[22m   [32mÔûÂ[39m /_astro/next-js-16-explicit-caching-vs-astro-6-6r2x_Z1ptHNe.jpg [2m(reused cache entry)[22m [2m(+15ms)[22m [2m(178/553)[22m
[2m11:56:19[22m   [32mÔûÂ[39m /_astro/environment-native-development-is-the-2026-standard-for-8pdb-hero_1H5PDW.webp [2m(reused cache entry)[22m [2m(+16ms)[22m [2m(179/553)[22m
[2m11:56:19[22m   [32mÔûÂ[39m /_astro/the-2026-runtime-fidelity-shift-in-next-js-bzvl-hero_ZFG05v.webp [2m(reused cache entry)[22m [2m(+17ms)[22m [2m(180/553)[22m
[2m11:56:19[22m   [32mÔûÂ[39m /_astro/beyond-hydration-mastering-next-js-16-caching-and-kqvu-hero_1g9ERL.webp [2m(reused cache entry)[22m [2m(+21ms)[22m [2m(181/553)[22m
[2m11:56:19[22m   [32mÔûÂ[39m /_astro/2026-wasm-benchmarks-next-js-vs-astro-vs-kybc-hero_1bYoTt.webp [2m(reused cache entry)[22m [2m(+22ms)[22m [2m(182/553)[22m
[2m11:56:19[22m   [32mÔûÂ[39m /_astro/astro-6-next-js-16-and-sveltekit-lead-vgmk-hero_1tqhu1.webp [2m(reused cache entry)[22m [2m(+22ms)[22m [2m(183/553)[22m
[2m11:56:19[22m   [32mÔûÂ[39m /_astro/next-js-16-vs-astro-5-16-vs-xr9x-hero_Z2qQlaA.webp [2m(reused cache entry)[22m [2m(+13ms)[22m [2m(184/553)[22m
[2m11:56:19[22m   [32mÔûÂ[39m /_astro/astro-6-beta-and-next-js-16-the-87xw-hero_Xt61E.webp [2m(reused cache entry)[22m [2m(+14ms)[22m [2m(185/553)[22m
[2m11:56:19[22m   [32mÔûÂ[39m /_astro/engineering-the-2026-web-nextjs-16-observability-performance-hero_12fyQd.webp [2m(reused cache entry)[22m [2m(+14ms)[22m [2m(186/553)[22m
[2m11:56:19[22m   [32mÔûÂ[39m /_astro/2026-web-stack-svelte-5-46-astro-6-i6lg-hero_ZOpyRd.webp [2m(reused cache entry)[22m [2m(+13ms)[22m [2m(187/553)[22m
[2m11:56:19[22m   [32mÔûÂ[39m /_astro/next-js-15-2-astro-5-2-a-2dm6-hero_bqlHJ.webp [2m(reused cache entry)[22m [2m(+13ms)[22m [2m(188/553)[22m
[2m11:56:19[22m   [32mÔûÂ[39m /_astro/next-js-16-features-and-astro-6-automate-7ua1-hero_1S5Ltw.webp [2m(reused cache entry)[22m [2m(+6ms)[22m [2m(189/553)[22m
[2m11:56:19[22m   [32mÔûÂ[39m /_astro/next-js-16-vs-astro-5-16-vs-xr9x-hero_Z2urcHX.jpg [2m(reused cache entry)[22m [2m(+6ms)[22m [2m(190/553)[22m
[2m11:56:19[22m   [32mÔûÂ[39m /_astro/2026-wasm-benchmarks-next-js-vs-astro-vs-kybc-hero_ZTcEmR.webp [2m(reused cache entry)[22m [2m(+6ms)[22m [2m(191/553)[22m
[2m11:56:19[22m   [32mÔûÂ[39m /_astro/static-site-generation-the-key-to-efficient-modern-hero_19QCGn.webp [2m(reused cache entry)[22m [2m(+8ms)[22m [2m(192/553)[22m
[2m11:56:19[22m   [32mÔûÂ[39m /_astro/astro-6-next-js-16-and-sveltekit-lead-vgmk-hero_Z1ad2Lx.webp [2m(reused cache entry)[22m [2m(+11ms)[22m [2m(193/553)[22m
[2m11:56:19[22m   [32mÔûÂ[39m /_astro/engineering-the-2026-web-nextjs-16-observability-performance-hero_Z1VJuFn.webp [2m(reused cache entry)[22m [2m(+13ms)[22m [2m(194/553)[22m
[2m11:56:19[22m   [32mÔûÂ[39m /_astro/2026-web-stack-svelte-5-46-astro-6-i6lg-hero_29zuEn.webp [2m(reused cache entry)[22m [2m(+13ms)[22m [2m(195/553)[22m
[2m11:56:19[22m   [32mÔûÂ[39m /_astro/next-js-16-features-and-astro-6-automate-7ua1-hero_Z15Ti34.webp [2m(reused cache entry)[22m [2m(+11ms)[22m [2m(196/553)[22m
[2m11:56:19[22m   [32mÔûÂ[39m /_astro/next-js-15-2-astro-5-2-a-2dm6-hero_Z1TKHyB.webp [2m(reused cache entry)[22m [2m(+13ms)[22m [2m(197/553)[22m
[2m11:56:19[22m   [32mÔûÂ[39m /_astro/next-js-16-vs-astro-5-16-vs-xr9x-hero_Z1gIwkd.webp [2m(reused cache entry)[22m [2m(+13ms)[22m [2m(198/553)[22m
[2m11:56:19[22m   [32mÔûÂ[39m /_astro/2026-wasm-benchmarks-next-js-vs-astro-vs-kybc-hero_ZSAlPI.jpg [2m(reused cache entry)[22m [2m(+13ms)[22m [2m(199/553)[22m
[2m11:56:19[22m   [32mÔûÂ[39m /_astro/static-site-generation-the-key-to-efficient-modern-hero_ZVkqzX.webp [2m(reused cache entry)[22m [2m(+11ms)[22m [2m(200/553)[22m
[2m11:56:19[22m   [32mÔûÂ[39m /_astro/mastering-cross-platform-apps-with-flutter-a-hero_Z1JgKRf.webp [2m(reused cache entry)[22m [2m(+9ms)[22m [2m(201/553)[22m
[2m11:56:19[22m   [32mÔûÂ[39m /_astro/engineering-the-2026-web-nextjs-16-observability-performance-hero_10LBXd.jpg [2m(reused cache entry)[22m [2m(+6ms)[22m [2m(202/553)[22m
[2m11:56:19[22m   [32mÔûÂ[39m /_astro/2026-web-stack-svelte-5-46-astro-6-i6lg-hero_Z1QsV3y.jpg [2m(reused cache entry)[22m [2m(+8ms)[22m [2m(203/553)[22m
[2m11:56:19[22m   [32mÔûÂ[39m /_astro/next-js-16-features-and-astro-6-automate-7ua1-hero_ZMBa8p.jpg [2m(reused cache entry)[22m [2m(+11ms)[22m [2m(204/553)[22m
[2m11:56:19[22m   [32mÔûÂ[39m /_astro/next-js-15-2-astro-5-2-a-2dm6-hero_Z1tVjf7.jpg [2m(reused cache entry)[22m [2m(+11ms)[22m [2m(205/553)[22m
[2m11:56:19[22m   [32mÔûÂ[39m /_astro/next-js-16-vs-astro-5-16-vs-xr9x-hero_HqKfq.webp [2m(reused cache entry)[22m [2m(+13ms)[22m [2m(206/553)[22m
[2m11:56:19[22m   [32mÔûÂ[39m /_astro/2026-wasm-benchmarks-next-js-vs-astro-vs-kybc-hero_ZoNhKJ.webp [2m(reused cache entry)[22m [2m(+12ms)[22m [2m(207/553)[22m
[2m11:56:19[22m   [32mÔûÂ[39m /_astro/static-site-generation-the-key-to-efficient-modern-hero_Z2bYC3b.jpg [2m(reused cache entry)[22m [2m(+13ms)[22m [2m(208/553)[22m
[2m11:56:19[22m   [32mÔûÂ[39m /_astro/mastering-cross-platform-apps-with-flutter-a-hero_lUip6.webp [2m(reused cache entry)[22m [2m(+13ms)[22m [2m(209/553)[22m
[2m11:56:19[22m   [32mÔûÂ[39m /_astro/engineering-the-2026-web-nextjs-16-observability-performance-hero_1cxAJD.webp [2m(reused cache entry)[22m [2m(+14ms)[22m [2m(210/553)[22m
[2m11:56:19[22m   [32mÔûÂ[39m /_astro/2026-web-stack-svelte-5-46-astro-6-i6lg-hero_2jRwxN.webp [2m(reused cache entry)[22m [2m(+15ms)[22m [2m(211/553)[22m
[2m11:56:19[22m   [32mÔûÂ[39m /_astro/next-js-16-features-and-astro-6-automate-7ua1-hero_23nNmW.webp [2m(reused cache entry)[22m [2m(+11ms)[22m [2m(212/553)[22m
[2m11:56:19[22m   [32mÔûÂ[39m /_astro/next-js-15-2-astro-5-2-a-2dm6-hero_Z1JsFFb.webp [2m(reused cache entry)[22m [2m(+10ms)[22m [2m(213/553)[22m
[2m11:56:19[22m   [32mÔûÂ[39m /_astro/the-2025-cybersecurity-blueprint-5-non-negotiable-measures-hero_ZltMe6.webp [2m(reused cache entry)[22m [2m(+8ms)[22m [2m(214/553)[22m
[2m11:56:19[22m   [32mÔûÂ[39m /_astro/2026-wasm-benchmarks-next-js-vs-astro-vs-kybc-hero_ZITCtr.webp [2m(reused cache entry)[22m [2m(+8ms)[22m [2m(215/553)[22m
[2m11:56:19[22m   [32mÔûÂ[39m /_astro/static-site-generation-the-key-to-efficient-modern-hero_ZL2oGx.webp [2m(reused cache entry)[22m [2m(+7ms)[22m [2m(216/553)[22m
[2m11:56:19[22m   [32mÔûÂ[39m /_astro/mastering-cross-platform-apps-with-flutter-a-hero_Ygh7S.jpg [2m(reused cache entry)[22m [2m(+13ms)[22m [2m(217/553)[22m
[2m11:56:19[22m   [32mÔûÂ[39m /_astro/engineering-the-2026-web-nextjs-16-observability-performance-hero_Z1dPMqp.webp [2m(reused cache entry)[22m [2m(+19ms)[22m [2m(218/553)[22m
[2m11:56:19[22m   [32mÔûÂ[39m /_astro/next-js-15-2-astro-5-2-a-2dm6-hero_Z1aU2O0.webp [2m(reused cache entry)[22m [2m(+15ms)[22m [2m(219/553)[22m
[2m11:56:19[22m   [32mÔûÂ[39m /_astro/2026-web-stack-svelte-5-46-astro-6-i6lg-hero_Z266VaR.webp [2m(reused cache entry)[22m [2m(+17ms)[22m [2m(220/553)[22m
[2m11:56:19[22m   [32mÔûÂ[39m /_astro/the-2025-cybersecurity-blueprint-5-non-negotiable-measures-hero_1JHh3f.webp [2m(reused cache entry)[22m [2m(+16ms)[22m [2m(221/553)[22m
[2m11:56:19[22m   [32mÔûÂ[39m /_astro/unlocking-efficiency-how-pythons-re-library-transforms-text-processing-for-uk-businesses-hero_Z1JtLF0.webp [2m(reused cache entry)[22m [2m(+23ms)[22m [2m(222/553)[22m
[2m11:56:19[22m   [32mÔûÂ[39m /_astro/static-site-generation-the-key-to-efficient-modern-hero_Z1tKhpM.webp [2m(reused cache entry)[22m [2m(+26ms)[22m [2m(223/553)[22m
[2m11:56:19[22m   [32mÔûÂ[39m /_astro/mastering-cross-platform-apps-with-flutter-a-hero_ZUSR6K.webp [2m(reused cache entry)[22m [2m(+20ms)[22m [2m(224/553)[22m
[2m11:56:19[22m   [32mÔûÂ[39m /_astro/next-js-16-features-and-astro-6-automate-7ua1-hero_ZiO63q.webp [2m(reused cache entry)[22m [2m(+28ms)[22m [2m(225/553)[22m
[2m11:56:19[22m   [32mÔûÂ[39m /_astro/navigating-the-impact-of-emerging-tech-on-uk-businesses-a-strategic-roadmap-hero_Z1QCngb.webp [2m(reused cache entry)[22m [2m(+14ms)[22m [2m(226/553)[22m
[2m11:56:19[22m   [32mÔûÂ[39m /_astro/future-proofing-enterprise-web-the-rise-of-composable-dxp-architectures-hero_1zQuox.webp [2m(reused cache entry)[22m [2m(+14ms)[22m [2m(227/553)[22m
[2m11:56:19[22m   [32mÔûÂ[39m /_astro/the-2025-cybersecurity-blueprint-5-non-negotiable-measures-hero_Z1gyNI4.jpg [2m(reused cache entry)[22m [2m(+14ms)[22m [2m(228/553)[22m
[2m11:56:19[22m   [32mÔûÂ[39m /_astro/rust-in-web-development-beyond-webassembly-building-high-performance-web-services-hero_15w8i7.webp [2m(reused cache entry)[22m [2m(+17ms)[22m [2m(229/553)[22m
[2m11:56:19[22m   [32mÔûÂ[39m /_astro/unlocking-efficiency-how-pythons-re-library-transforms-text-processing-for-uk-businesses-hero_1evhQA.webp [2m(reused cache entry)[22m [2m(+10ms)[22m [2m(230/553)[22m
[2m11:56:19[22m   [32mÔûÂ[39m /_astro/navigating-the-ai-frontier-ethics-and-governance-in-custom-software-development-for-uk-businesses-hero_Z9gVkB.webp [2m(reused cache entry)[22m [2m(+8ms)[22m [2m(231/553)[22m
[2m11:56:19[22m   [32mÔûÂ[39m /_astro/unlocking-scalability-and-efficiency-a-guide-to-serverless-computing-for-uk-businesses-hero_Z2nRvUk.webp [2m(reused cache entry)[22m [2m(+14ms)[22m [2m(232/553)[22m
[2m11:56:19[22m   [32mÔûÂ[39m /_astro/navigating-the-impact-of-emerging-tech-on-uk-businesses-a-strategic-roadmap-hero_17mGgp.webp [2m(reused cache entry)[22m [2m(+15ms)[22m [2m(233/553)[22m
[2m11:56:19[22m   [32mÔûÂ[39m /_astro/mastering-cross-platform-apps-with-flutter-a-hero_Z1yXIXO.webp [2m(reused cache entry)[22m [2m(+16ms)[22m [2m(234/553)[22m
[2m11:56:19[22m   [32mÔûÂ[39m /_astro/future-proofing-enterprise-web-the-rise-of-composable-dxp-architectures-hero_ZvkyRN.webp [2m(reused cache entry)[22m [2m(+14ms)[22m [2m(235/553)[22m
[2m11:56:19[22m   [32mÔûÂ[39m /_astro/the-2025-cybersecurity-blueprint-5-non-negotiable-measures-hero_1sShel.webp [2m(reused cache entry)[22m [2m(+17ms)[22m [2m(236/553)[22m
[2m11:56:19[22m   [32mÔûÂ[39m /_astro/rust-in-web-development-beyond-webassembly-building-high-performance-web-services-hero_Z10EUYe.webp [2m(reused cache entry)[22m [2m(+15ms)[22m [2m(237/553)[22m
[2m11:56:19[22m   [32mÔûÂ[39m /_astro/unlocking-efficiency-how-pythons-re-library-transforms-text-processing-for-uk-businesses-hero_Z2eGKd8.jpg [2m(reused cache entry)[22m [2m(+17ms)[22m [2m(238/553)[22m
[2m11:56:19[22m   [32mÔûÂ[39m /_astro/navigating-the-ai-frontier-ethics-and-governance-in-custom-software-development-for-uk-businesses-hero_Z2ft0BW.webp [2m(reused cache entry)[22m [2m(+16ms)[22m [2m(239/553)[22m
[2m11:56:19[22m   [32mÔûÂ[39m /_astro/unlocking-scalability-and-efficiency-a-guide-to-serverless-computing-for-uk-businesses-hero_A7xBg.webp [2m(reused cache entry)[22m [2m(+9ms)[22m [2m(240/553)[22m
[2m11:56:19[22m   [32mÔûÂ[39m /_astro/navigating-the-impact-of-emerging-tech-on-uk-businesses-a-strategic-roadmap-hero_1mKXmG.webp [2m(reused cache entry)[22m [2m(+9ms)[22m [2m(241/553)[22m
[2m11:56:19[22m   [32mÔûÂ[39m /_astro/ai-powered-custom-software-development-transforming-uk-businesses-hero_Z138sHd.webp [2m(reused cache entry)[22m [2m(+13ms)[22m [2m(242/553)[22m
[2m11:56:19[22m   [32mÔûÂ[39m /_astro/future-proofing-enterprise-web-the-rise-of-composable-dxp-architectures-hero_Zl2wYn.webp [2m(reused cache entry)[22m [2m(+13ms)[22m [2m(243/553)[22m
[2m11:56:19[22m   [32mÔûÂ[39m /_astro/the-2025-cybersecurity-blueprint-5-non-negotiable-measures-hero_ZbbKkF.webp [2m(reused cache entry)[22m [2m(+12ms)[22m [2m(244/553)[22m
[2m11:56:19[22m   [32mÔûÂ[39m /_astro/rust-in-web-development-beyond-webassembly-building-high-performance-web-services-hero_ZPmT5N.webp [2m(reused cache entry)[22m [2m(+12ms)[22m [2m(245/553)[22m
[2m11:56:19[22m   [32mÔûÂ[39m /_astro/unlocking-efficiency-how-pythons-re-library-transforms-text-processing-for-uk-businesses-hero_1oNjK1.webp [2m(reused cache entry)[22m [2m(+11ms)[22m [2m(246/553)[22m
[2m11:56:19[22m   [32mÔûÂ[39m /_astro/navigating-the-ai-frontier-ethics-and-governance-in-custom-software-development-for-uk-businesses-hero_ZLUo5z.jpg [2m(reused cache entry)[22m [2m(+11ms)[22m [2m(247/553)[22m
[2m11:56:19[22m   [32mÔûÂ[39m /_astro/unlocking-scalability-and-efficiency-a-guide-to-serverless-computing-for-uk-businesses-hero_eF0pU.webp [2m(reused cache entry)[22m [2m(+11ms)[22m [2m(248/553)[22m
[2m11:56:19[22m   [32mÔûÂ[39m /_astro/navigating-the-impact-of-emerging-tech-on-uk-businesses-a-strategic-roadmap-hero_1aVXkE.jpg [2m(reused cache entry)[22m [2m(+9ms)[22m [2m(249/553)[22m
[2m11:56:19[22m   [32mÔûÂ[39m /_astro/ai-powered-custom-software-development-transforming-uk-businesses-hero_1UQAOn.webp [2m(reused cache entry)[22m [2m(+7ms)[22m [2m(250/553)[22m
[2m11:56:19[22m   [32mÔûÂ[39m /_astro/future-proofing-enterprise-web-the-rise-of-composable-dxp-architectures-hero_1xLcRq.webp [2m(reused cache entry)[22m [2m(+8ms)[22m [2m(251/553)[22m
[2m11:56:19[22m   [32mÔûÂ[39m /_astro/unlock-peak-performance-server-side-webassembly-for-uk-web-apps-hero_16zWkg.webp [2m(reused cache entry)[22m [2m(+7ms)[22m [2m(252/553)[22m
[2m11:56:19[22m   [32mÔûÂ[39m /_astro/rust-in-web-development-beyond-webassembly-building-high-performance-web-services-hero_2n5O4v.jpg [2m(reused cache entry)[22m [2m(+7ms)[22m [2m(253/553)[22m
[2m11:56:19[22m   [32mÔûÂ[39m /_astro/unlocking-efficiency-how-pythons-re-library-transforms-text-processing-for-uk-businesses-hero_Z53z3E.webp [2m(reused cache entry)[22m [2m(+12ms)[22m [2m(254/553)[22m
[2m11:56:19[22m   [32mÔûÂ[39m /_astro/navigating-the-ai-frontier-ethics-and-governance-in-custom-software-development-for-uk-businesses-hero_Z1wvURN.webp [2m(reused cache entry)[22m [2m(+13ms)[22m [2m(255/553)[22m
[2m11:56:19[22m   [32mÔûÂ[39m /_astro/navigating-the-impact-of-emerging-tech-on-uk-businesses-a-strategic-roadmap-hero_1hEI9P.webp [2m(reused cache entry)[22m [2m(+12ms)[22m [2m(256/553)[22m
[2m11:56:20[22m   [32mÔûÂ[39m /_astro/unlocking-scalability-and-efficiency-a-guide-to-serverless-computing-for-uk-businesses-hero_KpzuG.webp [2m(reused cache entry)[22m [2m(+15ms)[22m [2m(257/553)[22m
[2m11:56:20[22m   [32mÔûÂ[39m /_astro/ai-powered-custom-software-development-transforming-uk-businesses-hero_15Xtx0.webp [2m(reused cache entry)[22m [2m(+15ms)[22m [2m(258/553)[22m
[2m11:56:20[22m   [32mÔûÂ[39m /_astro/future-proofing-enterprise-web-the-rise-of-composable-dxp-architectures-hero_1mUwgQ.jpg [2m(reused cache entry)[22m [2m(+15ms)[22m [2m(259/553)[22m
[2m11:56:20[22m   [32mÔûÂ[39m /_astro/unlock-peak-performance-server-side-webassembly-for-uk-web-apps-hero_Z1Rp7ck.webp [2m(reused cache entry)[22m [2m(+14ms)[22m [2m(260/553)[22m
[2m11:56:20[22m   [32mÔûÂ[39m /_astro/rust-in-web-development-beyond-webassembly-building-high-performance-web-services-hero_1o1p41.webp [2m(reused cache entry)[22m [2m(+15ms)[22m [2m(261/553)[22m
[2m11:56:20[22m   [32mÔûÂ[39m /_astro/svelte-5-runes-powering-high-performance-web-apps-for-uk-businesses-in-2025-hero_Z1ckA4l.webp [2m(reused cache entry)[22m [2m(+9ms)[22m [2m(262/553)[22m
[2m11:56:20[22m   [32mÔûÂ[39m /_astro/navigating-the-ai-frontier-ethics-and-governance-in-custom-software-development-for-uk-businesses-hero_Z25aXIw.webp [2m(reused cache entry)[22m [2m(+10ms)[22m [2m(263/553)[22m
[2m11:56:20[22m   [32mÔûÂ[39m /_astro/react-vue-or-svelte-framework-choices-for-2025-hero_2ooEpF.webp [2m(reused cache entry)[22m [2m(+15ms)[22m [2m(264/553)[22m
[2m11:56:20[22m   [32mÔûÂ[39m /_astro/unlocking-scalability-and-efficiency-a-guide-to-serverless-computing-for-uk-businesses-hero_ZG1J87.jpg [2m(reused cache entry)[22m [2m(+15ms)[22m [2m(265/553)[22m
[2m11:56:20[22m   [32mÔûÂ[39m /_astro/ai-powered-custom-software-development-transforming-uk-businesses-hero_Z26SSQe.jpg [2m(reused cache entry)[22m [2m(+14ms)[22m [2m(266/553)[22m
[2m11:56:20[22m   [32mÔûÂ[39m /_astro/boost-your-web-apps-with-sveltekit-20-and-rust-hero_1d6JHd.webp [2m(reused cache entry)[22m [2m(+14ms)[22m [2m(267/553)[22m
[2m11:56:20[22m   [32mÔûÂ[39m /_astro/unlock-peak-performance-server-side-webassembly-for-uk-web-apps-hero_1gRYdG.webp [2m(reused cache entry)[22m [2m(+17ms)[22m [2m(268/553)[22m
[2m11:56:20[22m   [32mÔûÂ[39m /_astro/astro-50-elevating-uk-business-web-experiences-with-view-transitions-image-optimisation-hero_Z2sL1Mz.webp [2m(reused cache entry)[22m [2m(+16ms)[22m [2m(269/553)[22m
[2m11:56:20[22m   [32mÔûÂ[39m /_astro/svelte-5-runes-powering-high-performance-web-apps-for-uk-businesses-in-2025-hero_1LEtsf.webp [2m(reused cache entry)[22m [2m(+16ms)[22m [2m(270/553)[22m
[2m11:56:20[22m   [32mÔûÂ[39m /_astro/react-vue-or-svelte-framework-choices-for-2025-hero_ZzAp6U.webp [2m(reused cache entry)[22m [2m(+8ms)[22m [2m(271/553)[22m
[2m11:56:20[22m   [32mÔûÂ[39m /_astro/boost-your-seo-with-sveltekit-and-astro-for-uk-web-apps-hero_Z2w3pe.webp [2m(reused cache entry)[22m [2m(+8ms)[22m [2m(272/553)[22m
[2m11:56:20[22m   [32mÔûÂ[39m /_astro/leveraging-astro-and-sveltekit-for-seo-driven-web-development-hero_D7tXL.webp [2m(reused cache entry)[22m [2m(+7ms)[22m [2m(273/553)[22m
[2m11:56:20[22m   [32mÔûÂ[39m /_astro/ai-powered-custom-software-development-transforming-uk-businesses-hero_269CHN.webp [2m(reused cache entry)[22m [2m(+13ms)[22m [2m(274/553)[22m
[2m11:56:20[22m   [32mÔûÂ[39m /_astro/boost-your-web-apps-with-sveltekit-20-and-rust-hero_Z1KSjOn.webp [2m(reused cache entry)[22m [2m(+14ms)[22m [2m(275/553)[22m
[2m11:56:20[22m   [32mÔûÂ[39m /_astro/astro-50-elevating-uk-business-web-experiences-with-view-transitions-image-optimisation-hero_ZmyWve.webp [2m(reused cache entry)[22m [2m(+10ms)[22m [2m(276/553)[22m
[2m11:56:20[22m   [32mÔûÂ[39m /_astro/unlock-peak-performance-server-side-webassembly-for-uk-web-apps-hero_Xv8k7.webp [2m(reused cache entry)[22m [2m(+12ms)[22m [2m(277/553)[22m
[2m11:56:20[22m   [32mÔûÂ[39m /_astro/react-vue-or-svelte-framework-choices-for-2025-hero_2gl1KY.jpg [2m(reused cache entry)[22m [2m(+12ms)[22m [2m(278/553)[22m
[2m11:56:20[22m   [32mÔûÂ[39m /_astro/svelte-5-runes-powering-high-performance-web-apps-for-uk-businesses-in-2025-hero_9Cyb2.jpg [2m(reused cache entry)[22m [2m(+12ms)[22m [2m(279/553)[22m
[2m11:56:20[22m   [32mÔûÂ[39m /_astro/boost-your-seo-with-sveltekit-and-astro-for-uk-web-apps-hero_Z28I7Gz.webp [2m(reused cache entry)[22m [2m(+14ms)[22m [2m(280/553)[22m
[2m11:56:20[22m   [32mÔûÂ[39m /_astro/leveraging-astro-and-sveltekit-for-seo-driven-web-development-hero_Z1s4ziz.webp [2m(reused cache entry)[22m [2m(+14ms)[22m [2m(281/553)[22m
[2m11:56:20[22m   [32mÔûÂ[39m /_astro/mastering-web-performance-unleashing-the-power-of-core-web-vitals-hero_Z11oEU5.webp [2m(reused cache entry)[22m [2m(+8ms)[22m [2m(282/553)[22m
[2m11:56:20[22m   [32mÔûÂ[39m /_astro/astro-50-elevating-uk-business-web-experiences-with-view-transitions-image-optimisation-hero_Z2isYT9.webp [2m(reused cache entry)[22m [2m(+9ms)[22m [2m(283/553)[22m
[2m11:56:20[22m   [32mÔûÂ[39m /_astro/unlock-peak-performance-server-side-webassembly-for-uk-web-apps-hero_Z1tIH5U.jpg [2m(reused cache entry)[22m [2m(+10ms)[22m [2m(284/553)[22m
[2m11:56:20[22m   [32mÔûÂ[39m /_astro/react-vue-or-svelte-framework-choices-for-2025-hero_laRwl.webp [2m(reused cache entry)[22m [2m(+14ms)[22m [2m(285/553)[22m
[2m11:56:20[22m   [32mÔûÂ[39m /_astro/boost-your-seo-with-sveltekit-and-astro-for-uk-web-apps-hero_Z1hJW7s.jpg [2m(reused cache entry)[22m [2m(+15ms)[22m [2m(286/553)[22m
[2m11:56:20[22m   [32mÔûÂ[39m /_astro/boost-your-web-apps-with-sveltekit-20-and-rust-hero_Z1hjtTk.jpg [2m(reused cache entry)[22m [2m(+22ms)[22m [2m(287/553)[22m
[2m11:56:20[22m   [32mÔûÂ[39m /_astro/leveraging-astro-and-sveltekit-for-seo-driven-web-development-hero_Z7sQIa.jpg [2m(reused cache entry)[22m [2m(+18ms)[22m [2m(288/553)[22m
[2m11:56:20[22m   [32mÔûÂ[39m /_astro/svelte-5-runes-powering-high-performance-web-apps-for-uk-businesses-in-2025-hero_1VWvlF.webp [2m(reused cache entry)[22m [2m(+21ms)[22m [2m(289/553)[22m
[2m11:56:20[22m   [32mÔûÂ[39m /_astro/astro-50-elevating-uk-business-web-experiences-with-view-transitions-image-optimisation-hero_ZvyGxb.jpg [2m(reused cache entry)[22m [2m(+17ms)[22m [2m(290/553)[22m
[2m11:56:20[22m   [32mÔûÂ[39m /_astro/harness-ai-in-sveltekit-for-cutting-edge-user-experiences-hero_ZdB6nU.webp [2m(reused cache entry)[22m [2m(+25ms)[22m [2m(291/553)[22m
[2m11:56:20[22m   [32mÔûÂ[39m /_astro/boost-your-seo-with-sveltekit-and-astro-for-uk-web-apps-hero_Z1Xq5N9.webp [2m(reused cache entry)[22m [2m(+19ms)[22m [2m(292/553)[22m
[2m11:56:20[22m   [32mÔûÂ[39m /_astro/react-vue-or-svelte-framework-choices-for-2025-hero_Z2vuruP.webp [2m(reused cache entry)[22m [2m(+23ms)[22m [2m(293/553)[22m
[2m11:56:20[22m   [32mÔûÂ[39m /_astro/mastering-web-performance-unleashing-the-power-of-core-web-vitals-hero_14Momg.webp [2m(reused cache entry)[22m [2m(+34ms)[22m [2m(294/553)[22m
[2m11:56:20[22m   [32mÔûÂ[39m /_astro/boost-your-web-apps-with-sveltekit-20-and-rust-hero_1noLAD.webp [2m(reused cache entry)[22m [2m(+21ms)[22m [2m(295/553)[22m
[2m11:56:20[22m   [32mÔûÂ[39m /_astro/leveraging-astro-and-sveltekit-for-seo-driven-web-development-hero_Z1hLxp9.webp [2m(reused cache entry)[22m [2m(+25ms)[22m [2m(296/553)[22m
[2m11:56:20[22m   [32mÔûÂ[39m /_astro/svelte-5-runes-powering-high-performance-web-apps-for-uk-businesses-in-2025-hero_1v0S6R.webp [2m(reused cache entry)[22m [2m(+25ms)[22m [2m(297/553)[22m
[2m11:56:20[22m   [32mÔûÂ[39m /_astro/astro-50-elevating-uk-business-web-experiences-with-view-transitions-image-optimisation-hero_1RHKlK.webp [2m(reused cache entry)[22m [2m(+21ms)[22m [2m(298/553)[22m
[2m11:56:20[22m   [32mÔûÂ[39m /_astro/harness-ai-in-sveltekit-for-cutting-edge-user-experiences-hero_1RzWSq.webp [2m(reused cache entry)[22m [2m(+11ms)[22m [2m(299/553)[22m
[2m11:56:20[22m   [32mÔûÂ[39m /_astro/true-cost-cheap-website-business-impact-hero_ZFFOFd.webp [2m(reused cache entry)[22m [2m(+13ms)[22m [2m(300/553)[22m
[2m11:56:20[22m   [32mÔûÂ[39m /_astro/boost-your-seo-with-sveltekit-and-astro-for-uk-web-apps-hero_1SMsKS.webp [2m(reused cache entry)[22m [2m(+16ms)[22m [2m(301/553)[22m
[2m11:56:20[22m   [32mÔûÂ[39m /_astro/mastering-web-performance-unleashing-the-power-of-core-web-vitals-hero_Z618xT.jpg [2m(reused cache entry)[22m [2m(+15ms)[22m [2m(302/553)[22m
[2m11:56:20[22m   [32mÔûÂ[39m /_astro/boost-your-web-apps-with-sveltekit-20-and-rust-hero_ZMwpOl.webp [2m(reused cache entry)[22m [2m(+13ms)[22m [2m(303/553)[22m
[2m11:56:20[22m   [32mÔûÂ[39m /_astro/leveraging-astro-and-sveltekit-for-seo-driven-web-development-hero_Z2m6h7M.webp [2m(reused cache entry)[22m [2m(+7ms)[22m [2m(304/553)[22m
[2m11:56:20[22m   [32mÔûÂ[39m /_astro/hugo-vs-astro-hero_ZzKYWE.webp [2m(reused cache entry)[22m [2m(+7ms)[22m [2m(305/553)[22m
[2m11:56:20[22m   [32mÔûÂ[39m /_astro/astro-vs-wordpress-hero_vV84a.webp [2m(reused cache entry)[22m [2m(+8ms)[22m [2m(306/553)[22m
[2m11:56:20[22m   [32mÔûÂ[39m /_astro/harness-ai-in-sveltekit-for-cutting-edge-user-experiences-hero_Z21MdaN.jpg [2m(reused cache entry)[22m [2m(+16ms)[22m [2m(307/553)[22m
[2m11:56:20[22m   [32mÔûÂ[39m /_astro/true-cost-cheap-website-business-impact-hero_2ijeQn.webp [2m(reused cache entry)[22m [2m(+14ms)[22m [2m(308/553)[22m
[2m11:56:20[22m   [32mÔûÂ[39m /_astro/unveiling-sveltekit-the-future-of-web-development-hero_Z8PWQ9.webp [2m(reused cache entry)[22m [2m(+13ms)[22m [2m(309/553)[22m
[2m11:56:20[22m   [32mÔûÂ[39m /_astro/mastering-web-performance-unleashing-the-power-of-core-web-vitals-hero_ZQ6D1E.webp [2m(reused cache entry)[22m [2m(+13ms)[22m [2m(310/553)[22m
[2m11:56:20[22m   [32mÔûÂ[39m /_astro/sveltekit-complete-developers-guide-2025-hero_Z1DjjAS.webp [2m(reused cache entry)[22m [2m(+13ms)[22m [2m(311/553)[22m
[2m11:56:20[22m   [32mÔûÂ[39m /_astro/wordpress-vs-custom-development-business-guide-hero_ZRp7db.webp [2m(reused cache entry)[22m [2m(+14ms)[22m [2m(312/553)[22m
[2m11:56:20[22m   [32mÔûÂ[39m /_astro/astro-vs-wordpress-hero_Z2s3Vsq.webp [2m(reused cache entry)[22m [2m(+18ms)[22m [2m(313/553)[22m
[2m11:56:20[22m   [32mÔûÂ[39m /_astro/hugo-vs-astro-hero_1vq4jG.webp [2m(reused cache entry)[22m [2m(+20ms)[22m [2m(314/553)[22m
[2m11:56:20[22m   [32mÔûÂ[39m /_astro/true-cost-cheap-website-business-impact-hero_Z2uV6Lu.jpg [2m(reused cache entry)[22m [2m(+12ms)[22m [2m(315/553)[22m
[2m11:56:20[22m   [32mÔûÂ[39m /_astro/harness-ai-in-sveltekit-for-cutting-edge-user-experiences-hero_nXoq0.webp [2m(reused cache entry)[22m [2m(+15ms)[22m [2m(316/553)[22m
[2m11:56:20[22m   [32mÔûÂ[39m /_astro/unveiling-sveltekit-the-future-of-web-development-hero_1Wl6qc.webp [2m(reused cache entry)[22m [2m(+21ms)[22m [2m(317/553)[22m
[2m11:56:20[22m   [32mÔûÂ[39m /_astro/mastering-web-performance-unleashing-the-power-of-core-web-vitals-hero_11hzaA.webp [2m(reused cache entry)[22m [2m(+21ms)[22m [2m(318/553)[22m
[2m11:56:20[22m   [32mÔûÂ[39m /_astro/sveltekit-complete-developers-guide-2025-hero_rRJFs.webp [2m(reused cache entry)[22m [2m(+23ms)[22m [2m(319/553)[22m
[2m11:56:20[22m   [32mÔûÂ[39m /_astro/wordpress-vs-custom-development-business-guide-hero_1dLW4a.webp [2m(reused cache entry)[22m [2m(+23ms)[22m [2m(320/553)[22m
[2m11:56:20[22m   [32mÔûÂ[39m /_astro/astro-vs-wordpress-hero_ZJhR6J.jpg [2m(reused cache entry)[22m [2m(+22ms)[22m [2m(321/553)[22m
[2m11:56:20[22m   [32mÔûÂ[39m /_astro/hugo-vs-astro-hero_ZpsX4e.webp [2m(reused cache entry)[22m [2m(+23ms)[22m [2m(322/553)[22m
[2m11:56:20[22m   [32mÔûÂ[39m /_astro/true-cost-cheap-website-business-impact-hero_2sBgJN.webp [2m(reused cache entry)[22m [2m(+21ms)[22m [2m(323/553)[22m
[2m11:56:20[22m   [32mÔûÂ[39m /_astro/harness-ai-in-sveltekit-for-cutting-edge-user-experiences-hero_Z3j4uu.webp [2m(reused cache entry)[22m [2m(+21ms)[22m [2m(324/553)[22m
[2m11:56:20[22m   [32mÔûÂ[39m /_astro/unveiling-sveltekit-the-future-of-web-development-hero_Z2vKabO.jpg [2m(reused cache entry)[22m [2m(+12ms)[22m [2m(325/553)[22m
[2m11:56:20[22m   [32mÔûÂ[39m /_astro/nextjs-vs-astro-2025-hero_22ko6a.webp [2m(reused cache entry)[22m [2m(+14ms)[22m [2m(326/553)[22m
[2m11:56:20[22m   [32mÔûÂ[39m /_astro/sveltekit-complete-developers-guide-2025-hero_25MYcq.webp [2m(reused cache entry)[22m [2m(+12ms)[22m [2m(327/553)[22m
[2m11:56:20[22m   [32mÔûÂ[39m /_astro/wordpress-vs-custom-development-business-guide-hero_uQy9B.webp [2m(reused cache entry)[22m [2m(+13ms)[22m [2m(328/553)[22m
[2m11:56:20[22m   [32mÔûÂ[39m /_astro/astro-vs-wordpress-hero_Z1S7Xo8.webp [2m(reused cache entry)[22m [2m(+8ms)[22m [2m(329/553)[22m
[2m11:56:20[22m   [32mÔûÂ[39m /_astro/hugo-vs-astro-hero_ZGE2A0.webp [2m(reused cache entry)[22m [2m(+7ms)[22m [2m(330/553)[22m
[2m11:56:20[22m   [32mÔûÂ[39m /_astro/true-cost-cheap-website-business-impact-hero_2kC1U8.webp [2m(reused cache entry)[22m [2m(+7ms)[22m [2m(331/553)[22m
[2m11:56:20[22m   [32mÔûÂ[39m /_astro/do-small-businesses-need-website-2025-hero_1i6tMd.webp [2m(reused cache entry)[22m [2m(+8ms)[22m [2m(332/553)[22m
[2m11:56:20[22m   [32mÔûÂ[39m /_astro/unveiling-sveltekit-the-future-of-web-development-hero_1r42h.webp [2m(reused cache entry)[22m [2m(+10ms)[22m [2m(333/553)[22m
[2m11:56:20[22m   [32mÔûÂ[39m /_astro/nextjs-vs-astro-2025-hero_Z3QFbb.webp [2m(reused cache entry)[22m [2m(+9ms)[22m [2m(334/553)[22m
[2m11:56:20[22m   [32mÔûÂ[39m /_astro/sveltekit-complete-developers-guide-2025-hero_Z1t1hHs.webp [2m(reused cache entry)[22m [2m(+8ms)[22m [2m(335/553)[22m
[2m11:56:20[22m   [32mÔûÂ[39m /_astro/wordpress-vs-custom-development-business-guide-hero_ZH75jK.webp [2m(reused cache entry)[22m [2m(+7ms)[22m [2m(336/553)[22m
[2m11:56:20[22m   [32mÔûÂ[39m /_astro/hugo-vs-astro-hero_6vLKf.jpg [2m(reused cache entry)[22m [2m(+11ms)[22m [2m(337/553)[22m
[2m11:56:20[22m   [32mÔûÂ[39m /_astro/astro-vs-wordpress-hero_Ge9WA.webp [2m(reused cache entry)[22m [2m(+15ms)[22m [2m(338/553)[22m
[2m11:56:20[22m   [32mÔûÂ[39m /_astro/do-small-businesses-need-website-2025-hero_Z1FSzJn.webp [2m(reused cache entry)[22m [2m(+12ms)[22m [2m(339/553)[22m
[2m11:56:20[22m   [32mÔûÂ[39m /_astro/ai-in-content-uk-businesses-path-to-opportunities-challenges-hero_1mazB6.webp [2m(reused cache entry)[22m [2m(+13ms)[22m [2m(340/553)[22m
[2m11:56:20[22m   [32mÔûÂ[39m /_astro/nextjs-vs-astro-2025-hero_fQz4V.webp [2m(reused cache entry)[22m [2m(+9ms)[22m [2m(341/553)[22m
[2m11:56:20[22m   [32mÔûÂ[39m /_astro/boost-conversions-with-uncommon-optimization-techniques-hero_1DRtv2.webp [2m(reused cache entry)[22m [2m(+11ms)[22m [2m(342/553)[22m
[2m11:56:20[22m   [32mÔûÂ[39m /_astro/wordpress-vs-custom-development-business-guide-hero_1BsSnk.jpg [2m(reused cache entry)[22m [2m(+14ms)[22m [2m(343/553)[22m
[2m11:56:20[22m   [32mÔûÂ[39m /_astro/decoding-digital-marketing-agency-hero_OvmIm.webp [2m(reused cache entry)[22m [2m(+10ms)[22m [2m(344/553)[22m
[2m11:56:20[22m   [32mÔûÂ[39m /_astro/ai-in-content-uk-businesses-path-to-opportunities-challenges-hero_Z1BOtUu.webp [2m(reused cache entry)[22m [2m(+17ms)[22m [2m(345/553)[22m
[2m11:56:20[22m   [32mÔûÂ[39m /_astro/search-engine-optimisation-guide-london-hero_176Anv.webp [2m(reused cache entry)[22m [2m(+18ms)[22m [2m(346/553)[22m
[2m11:56:20[22m   [32mÔûÂ[39m /_astro/do-small-businesses-need-website-2025-hero_ZwNt2J.jpg [2m(reused cache entry)[22m [2m(+29ms)[22m [2m(347/553)[22m
[2m11:56:20[22m   [32mÔûÂ[39m /_astro/nextjs-vs-astro-2025-hero_6qlHf.webp [2m(reused cache entry)[22m [2m(+31ms)[22m [2m(348/553)[22m
[2m11:56:20[22m   [32mÔûÂ[39m /_astro/unveiling-sveltekit-the-future-of-web-development-hero_Z2gLoJ3.webp [2m(reused cache entry)[22m [2m(+41ms)[22m [2m(349/553)[22m
[2m11:56:20[22m   [32mÔûÂ[39m /_astro/boost-conversions-with-uncommon-optimization-techniques-hero_Z1k7A1y.webp [2m(reused cache entry)[22m [2m(+34ms)[22m [2m(350/553)[22m
[2m11:56:20[22m   [32mÔûÂ[39m /_astro/post-cookie-era-first-party-data-strategies-for-uk-digital-marketing-hero_Zx5FyU.webp [2m(reused cache entry)[22m [2m(+32ms)[22m [2m(351/553)[22m
[2m11:56:20[22m   [32mÔûÂ[39m /_astro/decoding-digital-marketing-agency-hero_Z1gFGxY.webp [2m(reused cache entry)[22m [2m(+20ms)[22m [2m(352/553)[22m
[2m11:56:20[22m   [32mÔûÂ[39m /_astro/ai-in-content-uk-businesses-path-to-opportunities-challenges-hero_WPHDM.jpg [2m(reused cache entry)[22m [2m(+20ms)[22m [2m(353/553)[22m
[2m11:56:20[22m   [32mÔûÂ[39m /_astro/search-engine-optimisation-guide-london-hero_ZY5sSP.webp [2m(reused cache entry)[22m [2m(+26ms)[22m [2m(354/553)[22m
[2m11:56:20[22m   [32mÔûÂ[39m /_astro/do-small-businesses-need-website-2025-hero_1JktHE.webp [2m(reused cache entry)[22m [2m(+18ms)[22m [2m(355/553)[22m
[2m11:56:20[22m   [32mÔûÂ[39m /_astro/essential-digital-marketing-strategies-hero_ZzRwYo.webp [2m(reused cache entry)[22m [2m(+17ms)[22m [2m(356/553)[22m
[2m11:56:20[22m   [32mÔûÂ[39m /_astro/small-business-needs-a-strong-online-presence-hero_Z1KtFUj.webp [2m(reused cache entry)[22m [2m(+16ms)[22m [2m(357/553)[22m
[2m11:56:20[22m   [32mÔûÂ[39m /_astro/boost-conversions-with-uncommon-optimization-techniques-hero_Z2rn5sJ.webp [2m(reused cache entry)[22m [2m(+12ms)[22m [2m(358/553)[22m
[2m11:56:20[22m   [32mÔûÂ[39m /_astro/post-cookie-era-first-party-data-strategies-for-uk-digital-marketing-hero_2qTnWF.webp [2m(reused cache entry)[22m [2m(+13ms)[22m [2m(359/553)[22m
[2m11:56:20[22m   [32mÔûÂ[39m /_astro/decoding-digital-marketing-agency-hero_Z16nEEy.webp [2m(reused cache entry)[22m [2m(+13ms)[22m [2m(360/553)[22m
[2m11:56:20[22m   [32mÔûÂ[39m /_astro/search-engine-optimisation-guide-london-hero_2c2FNd.webp [2m(reused cache entry)[22m [2m(+9ms)[22m [2m(361/553)[22m
[2m11:56:20[22m   [32mÔûÂ[39m /_astro/ai-in-content-uk-businesses-path-to-opportunities-challenges-hero_1wsBuw.webp [2m(reused cache entry)[22m [2m(+15ms)[22m [2m(362/553)[22m
[2m11:56:20[22m   [32mÔûÂ[39m /_astro/do-small-businesses-need-website-2025-hero_1sovFD.webp [2m(reused cache entry)[22m [2m(+14ms)[22m [2m(363/553)[22m
[2m11:56:20[22m   [32mÔûÂ[39m /_astro/essential-digital-marketing-strategies-hero_2o7wxc.webp [2m(reused cache entry)[22m [2m(+14ms)[22m [2m(364/553)[22m
[2m11:56:20[22m   [32mÔûÂ[39m /_astro/small-business-needs-a-strong-online-presence-hero_1dvnBh.webp [2m(reused cache entry)[22m [2m(+15ms)[22m [2m(365/553)[22m
[2m11:56:20[22m   [32mÔûÂ[39m /_astro/boost-conversions-with-uncommon-optimization-techniques-hero_Z16xjqq.jpg [2m(reused cache entry)[22m [2m(+14ms)[22m [2m(366/553)[22m
[2m11:56:20[22m   [32mÔûÂ[39m /_astro/decoding-digital-marketing-agency-hero_Z1Ea6Lq.webp [2m(reused cache entry)[22m [2m(+14ms)[22m [2m(367/553)[22m
[2m11:56:20[22m   [32mÔûÂ[39m /_astro/search-engine-optimisation-guide-london-hero_Z25ACkz.jpg [2m(reused cache entry)[22m [2m(+15ms)[22m [2m(368/553)[22m
[2m11:56:20[22m   [32mÔûÂ[39m /_astro/post-cookie-era-first-party-data-strategies-for-uk-digital-marketing-hero_Z1mBeAr.jpg [2m(reused cache entry)[22m [2m(+18ms)[22m [2m(369/553)[22m
[2m11:56:20[22m   [32mÔûÂ[39m /_astro/ai-in-content-uk-businesses-path-to-opportunities-challenges-hero_Z1gLGJP.webp [2m(reused cache entry)[22m [2m(+15ms)[22m [2m(370/553)[22m
[2m11:56:20[22m   [32mÔûÂ[39m /_astro/building-cyber-resilience-essential-strategies-for-uk-businesses-hero_ZbeauQ.webp [2m(reused cache entry)[22m [2m(+7ms)[22m [2m(371/553)[22m
[2m11:56:20[22m   [32mÔûÂ[39m /_astro/essential-digital-marketing-strategies-hero_1F90wT.jpg [2m(reused cache entry)[22m [2m(+9ms)[22m [2m(372/553)[22m
[2m11:56:20[22m   [32mÔûÂ[39m /_astro/small-business-needs-a-strong-online-presence-hero_1k9uok.jpg [2m(reused cache entry)[22m [2m(+19ms)[22m [2m(373/553)[22m
[2m11:56:20[22m   [32mÔûÂ[39m /_astro/boost-conversions-with-uncommon-optimization-techniques-hero_1Oavos.webp [2m(reused cache entry)[22m [2m(+20ms)[22m [2m(374/553)[22m
[2m11:56:20[22m   [32mÔûÂ[39m /_astro/decoding-digital-marketing-agency-hero_22EY05.jpg [2m(reused cache entry)[22m [2m(+23ms)[22m [2m(375/553)[22m
[2m11:56:20[22m   [32mÔûÂ[39m /_astro/search-engine-optimisation-guide-london-hero_ZNMr0p.webp [2m(reused cache entry)[22m [2m(+20ms)[22m [2m(376/553)[22m
[2m11:56:20[22m   [32mÔûÂ[39m /_astro/post-cookie-era-first-party-data-strategies-for-uk-digital-marketing-hero_Z2sYHWP.webp [2m(reused cache entry)[22m [2m(+24ms)[22m [2m(377/553)[22m
[2m11:56:20[22m   [32mÔûÂ[39m /_astro/headless-cms-uk-powering-digital-growth-for-modern-businesses-hero_ZSPwJt.webp [2m(reused cache entry)[22m [2m(+25ms)[22m [2m(378/553)[22m
[2m11:56:20[22m   [32mÔûÂ[39m /_astro/essential-digital-marketing-strategies-hero_csRlB.webp [2m(reused cache entry)[22m [2m(+26ms)[22m [2m(379/553)[22m
[2m11:56:20[22m   [32mÔûÂ[39m /_astro/building-cyber-resilience-essential-strategies-for-uk-businesses-hero_Z2hqeMc.webp [2m(reused cache entry)[22m [2m(+28ms)[22m [2m(380/553)[22m
[2m11:56:20[22m   [32mÔûÂ[39m /_astro/small-business-needs-a-strong-online-presence-hero_1nNpuH.webp [2m(reused cache entry)[22m [2m(+17ms)[22m [2m(381/553)[22m
[2m11:56:20[22m   [32mÔûÂ[39m /_astro/cookieless-marketing-uk-a-privacy-first-blueprint-for-business-growth-hero_1rqEgp.webp [2m(reused cache entry)[22m [2m(+16ms)[22m [2m(382/553)[22m
[2m11:56:20[22m   [32mÔûÂ[39m /_astro/wcag-30-uk-web-accessibility-boost-reach-compliance-for-2026-hero_Z12uFGJ.webp [2m(reused cache entry)[22m [2m(+12ms)[22m [2m(383/553)[22m
[2m11:56:20[22m   [32mÔûÂ[39m /_astro/edge-computing-uk-maximize-web-performance-cut-cloud-costs-for-british-businesses-hero_1QmUE3.webp [2m(reused cache entry)[22m [2m(+12ms)[22m [2m(384/553)[22m
[2m11:56:20[22m   [32mÔûÂ[39m /_astro/headless-cms-uk-powering-digital-growth-for-modern-businesses-hero_1clwwR.webp [2m(reused cache entry)[22m [2m(+9ms)[22m [2m(385/553)[22m
[2m11:56:20[22m   [32mÔûÂ[39m /_astro/post-cookie-era-first-party-data-strategies-for-uk-digital-marketing-hero_1BMvil.webp [2m(reused cache entry)[22m [2m(+15ms)[22m [2m(386/553)[22m
[2m11:56:20[22m   [32mÔûÂ[39m /_astro/essential-digital-marketing-strategies-hero_Z2vLznj.webp [2m(reused cache entry)[22m [2m(+12ms)[22m [2m(387/553)[22m
[2m11:56:20[22m   [32mÔûÂ[39m /_astro/building-cyber-resilience-essential-strategies-for-uk-businesses-hero_Z2w785q.webp [2m(reused cache entry)[22m [2m(+12ms)[22m [2m(388/553)[22m
[2m11:56:20[22m   [32mÔûÂ[39m /_astro/small-business-needs-a-strong-online-presence-hero_ZA0DPj.webp [2m(reused cache entry)[22m [2m(+10ms)[22m [2m(389/553)[22m
[2m11:56:20[22m   [32mÔûÂ[39m /_astro/wcag-30-uk-web-accessibility-boost-reach-compliance-for-2026-hero_13GnzB.webp [2m(reused cache entry)[22m [2m(+17ms)[22m [2m(390/553)[22m
[2m11:56:20[22m   [32mÔûÂ[39m /_astro/cookieless-marketing-uk-a-privacy-first-blueprint-for-business-growth-hero_Z1wypgb.webp [2m(reused cache entry)[22m [2m(+20ms)[22m [2m(391/553)[22m
[2m11:56:20[22m   [32mÔûÂ[39m /_astro/edge-computing-uk-maximize-web-performance-cut-cloud-costs-for-british-businesses-hero_Z17C8Rx.webp [2m(reused cache entry)[22m [2m(+20ms)[22m [2m(392/553)[22m
[2m11:56:20[22m   [32mÔûÂ[39m /_astro/headless-cms-uk-powering-digital-growth-for-modern-businesses-hero_214095.jpg [2m(reused cache entry)[22m [2m(+18ms)[22m [2m(393/553)[22m
[2m11:56:20[22m   [32mÔûÂ[39m /_astro/green-web-development-uk-boost-sustainability-seo-business-value-hero_yPamm.webp [2m(reused cache entry)[22m [2m(+13ms)[22m [2m(394/553)[22m
[2m11:56:20[22m   [32mÔûÂ[39m /_astro/mastering-uk-data-privacy-web-dev-marketing-in-the-post-cookie-ai-era-hero_18U8pk.webp [2m(reused cache entry)[22m [2m(+12ms)[22m [2m(395/553)[22m
[2m11:56:20[22m   [32mÔûÂ[39m /_astro/building-cyber-resilience-essential-strategies-for-uk-businesses-hero_1qLi01.jpg [2m(reused cache entry)[22m [2m(+16ms)[22m [2m(396/553)[22m
[2m11:56:20[22m   [32mÔûÂ[39m /_astro/ai-seo-uk-future-proofing-web-apps-for-googles-orion-update-hero_1Yg5b3.webp [2m(reused cache entry)[22m [2m(+17ms)[22m [2m(397/553)[22m
[2m11:56:20[22m   [32mÔûÂ[39m /_astro/wcag-30-uk-web-accessibility-boost-reach-compliance-for-2026-hero_Z2hpyk5.jpg [2m(reused cache entry)[22m [2m(+13ms)[22m [2m(398/553)[22m
[2m11:56:20[22m   [32mÔûÂ[39m /_astro/cookieless-marketing-uk-a-privacy-first-blueprint-for-business-growth-hero_1BIG9P.webp [2m(reused cache entry)[22m [2m(+20ms)[22m [2m(399/553)[22m
[2m11:56:20[22m   [32mÔûÂ[39m /_astro/headless-cms-uk-powering-digital-growth-for-modern-businesses-hero_ZIxuQ3.webp [2m(reused cache entry)[22m [2m(+20ms)[22m [2m(400/553)[22m
[2m11:56:20[22m   [32mÔûÂ[39m /_astro/edge-computing-uk-maximize-web-performance-cut-cloud-costs-for-british-businesses-hero_Zm5cBE.jpg [2m(reused cache entry)[22m [2m(+23ms)[22m [2m(401/553)[22m
[2m11:56:20[22m   [32mÔûÂ[39m /_astro/mastering-uk-data-privacy-web-dev-marketing-in-the-post-cookie-ai-era-hero_ZWgUR1.webp [2m(reused cache entry)[22m [2m(+23ms)[22m [2m(402/553)[22m
[2m11:56:20[22m   [32mÔûÂ[39m /_astro/green-web-development-uk-boost-sustainability-seo-business-value-hero_Z2p9Tae.webp [2m(reused cache entry)[22m [2m(+23ms)[22m [2m(403/553)[22m
[2m11:56:20[22m   [32mÔûÂ[39m /_astro/building-cyber-resilience-essential-strategies-for-uk-businesses-hero_Z278cSL.webp [2m(reused cache entry)[22m [2m(+21ms)[22m [2m(404/553)[22m
[2m11:56:20[22m   [32mÔûÂ[39m /_astro/ai-seo-uk-future-proofing-web-apps-for-googles-orion-update-hero_Z6UY6i.webp [2m(reused cache entry)[22m [2m(+21ms)[22m [2m(405/553)[22m
[2m11:56:20[22m   [32mÔûÂ[39m /_astro/wcag-30-uk-web-accessibility-boost-reach-compliance-for-2026-hero_ZRcDNj.webp [2m(reused cache entry)[22m [2m(+19ms)[22m [2m(406/553)[22m
[2m11:56:20[22m   [32mÔûÂ[39m /_astro/cookieless-marketing-uk-a-privacy-first-blueprint-for-business-growth-hero_1dOTUE.jpg [2m(reused cache entry)[22m [2m(+10ms)[22m [2m(407/553)[22m
[2m11:56:20[22m   [32mÔûÂ[39m /_astro/headless-cms-uk-powering-digital-growth-for-modern-businesses-hero_Zdypfx.webp [2m(reused cache entry)[22m [2m(+10ms)[22m [2m(408/553)[22m
[2m11:56:20[22m   [32mÔûÂ[39m /_astro/edge-computing-uk-maximize-web-performance-cut-cloud-costs-for-british-businesses-hero_Z1b6qHa.webp [2m(reused cache entry)[22m [2m(+11ms)[22m [2m(409/553)[22m
[2m11:56:20[22m   [32mÔûÂ[39m /_astro/mastering-uk-data-privacy-web-dev-marketing-in-the-post-cookie-ai-era-hero_Z28wpSt.jpg [2m(reused cache entry)[22m [2m(+14ms)[22m [2m(410/553)[22m
[2m11:56:20[22m   [32mÔûÂ[39m /_astro/green-web-development-uk-boost-sustainability-seo-business-value-hero_uIccn.jpg [2m(reused cache entry)[22m [2m(+16ms)[22m [2m(411/553)[22m
[2m11:56:20[22m   [32mÔûÂ[39m /_astro/optimising-it-infrastructure-management-for-growing-businesses-hero_KEXPv.webp [2m(reused cache entry)[22m [2m(+14ms)[22m [2m(412/553)[22m
[2m11:56:20[22m   [32mÔûÂ[39m /_astro/ai-seo-uk-future-proofing-web-apps-for-googles-orion-update-hero_Z1ik2qC.webp [2m(reused cache entry)[22m [2m(+12ms)[22m [2m(413/553)[22m
[2m11:56:20[22m   [32mÔûÂ[39m /_astro/wcag-30-uk-web-accessibility-boost-reach-compliance-for-2026-hero_seaWg.webp [2m(reused cache entry)[22m [2m(+13ms)[22m [2m(414/553)[22m
[2m11:56:20[22m   [32mÔûÂ[39m /_astro/cookieless-marketing-uk-a-privacy-first-blueprint-for-business-growth-hero_1onEIO.webp [2m(reused cache entry)[22m [2m(+13ms)[22m [2m(415/553)[22m
[2m11:56:20[22m   [32mÔûÂ[39m /_astro/custom-software-development-process-complete-guide-hero_Z1KVIFe.webp [2m(reused cache entry)[22m [2m(+14ms)[22m [2m(416/553)[22m
[2m11:56:20[22m   [32mÔûÂ[39m /_astro/edge-computing-uk-maximize-web-performance-cut-cloud-costs-for-british-businesses-hero_21EWxt.webp [2m(reused cache entry)[22m [2m(+11ms)[22m [2m(417/553)[22m
[2m11:56:20[22m   [32mÔûÂ[39m /_astro/mastering-uk-data-privacy-web-dev-marketing-in-the-post-cookie-ai-era-hero_ZLXSXA.webp [2m(reused cache entry)[22m [2m(+8ms)[22m [2m(418/553)[22m
[2m11:56:20[22m   [32mÔûÂ[39m /_astro/green-web-development-uk-boost-sustainability-seo-business-value-hero_J8cfM.webp [2m(reused cache entry)[22m [2m(+6ms)[22m [2m(419/553)[22m
[2m11:56:20[22m   [32mÔûÂ[39m /_astro/optimising-it-infrastructure-management-for-growing-businesses-hero_Z1kw5qP.webp [2m(reused cache entry)[22m [2m(+10ms)[22m [2m(420/553)[22m
[2m11:56:20[22m   [32mÔûÂ[39m /_astro/ai-seo-uk-future-proofing-web-apps-for-googles-orion-update-hero_12p0pT.jpg [2m(reused cache entry)[22m [2m(+10ms)[22m [2m(421/553)[22m
[2m11:56:20[22m   [32mÔûÂ[39m /_astro/polars-fast-dataframe-library-rust-powered-hero_25kpCP.webp [2m(reused cache entry)[22m [2m(+10ms)[22m [2m(422/553)[22m
[2m11:56:20[22m   [32mÔûÂ[39m /_astro/optimising-it-infrastructure-management-for-growing-uk-businesses-hero_1kFR9q.webp [2m(reused cache entry)[22m [2m(+12ms)[22m [2m(423/553)[22m
[2m11:56:20[22m   [32mÔûÂ[39m /_astro/custom-software-development-process-complete-guide-hero_kfkB7.webp [2m(reused cache entry)[22m [2m(+18ms)[22m [2m(424/553)[22m
[2m11:56:20[22m   [32mÔûÂ[39m /_astro/black-friday-2025-top-developer-deals-revealed-hero_29cg2C.webp [2m(reused cache entry)[22m [2m(+18ms)[22m [2m(425/553)[22m
[2m11:56:20[22m   [32mÔûÂ[39m /_astro/mastering-uk-data-privacy-web-dev-marketing-in-the-post-cookie-ai-era-hero_Z1WXF5j.webp [2m(reused cache entry)[22m [2m(+18ms)[22m [2m(426/553)[22m
[2m11:56:20[22m   [32mÔûÂ[39m /_astro/green-web-development-uk-boost-sustainability-seo-business-value-hero_Zp9N92.webp [2m(reused cache entry)[22m [2m(+18ms)[22m [2m(427/553)[22m
[2m11:56:20[22m   [32mÔûÂ[39m /_astro/optimising-it-infrastructure-management-for-growing-businesses-hero_H5K1I.jpg [2m(reused cache entry)[22m [2m(+25ms)[22m [2m(428/553)[22m
[2m11:56:20[22m   [32mÔûÂ[39m /_astro/polars-fast-dataframe-library-rust-powered-hero_ZSEDSK.webp [2m(reused cache entry)[22m [2m(+21ms)[22m [2m(429/553)[22m
[2m11:56:20[22m   [32mÔûÂ[39m /_astro/ai-seo-uk-future-proofing-web-apps-for-googles-orion-update-hero_3m2M8.webp [2m(reused cache entry)[22m [2m(+25ms)[22m [2m(430/553)[22m
[2m11:56:20[22m   [32mÔûÂ[39m /_astro/custom-software-development-process-complete-guide-hero_2q6pHJ.jpg [2m(reused cache entry)[22m [2m(+12ms)[22m [2m(431/553)[22m
[2m11:56:20[22m   [32mÔûÂ[39m /_astro/optimising-it-infrastructure-management-for-growing-uk-businesses-hero_Z1Djcna.webp [2m(reused cache entry)[22m [2m(+21ms)[22m [2m(432/553)[22m
[2m11:56:20[22m   [32mÔûÂ[39m /_astro/master-docker-containerization-boost-efficiency-hero_1TEI90.webp [2m(reused cache entry)[22m [2m(+17ms)[22m [2m(433/553)[22m
[2m11:56:20[22m   [32mÔûÂ[39m /_astro/black-friday-2025-top-developer-deals-revealed-hero_30bKh.webp [2m(reused cache entry)[22m [2m(+17ms)[22m [2m(434/553)[22m
[2m11:56:20[22m   [32mÔûÂ[39m /_astro/bokeh-interactive-visualizations-hero_Z1mfTgi.webp [2m(reused cache entry)[22m [2m(+17ms)[22m [2m(435/553)[22m
[2m11:56:20[22m   [32mÔûÂ[39m /_astro/optimising-it-infrastructure-management-for-growing-businesses-hero_Z1ae3xp.webp [2m(reused cache entry)[22m [2m(+6ms)[22m [2m(436/553)[22m
[2m11:56:20[22m   [32mÔûÂ[39m /_astro/polars-fast-dataframe-library-rust-powered-hero_Z1gkQQQ.jpg [2m(reused cache entry)[22m [2m(+6ms)[22m [2m(437/553)[22m
[2m11:56:20[22m   [32mÔûÂ[39m /_astro/aws-azure-google-cloud-a-developers-guide-hero_Z2iJUba.webp [2m(reused cache entry)[22m [2m(+6ms)[22m [2m(438/553)[22m
[2m11:56:20[22m   [32mÔûÂ[39m /_astro/custom-software-development-process-complete-guide-hero_Z1ADGLN.webp [2m(reused cache entry)[22m [2m(+8ms)[22m [2m(439/553)[22m
[2m11:56:20[22m   [32mÔûÂ[39m /_astro/optimising-it-infrastructure-management-for-growing-uk-businesses-hero_1V0DgL.jpg [2m(reused cache entry)[22m [2m(+15ms)[22m [2m(440/553)[22m
[2m11:56:20[22m   [32mÔûÂ[39m /_astro/black-friday-2025-top-developer-deals-revealed-hero_zGtGR.jpg [2m(reused cache entry)[22m [2m(+11ms)[22m [2m(441/553)[22m
[2m11:56:20[22m   [32mÔûÂ[39m /_astro/bokeh-interactive-visualizations-hero_IVa13.webp [2m(reused cache entry)[22m [2m(+12ms)[22m [2m(442/553)[22m
[2m11:56:20[22m   [32mÔûÂ[39m /_astro/optimising-it-infrastructure-management-for-growing-businesses-hero_1sTSF5.webp [2m(reused cache entry)[22m [2m(+14ms)[22m [2m(443/553)[22m
[2m11:56:20[22m   [32mÔûÂ[39m /_astro/polars-fast-dataframe-library-rust-powered-hero_OpDQi.webp [2m(reused cache entry)[22m [2m(+14ms)[22m [2m(444/553)[22m
[2m11:56:20[22m   [32mÔûÂ[39m /_astro/aws-azure-google-cloud-a-developers-guide-hero_ZcxPSO.webp [2m(reused cache entry)[22m [2m(+17ms)[22m [2m(445/553)[22m
[2m11:56:20[22m   [32mÔûÂ[39m /_astro/custom-software-development-process-complete-guide-hero_Z1LHK0f.webp [2m(reused cache entry)[22m [2m(+15ms)[22m [2m(446/553)[22m
[2m11:56:20[22m   [32mÔûÂ[39m /_astro/optimising-it-infrastructure-management-for-growing-uk-businesses-hero_1uXT2Q.webp [2m(reused cache entry)[22m [2m(+8ms)[22m [2m(447/553)[22m
[2m11:56:20[22m   [32mÔûÂ[39m /_astro/black-friday-2025-top-developer-deals-revealed-hero_didDH.webp [2m(reused cache entry)[22m [2m(+7ms)[22m [2m(448/553)[22m
[2m11:56:20[22m   [32mÔûÂ[39m /_astro/bokeh-interactive-visualizations-hero_A8z1Q.webp [2m(reused cache entry)[22m [2m(+11ms)[22m [2m(449/553)[22m
[2m11:56:20[22m   [32mÔûÂ[39m /_astro/master-docker-containerization-boost-efficiency-hero_Zbwl8l.webp [2m(reused cache entry)[22m [2m(+23ms)[22m [2m(450/553)[22m
[2m11:56:20[22m   [32mÔûÂ[39m /_astro/polars-fast-dataframe-library-rust-powered-hero_2fCrwg.webp [2m(reused cache entry)[22m [2m(+13ms)[22m [2m(451/553)[22m
[2m11:56:20[22m   [32mÔûÂ[39m /_astro/enhance-web-apps-with-ai-innovative-strategies-hero_22FjXH.webp [2m(reused cache entry)[22m [2m(+14ms)[22m [2m(452/553)[22m
[2m11:56:20[22m   [32mÔûÂ[39m /_astro/why-rust-is-the-future-of-etl-hero_wyI6C.webp [2m(reused cache entry)[22m [2m(+10ms)[22m [2m(453/553)[22m
[2m11:56:20[22m   [32mÔûÂ[39m /_astro/aws-azure-google-cloud-a-developers-guide-hero_27HXEP.jpg [2m(reused cache entry)[22m [2m(+10ms)[22m [2m(454/553)[22m
[2m11:56:20[22m   [32mÔûÂ[39m /_astro/optimising-it-infrastructure-management-for-growing-uk-businesses-hero_Z21RLNF.webp [2m(reused cache entry)[22m [2m(+14ms)[22m [2m(455/553)[22m
[2m11:56:20[22m   [32mÔûÂ[39m /_astro/black-friday-2025-top-developer-deals-revealed-hero_Z1ksEwL.webp [2m(reused cache entry)[22m [2m(+15ms)[22m [2m(456/553)[22m
[2m11:56:20[22m   [32mÔûÂ[39m /_astro/bokeh-interactive-visualizations-hero_Z1bWRmR.webp [2m(reused cache entry)[22m [2m(+16ms)[22m [2m(457/553)[22m
[2m11:56:20[22m   [32mÔûÂ[39m /_astro/master-docker-containerization-boost-efficiency-hero_Z1ejeU.webp [2m(reused cache entry)[22m [2m(+17ms)[22m [2m(458/553)[22m
[2m11:56:20[22m   [32mÔûÂ[39m /_astro/harnessing-kubernetes-for-smbs-beyond-scaling-hero_Z1kPH9d.webp [2m(reused cache entry)[22m [2m(+15ms)[22m [2m(459/553)[22m
[2m11:56:20[22m   [32mÔûÂ[39m /_astro/enhance-web-apps-with-ai-innovative-strategies-hero_Z3vJiD.webp [2m(reused cache entry)[22m [2m(+16ms)[22m [2m(460/553)[22m
[2m11:56:20[22m   [32mÔûÂ[39m /_astro/why-rust-is-the-future-of-etl-hero_Z2rqlpX.webp [2m(reused cache entry)[22m [2m(+19ms)[22m [2m(461/553)[22m
[2m11:56:20[22m   [32mÔûÂ[39m /_astro/progressive-web-apps-future-mobile-engagement-2025-hero_ZmjUXk.webp [2m(reused cache entry)[22m [2m(+14ms)[22m [2m(462/553)[22m
[2m11:56:20[22m   [32mÔûÂ[39m /_astro/aws-azure-google-cloud-a-developers-guide-hero_Z28rShJ.webp [2m(reused cache entry)[22m [2m(+19ms)[22m [2m(463/553)[22m
[2m11:56:20[22m   [32mÔûÂ[39m /_astro/unlocking-success-seo-best-practices-by-criztec-technologies-hero_2g54Gz.webp [2m(reused cache entry)[22m [2m(+14ms)[22m [2m(464/553)[22m
[2m11:56:20[22m   [32mÔûÂ[39m /_astro/master-docker-containerization-boost-efficiency-hero_WAPfN.jpg [2m(reused cache entry)[22m [2m(+9ms)[22m [2m(465/553)[22m
[2m11:56:20[22m   [32mÔûÂ[39m /_astro/bokeh-interactive-visualizations-hero_29PwEd.jpg [2m(reused cache entry)[22m [2m(+11ms)[22m [2m(466/553)[22m
[2m11:56:20[22m   [32mÔûÂ[39m /_astro/harnessing-kubernetes-for-smbs-beyond-scaling-hero_Klm88.webp [2m(reused cache entry)[22m [2m(+8ms)[22m [2m(467/553)[22m
[2m11:56:20[22m   [32mÔûÂ[39m /_astro/enhance-web-apps-with-ai-innovative-strategies-hero_2lECwl.jpg [2m(reused cache entry)[22m [2m(+15ms)[22m [2m(468/553)[22m
[2m11:56:20[22m   [32mÔûÂ[39m /_astro/progressive-web-apps-future-mobile-engagement-2025-hero_1IR8j1.webp [2m(reused cache entry)[22m [2m(+12ms)[22m [2m(469/553)[22m
[2m11:56:20[22m   [32mÔûÂ[39m /_astro/why-rust-is-the-future-of-etl-hero_Z1yvE8T.webp [2m(reused cache entry)[22m [2m(+12ms)[22m [2m(470/553)[22m
[2m11:56:20[22m   [32mÔûÂ[39m /_astro/unlocking-success-seo-best-practices-by-criztec-technologies-hero_9S0pe.webp [2m(reused cache entry)[22m [2m(+13ms)[22m [2m(471/553)[22m
[2m11:56:20[22m   [32mÔûÂ[39m /_astro/aws-azure-google-cloud-a-developers-guide-hero_1S4Xxw.webp [2m(reused cache entry)[22m [2m(+14ms)[22m [2m(472/553)[22m
[2m11:56:20[22m   [32mÔûÂ[39m /_astro/master-docker-containerization-boost-efficiency-hero_1rnTkM.webp [2m(reused cache entry)[22m [2m(+16ms)[22m [2m(473/553)[22m
[2m11:56:20[22m   [32mÔûÂ[39m /_astro/harnessing-kubernetes-for-smbs-beyond-scaling-hero_Z1BkGLM.jpg [2m(reused cache entry)[22m [2m(+15ms)[22m [2m(474/553)[22m
[2m11:56:20[22m   [32mÔûÂ[39m /_astro/best-tech-stack-2025-hero_2b250y.webp [2m(reused cache entry)[22m [2m(+16ms)[22m [2m(475/553)[22m
[2m11:56:20[22m   [32mÔûÂ[39m /_astro/progressive-web-apps-future-mobile-engagement-2025-hero_12SPfe.webp [2m(reused cache entry)[22m [2m(+7ms)[22m [2m(476/553)[22m
[2m11:56:20[22m   [32mÔûÂ[39m /_astro/why-rust-is-the-future-of-etl-hero_GQK03.webp [2m(reused cache entry)[22m [2m(+7ms)[22m [2m(477/553)[22m
[2m11:56:20[22m   [32mÔûÂ[39m /_astro/enhance-web-apps-with-ai-innovative-strategies-hero_6LhzM.webp [2m(reused cache entry)[22m [2m(+7ms)[22m [2m(478/553)[22m
[2m11:56:20[22m   [32mÔûÂ[39m /_astro/unlocking-success-seo-best-practices-by-criztec-technologies-hero_kb2iE.webp [2m(reused cache entry)[22m [2m(+13ms)[22m [2m(479/553)[22m
[2m11:56:20[22m   [32mÔûÂ[39m /_astro/digital-marketing-current-scenario-london-hero_1J6cXi.webp [2m(reused cache entry)[22m [2m(+13ms)[22m [2m(480/553)[22m
[2m11:56:20[22m   [32mÔûÂ[39m /_astro/digital-marketing-services-company_Z1xW6G1.webp [2m(reused cache entry)[22m [2m(+9ms)[22m [2m(481/553)[22m
[2m11:56:20[22m   [32mÔûÂ[39m /_astro/harnessing-kubernetes-for-smbs-beyond-scaling-hero_1iVICo.webp [2m(reused cache entry)[22m [2m(+9ms)[22m [2m(482/553)[22m
[2m11:56:20[22m   [32mÔûÂ[39m /_astro/progressive-web-apps-future-mobile-engagement-2025-hero_avR9h.jpg [2m(reused cache entry)[22m [2m(+9ms)[22m [2m(483/553)[22m
[2m11:56:20[22m   [32mÔûÂ[39m /_astro/why-rust-is-the-future-of-etl-hero_1P3czi.jpg [2m(reused cache entry)[22m [2m(+26ms)[22m [2m(484/553)[22m
[2m11:56:20[22m   [32mÔûÂ[39m /_astro/best-tech-stack-2025-hero_ZMWYw2.webp [2m(reused cache entry)[22m [2m(+28ms)[22m [2m(485/553)[22m
[2m11:56:20[22m   [32mÔûÂ[39m /_astro/enhance-web-apps-with-ai-innovative-strategies-hero_quthH.webp [2m(reused cache entry)[22m [2m(+28ms)[22m [2m(486/553)[22m
[2m11:56:20[22m   [32mÔûÂ[39m /_astro/unlocking-success-seo-best-practices-by-criztec-technologies-hero_ZzzwbH.jpg [2m(reused cache entry)[22m [2m(+20ms)[22m [2m(487/553)[22m
[2m11:56:20[22m   [32mÔûÂ[39m /_astro/digital-marketing-current-scenario-london-hero_Z1eSQyi.webp [2m(reused cache entry)[22m [2m(+20ms)[22m [2m(488/553)[22m
[2m11:56:20[22m   [32mÔûÂ[39m /_astro/digital-marketing-services-company_1q2WPz.webp [2m(reused cache entry)[22m [2m(+20ms)[22m [2m(489/553)[22m
[2m11:56:20[22m   [32mÔûÂ[39m /_astro/harnessing-kubernetes-for-smbs-beyond-scaling-hero_Z1axFfM.webp [2m(reused cache entry)[22m [2m(+20ms)[22m [2m(490/553)[22m
[2m11:56:20[22m   [32mÔûÂ[39m /_astro/progressive-web-apps-future-mobile-engagement-2025-hero_Zc1T4T.webp [2m(reused cache entry)[22m [2m(+20ms)[22m [2m(491/553)[22m
[2m11:56:20[22m   [32mÔûÂ[39m /_astro/how-ai-reduce-costs-and-boost-profits-for-business-hero_1K2IBq.webp [2m(reused cache entry)[22m [2m(+7ms)[22m [2m(492/553)[22m
[2m11:56:20[22m   [32mÔûÂ[39m /_astro/best-tech-stack-2025-hero_Z1m5Xph.webp [2m(reused cache entry)[22m [2m(+6ms)[22m [2m(493/553)[22m
[2m11:56:20[22m   [32mÔûÂ[39m /_astro/pythonre-aHR0cHM6_1mHGEh.webp [2m(reused cache entry)[22m [2m(+6ms)[22m [2m(494/553)[22m
[2m11:56:20[22m   [32mÔûÂ[39m /_astro/unlocking-success-seo-best-practices-by-criztec-technologies-hero_29RyKH.webp [2m(reused cache entry)[22m [2m(+6ms)[22m [2m(495/553)[22m
[2m11:56:20[22m   [32mÔûÂ[39m /_astro/digital-marketing-current-scenario-london-hero_Z1wwJIp.jpg [2m(reused cache entry)[22m [2m(+6ms)[22m [2m(496/553)[22m
[2m11:56:20[22m   [32mÔûÂ[39m /_astro/digital-marketing-services-company_2b5Ibw.jpg [2m(reused cache entry)[22m [2m(+6ms)[22m [2m(497/553)[22m
[2m11:56:20[22m   [32mÔûÂ[39m /_astro/how-to-avoid-website-development-scams-hero_2iiQqj.webp [2m(reused cache entry)[22m [2m(+6ms)[22m [2m(498/553)[22m
[2m11:56:20[22m   [32mÔûÂ[39m /_astro/nextjs-vs-angular-hero_Z1gQ8vO.webp [2m(reused cache entry)[22m [2m(+13ms)[22m [2m(499/553)[22m
[2m11:56:20[22m   [32mÔûÂ[39m /_astro/best-tech-stack-2025-hero_2lk6SY.webp [2m(reused cache entry)[22m [2m(+9ms)[22m [2m(500/553)[22m
[2m11:56:20[22m   [32mÔûÂ[39m /_astro/photo-1533750516457-a7f992034f-aHR0cHM6_Z277e1w.webp [2m(reused cache entry)[22m [2m(+9ms)[22m [2m(501/553)[22m
[2m11:56:20[22m   [32mÔûÂ[39m /_astro/pythonre-aHR0cHM6_ZItmC4.webp [2m(reused cache entry)[22m [2m(+11ms)[22m [2m(502/553)[22m
[2m11:56:20[22m   [32mÔûÂ[39m /_astro/digital-marketing-current-scenario-london-hero_cAuSo.webp [2m(reused cache entry)[22m [2m(+11ms)[22m [2m(503/553)[22m
[2m11:56:20[22m   [32mÔûÂ[39m /_astro/digital-marketing-services-company_1AkYJ0.webp [2m(reused cache entry)[22m [2m(+13ms)[22m [2m(504/553)[22m
[2m11:56:20[22m   [32mÔûÂ[39m /_astro/how-to-avoid-website-development-scams-hero_ZFGd6h.webp [2m(reused cache entry)[22m [2m(+13ms)[22m [2m(505/553)[22m
[2m11:56:20[22m   [32mÔûÂ[39m /_astro/nextjs-vs-angular-hero_OkUKw.webp [2m(reused cache entry)[22m [2m(+8ms)[22m [2m(506/553)[22m
[2m11:56:20[22m   [32mÔûÂ[39m /_astro/photo-1533750516457-a7f992034f-aHR0cHM6_1r3dbB.webp [2m(reused cache entry)[22m [2m(+7ms)[22m [2m(507/553)[22m
[2m11:56:20[22m   [32mÔûÂ[39m /_astro/best-tech-stack-2025-hero_1DV3wu.jpg [2m(reused cache entry)[22m [2m(+7ms)[22m [2m(508/553)[22m
[2m11:56:20[22m   [32mÔûÂ[39m /_astro/pythonre-aHR0cHM6_1Ud7kk.jpg [2m(reused cache entry)[22m [2m(+6ms)[22m [2m(509/553)[22m
[2m11:56:20[22m   [32mÔûÂ[39m /_astro/how-ai-reduce-costs-and-boost-profits-for-business-hero_Z1dWkUa.webp [2m(reused cache entry)[22m [2m(+26ms)[22m [2m(510/553)[22m
[2m11:56:20[22m   [32mÔûÂ[39m /_astro/digital-marketing-current-scenario-london-hero_1ToeQI.webp [2m(reused cache entry)[22m [2m(+14ms)[22m [2m(511/553)[22m
[2m11:56:20[22m   [32mÔûÂ[39m /_astro/how-to-avoid-website-development-scams-hero_2sASjJ.webp [2m(reused cache entry)[22m [2m(+11ms)[22m [2m(512/553)[22m
[2m11:56:20[22m   [32mÔûÂ[39m /_astro/digital-marketing-services-company_Gl6AT.webp [2m(reused cache entry)[22m [2m(+12ms)[22m [2m(513/553)[22m
[2m11:56:20[22m   [32mÔûÂ[39m /_astro/nextjs-vs-angular-hero_2lYswl.jpg [2m(reused cache entry)[22m [2m(+13ms)[22m [2m(514/553)[22m
[2m11:56:20[22m   [32mÔûÂ[39m /_astro/photo-1533750516457-a7f992034f-aHR0cHM6_2u9fkh.webp [2m(reused cache entry)[22m [2m(+17ms)[22m [2m(515/553)[22m
[2m11:56:20[22m   [32mÔûÂ[39m /_astro/pythonre-aHR0cHM6_Z2upiL.webp [2m(reused cache entry)[22m [2m(+16ms)[22m [2m(516/553)[22m
[2m11:56:20[22m   [32mÔûÂ[39m /_astro/photo-1467232004584-a241de8bcf-aHR0cHM6_16c2k2.webp [2m(reused cache entry)[22m [2m(+17ms)[22m [2m(517/553)[22m
[2m11:56:20[22m   [32mÔûÂ[39m /_astro/how-ai-reduce-costs-and-boost-profits-for-business-hero_Zbxnju.jpg [2m(reused cache entry)[22m [2m(+9ms)[22m [2m(518/553)[22m
[2m11:56:20[22m   [32mÔûÂ[39m /_astro/how-to-avoid-website-development-scams-hero_Z1h5RWx.jpg [2m(reused cache entry)[22m [2m(+9ms)[22m [2m(519/553)[22m
[2m11:56:20[22m   [32mÔûÂ[39m /_astro/photo-1485827404703-89b55fcc59-aHR0cHM6_Z2kwEKi.webp [2m(reused cache entry)[22m [2m(+9ms)[22m [2m(520/553)[22m
[2m11:56:20[22m   [32mÔûÂ[39m /_astro/photo-1494790108377-be9c29b293-aHR0cHM6_1imU6N.webp [2m(reused cache entry)[22m [2m(+33ms)[22m [2m(521/553)[22m
[2m11:56:20[22m   [32mÔûÂ[39m /_astro/photo-1533750516457-a7f992034f-aHR0cHM6_Z1wVQkY.webp [2m(reused cache entry)[22m [2m(+26ms)[22m [2m(522/553)[22m
[2m11:56:20[22m   [32mÔûÂ[39m /_astro/nextjs-vs-angular-hero_Z1JsNFl.webp [2m(reused cache entry)[22m [2m(+31ms)[22m [2m(523/553)[22m
[2m11:56:20[22m   [32mÔûÂ[39m /_astro/pythonre-aHR0cHM6_ZybkID.webp [2m(reused cache entry)[22m [2m(+35ms)[22m [2m(524/553)[22m
[2m11:56:20[22m   [32mÔûÂ[39m /_astro/photo-1467232004584-a241de8bcf-aHR0cHM6_Z1RN2cy.webp [2m(reused cache entry)[22m [2m(+44ms)[22m [2m(525/553)[22m
[2m11:56:20[22m   [32mÔûÂ[39m /_astro/how-ai-reduce-costs-and-boost-profits-for-business-hero_1UkKuQ.webp [2m(reused cache entry)[22m [2m(+46ms)[22m [2m(526/553)[22m
[2m11:56:20[22m   [32mÔûÂ[39m /_astro/photo-1485827404703-89b55fcc59-aHR0cHM6_Z1rIEv3.webp [2m(reused cache entry)[22m [2m(+58ms)[22m [2m(527/553)[22m
[2m11:56:20[22m   [32mÔûÂ[39m /_astro/how-to-avoid-website-development-scams-hero_2kq7F6.webp [2m(reused cache entry)[22m [2m(+59ms)[22m [2m(528/553)[22m
[2m11:56:20[22m   [32mÔûÂ[39m /_astro/photo-1494790108377-be9c29b293-aHR0cHM6_1qDqRb.webp [2m(reused cache entry)[22m [2m(+35ms)[22m [2m(529/553)[22m
[2m11:56:20[22m   [32mÔûÂ[39m /_astro/nextjs-vs-angular-hero_Z16y6Co.webp [2m(reused cache entry)[22m [2m(+38ms)[22m [2m(530/553)[22m
[2m11:56:20[22m   [32mÔûÂ[39m /_astro/photo-1555066931-4365d14bab8c-aHR0cHM6_Z1sQPuN.webp [2m(reused cache entry)[22m [2m(+39ms)[22m [2m(531/553)[22m
[2m11:56:20[22m   [32mÔûÂ[39m /_astro/photo-1561070791-2526d30994b5-aHR0cHM6_14zY3P.webp [2m(reused cache entry)[22m [2m(+30ms)[22m [2m(532/553)[22m
[2m11:56:20[22m   [32mÔûÂ[39m /_astro/photo-1467232004584-a241de8bcf-aHR0cHM6_Z1001Wj.webp [2m(reused cache entry)[22m [2m(+21ms)[22m [2m(533/553)[22m
[2m11:56:20[22m   [32mÔûÂ[39m /_astro/how-ai-reduce-costs-and-boost-profits-for-business-hero_FOzLs.webp [2m(reused cache entry)[22m [2m(+20ms)[22m [2m(534/553)[22m
[2m11:56:20[22m   [32mÔûÂ[39m /_astro/photo-1472099645785-5658abf4ff-aHR0cHM6_kkRV.webp [2m(reused cache entry)[22m [2m(+7ms)[22m [2m(535/553)[22m
[2m11:56:20[22m   [32mÔûÂ[39m /_astro/photo-1485827404703-89b55fcc59-aHR0cHM6_DsoLi.webp [2m(reused cache entry)[22m [2m(+15ms)[22m [2m(536/553)[22m
[2m11:56:20[22m   [32mÔûÂ[39m /_astro/photo-1558494949-ef010cbdcc31-aHR0cHM6_1zTuN.webp [2m(reused cache entry)[22m [2m(+14ms)[22m [2m(537/553)[22m
[2m11:56:20[22m   [32mÔûÂ[39m /_astro/photo-1438761681033-6461ffad8d-aHR0cHM6_1xio5.webp [2m(reused cache entry)[22m [2m(+10ms)[22m [2m(538/553)[22m
[2m11:56:20[22m   [32mÔûÂ[39m /_astro/photo-1467232004584-a241de8bcf-aHR0cHM6_vpj0n.webp [2m(reused cache entry)[22m [2m(+9ms)[22m [2m(539/553)[22m
[2m11:56:20[22m   [32mÔûÂ[39m /_astro/photo-1555066931-4365d14bab8c-aHR0cHM6_12hnEF.webp [2m(reused cache entry)[22m [2m(+10ms)[22m [2m(540/553)[22m
[2m11:56:20[22m   [32mÔûÂ[39m /_astro/photo-1561070791-2526d30994b5-aHR0cHM6_1tVUa.webp [2m(reused cache entry)[22m [2m(+10ms)[22m [2m(541/553)[22m
[2m11:56:20[22m   [32mÔûÂ[39m /_astro/sveltekit_Z2j5jOD.jpg [2m(reused cache entry)[22m [2m(+13ms)[22m [2m(542/553)[22m
[2m11:56:20[22m   [32mÔûÂ[39m /_astro/photo-1472099645785-5658abf4ff-aHR0cHM6_8AQDj.webp [2m(reused cache entry)[22m [2m(+13ms)[22m [2m(543/553)[22m
[2m11:56:20[22m   [32mÔûÂ[39m /_astro/photo-1485827404703-89b55fcc59-aHR0cHM6_1Fk9jj.webp [2m(reused cache entry)[22m [2m(+5ms)[22m [2m(544/553)[22m
[2m11:56:20[22m   [32mÔûÂ[39m /_astro/photo-1558494949-ef010cbdcc31-aHR0cHM6_ZBNFo2.webp [2m(reused cache entry)[22m [2m(+5ms)[22m [2m(545/553)[22m
[2m11:56:20[22m   [32mÔûÂ[39m /_astro/photo-1438761681033-6461ffad8d-aHR0cHM6_Z6Idmi.webp [2m(reused cache entry)[22m [2m(+5ms)[22m [2m(546/553)[22m
[2m11:56:20[22m   [32mÔûÂ[39m /_astro/nextjs_astro_Z2swdWS.jpg [2m(reused cache entry)[22m [2m(+5ms)[22m [2m(547/553)[22m
[2m11:56:20[22m   [32mÔûÂ[39m /_astro/photo-1555066931-4365d14bab8c-aHR0cHM6_Z1VHFQU.webp [2m(reused cache entry)[22m [2m(+6ms)[22m [2m(548/553)[22m
[2m11:56:20[22m   [32mÔûÂ[39m /_astro/photo-1561070791-2526d30994b5-aHR0cHM6_Z11B5dv.webp [2m(reused cache entry)[22m [2m(+7ms)[22m [2m(549/553)[22m
[2m11:56:20[22m   [32mÔûÂ[39m /_astro/photo-1558494949-ef010cbdcc31-aHR0cHM6_qhlJD.webp [2m(reused cache entry)[22m [2m(+4ms)[22m [2m(550/553)[22m
[2m11:56:20[22m   [32mÔûÂ[39m /_astro/photo-1555066931-4365d14bab8c-aHR0cHM6_Z13TFBF.webp [2m(reused cache entry)[22m [2m(+3ms)[22m [2m(551/553)[22m
[2m11:56:20[22m   [32mÔûÂ[39m /_astro/photo-1561070791-2526d30994b5-aHR0cHM6_Z2oBpv4.webp [2m(reused cache entry)[22m [2m(+3ms)[22m [2m(552/553)[22m
[2m11:56:20[22m   [32mÔûÂ[39m /_astro/photo-1558494949-ef010cbdcc31-aHR0cHM6_1tnnSj.webp [2m(reused cache entry)[22m [2m(+5ms)[22m [2m(553/553)[22m
[2m11:56:20[22m [32mÔ£ô Completed in 1.01s.
[39m
[2m11:56:20[22m [34m[build][39m Rearranging server assets...
[2m11:56:21[22m [34m[@astrojs/sitemap][39m `sitemap-index.xml` created at `dist`
Ô£ôÔÇüSuccessfully compressed a total of 1 CSS file for 1.31 KB.
[2m11:57:41[22m [34m[build][39m Waiting for integration [1m"astro-compress"[22m, hook [1m"astro:build:done"[22m...
Ô£ôÔÇüSuccessfully compressed a total of 503 HTML files for 3.11 MB.
Ô£ôÔÇüSuccessfully compressed a total of 18 JavaScript files for 216.37 KB.
Ô£ôÔÇüSuccessfully compressed a total of 1 JSON file for 519 Bytes.
[2m11:57:45[22m [34m[criztec][39m Updating `robots.txt` with `sitemap-index.xml` ...
[2m11:57:45[22m [34m[build][39m Server built in [1m160.74s[22m
[2m11:57:45[22m [34m[build][39m [1mComplete![22m
